---
source: objdiff-core/tests/arch_arm.rs
expression: obj
---
Object {
    arch: ArchArm {
        disasm_modes: {
            17: [
                DisasmMode {
                    address: 0,
                    mapping: Thumb,
                },
                DisasmMode {
                    address: 216,
                    mapping: Data,
                },
            ],
        },
        detected_version: None,
        endianness: Little,
    },
    endianness: Little,
    symbols: [
        Symbol {
            name: "$t",
            demangled_name: None,
            address: 0,
            size: 0,
            kind: Function,
            section: Some(
                17,
            ),
            flags: FlagSet(Local | Hidden),
            align: None,
            virtual_address: None,
        },
        Symbol {
            name: "$d",
            demangled_name: None,
            address: 216,
            size: 0,
            kind: Function,
            section: Some(
                17,
            ),
            flags: FlagSet(Local | Hidden),
            align: None,
            virtual_address: None,
        },
        Symbol {
            name: "[.debug_info]",
            demangled_name: None,
            address: 0,
            size: 70,
            kind: Section,
            section: Some(
                4,
            ),
            flags: FlagSet(Local),
            align: None,
            virtual_address: None,
        },
        Symbol {
            name: "[.debug_line]",
            demangled_name: None,
            address: 0,
            size: 91,
            kind: Section,
            section: Some(
                9,
            ),
            flags: FlagSet(Local),
            align: None,
            virtual_address: None,
        },
        Symbol {
            name: "[.debug_line]",
            demangled_name: None,
            address: 0,
            size: 0,
            kind: Section,
            section: Some(
                11,
            ),
            flags: FlagSet(Local),
            align: None,
            virtual_address: None,
        },
        Symbol {
            name: "[.debug_abbrev]",
            demangled_name: None,
            address: 0,
            size: 211,
            kind: Section,
            section: Some(
                16,
            ),
            flags: FlagSet(Local),
            align: None,
            virtual_address: None,
        },
        Symbol {
            name: "[.debug_pubnames]",
            demangled_name: None,
            address: 0,
            size: 18,
            kind: Section,
            section: Some(
                13,
            ),
            flags: FlagSet(Local),
            align: None,
            virtual_address: None,
        },
        Symbol {
            name: ".dwarf_type.102",
            demangled_name: None,
            address: 82,
            size: 6,
            kind: Object,
            section: Some(
                4,
            ),
            flags: FlagSet(Local),
            align: None,
            virtual_address: None,
        },
        Symbol {
            name: ".dwarf_type.103",
            demangled_name: None,
            address: 88,
            size: 1923,
            kind: Object,
            section: Some(
                4,
            ),
            flags: FlagSet(Local),
            align: None,
            virtual_address: None,
        },
        Symbol {
            name: ".dwarf_type.104",
            demangled_name: None,
            address: 2028,
            size: 6,
            kind: Object,
            section: Some(
                4,
            ),
            flags: FlagSet(Local),
            align: None,
            virtual_address: None,
        },
        Symbol {
            name: ".dwarf_type.105",
            demangled_name: None,
            address: 2034,
            size: 666,
            kind: Object,
            section: Some(
                4,
            ),
            flags: FlagSet(Local),
            align: None,
            virtual_address: None,
        },
        Symbol {
            name: ".dwarf_type.106",
            demangled_name: None,
            address: 2717,
            size: 6,
            kind: Object,
            section: Some(
                4,
            ),
            flags: FlagSet(Local),
            align: None,
            virtual_address: None,
        },
        Symbol {
            name: ".dwarf_type.107",
            demangled_name: None,
            address: 2723,
            size: 39,
            kind: Object,
            section: Some(
                4,
            ),
            flags: FlagSet(Local),
            align: None,
            virtual_address: None,
        },
        Symbol {
            name: ".dwarf_type.108",
            demangled_name: None,
            address: 2819,
            size: 6,
            kind: Object,
            section: Some(
                4,
            ),
            flags: FlagSet(Local),
            align: None,
            virtual_address: None,
        },
        Symbol {
            name: ".dwarf_type.109",
            demangled_name: None,
            address: 2825,
            size: 6,
            kind: Object,
            section: Some(
                4,
            ),
            flags: FlagSet(Local),
            align: None,
            virtual_address: None,
        },
        Symbol {
            name: ".dwarf_type.110",
            demangled_name: None,
            address: 2831,
            size: 1517,
            kind: Object,
            section: Some(
                4,
            ),
            flags: FlagSet(Local),
            align: None,
            virtual_address: None,
        },
        Symbol {
            name: ".dwarf_type.111",
            demangled_name: None,
            address: 4370,
            size: 6,
            kind: Object,
            section: Some(
                4,
            ),
            flags: FlagSet(Local),
            align: None,
            virtual_address: None,
        },
        Symbol {
            name: ".dwarf_type.112",
            demangled_name: None,
            address: 4376,
            size: 1199,
            kind: Object,
            section: Some(
                4,
            ),
            flags: FlagSet(Local),
            align: None,
            virtual_address: None,
        },
        Symbol {
            name: ".dwarf_type.113",
            demangled_name: None,
            address: 5672,
            size: 17,
            kind: Object,
            section: Some(
                4,
            ),
            flags: FlagSet(Local),
            align: None,
            virtual_address: None,
        },
        Symbol {
            name: ".dwarf_type.114",
            demangled_name: None,
            address: 5797,
            size: 6,
            kind: Object,
            section: Some(
                4,
            ),
            flags: FlagSet(Local),
            align: None,
            virtual_address: None,
        },
        Symbol {
            name: ".dwarf_type.115",
            demangled_name: None,
            address: 5803,
            size: 17,
            kind: Object,
            section: Some(
                4,
            ),
            flags: FlagSet(Local),
            align: None,
            virtual_address: None,
        },
        Symbol {
            name: ".dwarf_type.116",
            demangled_name: None,
            address: 5820,
            size: 6,
            kind: Object,
            section: Some(
                4,
            ),
            flags: FlagSet(Local),
            align: None,
            virtual_address: None,
        },
        Symbol {
            name: ".dwarf_type.117",
            demangled_name: None,
            address: 5826,
            size: 17,
            kind: Object,
            section: Some(
                4,
            ),
            flags: FlagSet(Local),
            align: None,
            virtual_address: None,
        },
        Symbol {
            name: ".dwarf_type.118",
            demangled_name: None,
            address: 5843,
            size: 6,
            kind: Object,
            section: Some(
                4,
            ),
            flags: FlagSet(Local),
            align: None,
            virtual_address: None,
        },
        Symbol {
            name: ".dwarf_type.119",
            demangled_name: None,
            address: 5849,
            size: 17,
            kind: Object,
            section: Some(
                4,
            ),
            flags: FlagSet(Local),
            align: None,
            virtual_address: None,
        },
        Symbol {
            name: ".dwarf_type.120",
            demangled_name: None,
            address: 5866,
            size: 17,
            kind: Object,
            section: Some(
                4,
            ),
            flags: FlagSet(Local),
            align: None,
            virtual_address: None,
        },
        Symbol {
            name: ".dwarf_type.121",
            demangled_name: None,
            address: 5883,
            size: 6,
            kind: Object,
            section: Some(
                4,
            ),
            flags: FlagSet(Local),
            align: None,
            virtual_address: None,
        },
        Symbol {
            name: ".dwarf_type.122",
            demangled_name: None,
            address: 5889,
            size: 17,
            kind: Object,
            section: Some(
                4,
            ),
            flags: FlagSet(Local),
            align: None,
            virtual_address: None,
        },
        Symbol {
            name: ".dwarf_type.123",
            demangled_name: None,
            address: 5906,
            size: 6,
            kind: Object,
            section: Some(
                4,
            ),
            flags: FlagSet(Local),
            align: None,
            virtual_address: None,
        },
        Symbol {
            name: ".dwarf_type.124",
            demangled_name: None,
            address: 5912,
            size: 6,
            kind: Object,
            section: Some(
                4,
            ),
            flags: FlagSet(Local),
            align: None,
            virtual_address: None,
        },
        Symbol {
            name: ".dwarf_type.125",
            demangled_name: None,
            address: 5918,
            size: 6,
            kind: Object,
            section: Some(
                4,
            ),
            flags: FlagSet(Local),
            align: None,
            virtual_address: None,
        },
        Symbol {
            name: ".dwarf_type.126",
            demangled_name: None,
            address: 5924,
            size: 6,
            kind: Object,
            section: Some(
                4,
            ),
            flags: FlagSet(Local),
            align: None,
            virtual_address: None,
        },
        Symbol {
            name: ".dwarf_type.127",
            demangled_name: None,
            address: 5930,
            size: 6,
            kind: Object,
            section: Some(
                4,
            ),
            flags: FlagSet(Local),
            align: None,
            virtual_address: None,
        },
        Symbol {
            name: ".dwarf_type.128",
            demangled_name: None,
            address: 5936,
            size: 6,
            kind: Object,
            section: Some(
                4,
            ),
            flags: FlagSet(Local),
            align: None,
            virtual_address: None,
        },
        Symbol {
            name: ".dwarf_type.129",
            demangled_name: None,
            address: 5942,
            size: 17,
            kind: Object,
            section: Some(
                4,
            ),
            flags: FlagSet(Local),
            align: None,
            virtual_address: None,
        },
        Symbol {
            name: ".dwarf_type.130",
            demangled_name: None,
            address: 5959,
            size: 17,
            kind: Object,
            section: Some(
                4,
            ),
            flags: FlagSet(Local),
            align: None,
            virtual_address: None,
        },
        Symbol {
            name: ".dwarf_type.131",
            demangled_name: None,
            address: 5976,
            size: 17,
            kind: Object,
            section: Some(
                4,
            ),
            flags: FlagSet(Local),
            align: None,
            virtual_address: None,
        },
        Symbol {
            name: ".dwarf_type.132",
            demangled_name: None,
            address: 5993,
            size: 6,
            kind: Object,
            section: Some(
                4,
            ),
            flags: FlagSet(Local),
            align: None,
            virtual_address: None,
        },
        Symbol {
            name: ".dwarf_type.133",
            demangled_name: None,
            address: 6090,
            size: 17,
            kind: Object,
            section: Some(
                4,
            ),
            flags: FlagSet(Local),
            align: None,
            virtual_address: None,
        },
        Symbol {
            name: ".dwarf_type.134",
            demangled_name: None,
            address: 6107,
            size: 289,
            kind: Object,
            section: Some(
                4,
            ),
            flags: FlagSet(Local),
            align: None,
            virtual_address: None,
        },
        Symbol {
            name: ".dwarf_type.135",
            demangled_name: None,
            address: 6423,
            size: 17,
            kind: Object,
            section: Some(
                4,
            ),
            flags: FlagSet(Local),
            align: None,
            virtual_address: None,
        },
        Symbol {
            name: ".dwarf_type.136",
            demangled_name: None,
            address: 6440,
            size: 17,
            kind: Object,
            section: Some(
                4,
            ),
            flags: FlagSet(Local),
            align: None,
            virtual_address: None,
        },
        Symbol {
            name: ".dwarf_type.137",
            demangled_name: None,
            address: 6457,
            size: 6,
            kind: Object,
            section: Some(
                4,
            ),
            flags: FlagSet(Local),
            align: None,
            virtual_address: None,
        },
        Symbol {
            name: ".dwarf_type.138",
            demangled_name: None,
            address: 6463,
            size: 17,
            kind: Object,
            section: Some(
                4,
            ),
            flags: FlagSet(Local),
            align: None,
            virtual_address: None,
        },
        Symbol {
            name: ".dwarf_type.139",
            demangled_name: None,
            address: 6480,
            size: 6,
            kind: Object,
            section: Some(
                4,
            ),
            flags: FlagSet(Local),
            align: None,
            virtual_address: None,
        },
        Symbol {
            name: ".dwarf_type.140",
            demangled_name: None,
            address: 6486,
            size: 17,
            kind: Object,
            section: Some(
                4,
            ),
            flags: FlagSet(Local),
            align: None,
            virtual_address: None,
        },
        Symbol {
            name: ".dwarf_type.141",
            demangled_name: None,
            address: 6503,
            size: 360,
            kind: Object,
            section: Some(
                4,
            ),
            flags: FlagSet(Local),
            align: None,
            virtual_address: None,
        },
        Symbol {
            name: ".dwarf_type.142",
            demangled_name: None,
            address: 6882,
            size: 6,
            kind: Object,
            section: Some(
                4,
            ),
            flags: FlagSet(Local),
            align: None,
            virtual_address: None,
        },
        Symbol {
            name: ".dwarf_type.143",
            demangled_name: None,
            address: 6888,
            size: 6,
            kind: Object,
            section: Some(
                4,
            ),
            flags: FlagSet(Local),
            align: None,
            virtual_address: None,
        },
        Symbol {
            name: ".dwarf_type.144",
            demangled_name: None,
            address: 6894,
            size: 6,
            kind: Object,
            section: Some(
                4,
            ),
            flags: FlagSet(Local),
            align: None,
            virtual_address: None,
        },
        Symbol {
            name: ".dwarf_type.145",
            demangled_name: None,
            address: 6900,
            size: 17,
            kind: Object,
            section: Some(
                4,
            ),
            flags: FlagSet(Local),
            align: None,
            virtual_address: None,
        },
        Symbol {
            name: ".dwarf_type.146",
            demangled_name: None,
            address: 6917,
            size: 6,
            kind: Object,
            section: Some(
                4,
            ),
            flags: FlagSet(Local),
            align: None,
            virtual_address: None,
        },
        Symbol {
            name: ".dwarf_type.147",
            demangled_name: None,
            address: 6923,
            size: 17,
            kind: Object,
            section: Some(
                4,
            ),
            flags: FlagSet(Local),
            align: None,
            virtual_address: None,
        },
        Symbol {
            name: ".dwarf_type.148",
            demangled_name: None,
            address: 6940,
            size: 127,
            kind: Object,
            section: Some(
                4,
            ),
            flags: FlagSet(Local),
            align: None,
            virtual_address: None,
        },
        Symbol {
            name: ".dwarf_type.149",
            demangled_name: None,
            address: 7081,
            size: 6,
            kind: Object,
            section: Some(
                4,
            ),
            flags: FlagSet(Local),
            align: None,
            virtual_address: None,
        },
        Symbol {
            name: ".dwarf_type.150",
            demangled_name: None,
            address: 7087,
            size: 17,
            kind: Object,
            section: Some(
                4,
            ),
            flags: FlagSet(Local),
            align: None,
            virtual_address: None,
        },
        Symbol {
            name: ".dwarf_type.151",
            demangled_name: None,
            address: 7104,
            size: 102,
            kind: Object,
            section: Some(
                4,
            ),
            flags: FlagSet(Local),
            align: None,
            virtual_address: None,
        },
        Symbol {
            name: ".dwarf_type.152",
            demangled_name: None,
            address: 7222,
            size: 17,
            kind: Object,
            section: Some(
                4,
            ),
            flags: FlagSet(Local),
            align: None,
            virtual_address: None,
        },
        Symbol {
            name: ".dwarf_type.153",
            demangled_name: None,
            address: 7239,
            size: 6,
            kind: Object,
            section: Some(
                4,
            ),
            flags: FlagSet(Local),
            align: None,
            virtual_address: None,
        },
        Symbol {
            name: ".dwarf_type.154",
            demangled_name: None,
            address: 7245,
            size: 17,
            kind: Object,
            section: Some(
                4,
            ),
            flags: FlagSet(Local),
            align: None,
            virtual_address: None,
        },
        Symbol {
            name: ".dwarf_type.155",
            demangled_name: None,
            address: 7262,
            size: 6,
            kind: Object,
            section: Some(
                4,
            ),
            flags: FlagSet(Local),
            align: None,
            virtual_address: None,
        },
        Symbol {
            name: ".dwarf_type.156",
            demangled_name: None,
            address: 7268,
            size: 82,
            kind: Object,
            section: Some(
                4,
            ),
            flags: FlagSet(Local),
            align: None,
            virtual_address: None,
        },
        Symbol {
            name: ".dwarf_type.157",
            demangled_name: None,
            address: 7366,
            size: 17,
            kind: Object,
            section: Some(
                4,
            ),
            flags: FlagSet(Local),
            align: None,
            virtual_address: None,
        },
        Symbol {
            name: ".dwarf_type.158",
            demangled_name: None,
            address: 7383,
            size: 6,
            kind: Object,
            section: Some(
                4,
            ),
            flags: FlagSet(Local),
            align: None,
            virtual_address: None,
        },
        Symbol {
            name: ".dwarf_type.159",
            demangled_name: None,
            address: 7389,
            size: 17,
            kind: Object,
            section: Some(
                4,
            ),
            flags: FlagSet(Local),
            align: None,
            virtual_address: None,
        },
        Symbol {
            name: ".dwarf_type.160",
            demangled_name: None,
            address: 7406,
            size: 6,
            kind: Object,
            section: Some(
                4,
            ),
            flags: FlagSet(Local),
            align: None,
            virtual_address: None,
        },
        Symbol {
            name: ".dwarf_type.161",
            demangled_name: None,
            address: 7412,
            size: 17,
            kind: Object,
            section: Some(
                4,
            ),
            flags: FlagSet(Local),
            align: None,
            virtual_address: None,
        },
        Symbol {
            name: ".dwarf_type.162",
            demangled_name: None,
            address: 7429,
            size: 6,
            kind: Object,
            section: Some(
                4,
            ),
            flags: FlagSet(Local),
            align: None,
            virtual_address: None,
        },
        Symbol {
            name: ".dwarf_type.163",
            demangled_name: None,
            address: 7435,
            size: 17,
            kind: Object,
            section: Some(
                4,
            ),
            flags: FlagSet(Local),
            align: None,
            virtual_address: None,
        },
        Symbol {
            name: ".dwarf_type.164",
            demangled_name: None,
            address: 7452,
            size: 6,
            kind: Object,
            section: Some(
                4,
            ),
            flags: FlagSet(Local),
            align: None,
            virtual_address: None,
        },
        Symbol {
            name: ".dwarf_type.165",
            demangled_name: None,
            address: 7458,
            size: 6,
            kind: Object,
            section: Some(
                4,
            ),
            flags: FlagSet(Local),
            align: None,
            virtual_address: None,
        },
        Symbol {
            name: ".dwarf_type.166",
            demangled_name: None,
            address: 7464,
            size: 6,
            kind: Object,
            section: Some(
                4,
            ),
            flags: FlagSet(Local),
            align: None,
            virtual_address: None,
        },
        Symbol {
            name: ".dwarf_type.167",
            demangled_name: None,
            address: 7470,
            size: 6,
            kind: Object,
            section: Some(
                4,
            ),
            flags: FlagSet(Local),
            align: None,
            virtual_address: None,
        },
        Symbol {
            name: ".dwarf_type.168",
            demangled_name: None,
            address: 7476,
            size: 6,
            kind: Object,
            section: Some(
                4,
            ),
            flags: FlagSet(Local),
            align: None,
            virtual_address: None,
        },
        Symbol {
            name: ".dwarf_type.169",
            demangled_name: None,
            address: 7482,
            size: 22,
            kind: Object,
            section: Some(
                4,
            ),
            flags: FlagSet(Local),
            align: None,
            virtual_address: None,
        },
        Symbol {
            name: ".dwarf_type.170",
            demangled_name: None,
            address: 7517,
            size: 17,
            kind: Object,
            section: Some(
                4,
            ),
            flags: FlagSet(Local),
            align: None,
            virtual_address: None,
        },
        Symbol {
            name: ".dwarf_type.171",
            demangled_name: None,
            address: 7534,
            size: 17,
            kind: Object,
            section: Some(
                4,
            ),
            flags: FlagSet(Local),
            align: None,
            virtual_address: None,
        },
        Symbol {
            name: ".dwarf_type.172",
            demangled_name: None,
            address: 7551,
            size: 17,
            kind: Object,
            section: Some(
                4,
            ),
            flags: FlagSet(Local),
            align: None,
            virtual_address: None,
        },
        Symbol {
            name: ".dwarf_type.173",
            demangled_name: None,
            address: 7568,
            size: 204,
            kind: Object,
            section: Some(
                4,
            ),
            flags: FlagSet(Local),
            align: None,
            virtual_address: None,
        },
        Symbol {
            name: ".dwarf_type.174",
            demangled_name: None,
            address: 7798,
            size: 17,
            kind: Object,
            section: Some(
                4,
            ),
            flags: FlagSet(Local),
            align: None,
            virtual_address: None,
        },
        Symbol {
            name: ".dwarf_type.175",
            demangled_name: None,
            address: 7815,
            size: 48,
            kind: Object,
            section: Some(
                4,
            ),
            flags: FlagSet(Local),
            align: None,
            virtual_address: None,
        },
        Symbol {
            name: ".dwarf_type.176",
            demangled_name: None,
            address: 7880,
            size: 17,
            kind: Object,
            section: Some(
                4,
            ),
            flags: FlagSet(Local),
            align: None,
            virtual_address: None,
        },
        Symbol {
            name: ".dwarf_type.177",
            demangled_name: None,
            address: 7897,
            size: 81,
            kind: Object,
            section: Some(
                4,
            ),
            flags: FlagSet(Local),
            align: None,
            virtual_address: None,
        },
        Symbol {
            name: ".dwarf_type.178",
            demangled_name: None,
            address: 7999,
            size: 6,
            kind: Object,
            section: Some(
                4,
            ),
            flags: FlagSet(Local),
            align: None,
            virtual_address: None,
        },
        Symbol {
            name: ".dwarf_type.179",
            demangled_name: None,
            address: 8005,
            size: 39,
            kind: Object,
            section: Some(
                4,
            ),
            flags: FlagSet(Local),
            align: None,
            virtual_address: None,
        },
        Symbol {
            name: ".dwarf_type.180",
            demangled_name: None,
            address: 8044,
            size: 6,
            kind: Object,
            section: Some(
                4,
            ),
            flags: FlagSet(Local),
            align: None,
            virtual_address: None,
        },
        Symbol {
            name: ".dwarf_type.181",
            demangled_name: None,
            address: 8050,
            size: 6,
            kind: Object,
            section: Some(
                4,
            ),
            flags: FlagSet(Local),
            align: None,
            virtual_address: None,
        },
        Symbol {
            name: ".dwarf_type.182",
            demangled_name: None,
            address: 8056,
            size: 39,
            kind: Object,
            section: Some(
                4,
            ),
            flags: FlagSet(Local),
            align: None,
            virtual_address: None,
        },
        Symbol {
            name: ".dwarf_type.183",
            demangled_name: None,
            address: 8095,
            size: 6,
            kind: Object,
            section: Some(
                4,
            ),
            flags: FlagSet(Local),
            align: None,
            virtual_address: None,
        },
        Symbol {
            name: ".dwarf_type.184",
            demangled_name: None,
            address: 8101,
            size: 6,
            kind: Object,
            section: Some(
                4,
            ),
            flags: FlagSet(Local),
            align: None,
            virtual_address: None,
        },
        Symbol {
            name: ".dwarf_type.185",
            demangled_name: None,
            address: 8107,
            size: 9,
            kind: Object,
            section: Some(
                4,
            ),
            flags: FlagSet(Local),
            align: None,
            virtual_address: None,
        },
        Symbol {
            name: ".dwarf_type.186",
            demangled_name: None,
            address: 8116,
            size: 6,
            kind: Object,
            section: Some(
                4,
            ),
            flags: FlagSet(Local),
            align: None,
            virtual_address: None,
        },
        Symbol {
            name: ".dwarf_type.187",
            demangled_name: None,
            address: 8122,
            size: 61,
            kind: Object,
            section: Some(
                4,
            ),
            flags: FlagSet(Local),
            align: None,
            virtual_address: None,
        },
        Symbol {
            name: ".dwarf_type.188",
            demangled_name: None,
            address: 8231,
            size: 6,
            kind: Object,
            section: Some(
                4,
            ),
            flags: FlagSet(Local),
            align: None,
            virtual_address: None,
        },
        Symbol {
            name: ".dwarf_type.189",
            demangled_name: None,
            address: 8237,
            size: 17,
            kind: Object,
            section: Some(
                4,
            ),
            flags: FlagSet(Local),
            align: None,
            virtual_address: None,
        },
        Symbol {
            name: ".dwarf_type.190",
            demangled_name: None,
            address: 8254,
            size: 142,
            kind: Object,
            section: Some(
                4,
            ),
            flags: FlagSet(Local),
            align: None,
            virtual_address: None,
        },
        Symbol {
            name: ".dwarf_type.191",
            demangled_name: None,
            address: 8412,
            size: 6,
            kind: Object,
            section: Some(
                4,
            ),
            flags: FlagSet(Local),
            align: None,
            virtual_address: None,
        },
        Symbol {
            name: ".dwarf_type.192",
            demangled_name: None,
            address: 8418,
            size: 6,
            kind: Object,
            section: Some(
                4,
            ),
            flags: FlagSet(Local),
            align: None,
            virtual_address: None,
        },
        Symbol {
            name: ".dwarf_type.193",
            demangled_name: None,
            address: 8424,
            size: 6,
            kind: Object,
            section: Some(
                4,
            ),
            flags: FlagSet(Local),
            align: None,
            virtual_address: None,
        },
        Symbol {
            name: ".dwarf_type.194",
            demangled_name: None,
            address: 8430,
            size: 17,
            kind: Object,
            section: Some(
                4,
            ),
            flags: FlagSet(Local),
            align: None,
            virtual_address: None,
        },
        Symbol {
            name: ".dwarf_type.195",
            demangled_name: None,
            address: 8447,
            size: 53,
            kind: Object,
            section: Some(
                4,
            ),
            flags: FlagSet(Local),
            align: None,
            virtual_address: None,
        },
        Symbol {
            name: ".dwarf_type.196",
            demangled_name: None,
            address: 8525,
            size: 6,
            kind: Object,
            section: Some(
                4,
            ),
            flags: FlagSet(Local),
            align: None,
            virtual_address: None,
        },
        Symbol {
            name: ".dwarf_type.197",
            demangled_name: None,
            address: 8531,
            size: 45,
            kind: Object,
            section: Some(
                4,
            ),
            flags: FlagSet(Local),
            align: None,
            virtual_address: None,
        },
        Symbol {
            name: ".dwarf_type.198",
            demangled_name: None,
            address: 8594,
            size: 17,
            kind: Object,
            section: Some(
                4,
            ),
            flags: FlagSet(Local),
            align: None,
            virtual_address: None,
        },
        Symbol {
            name: ".dwarf_type.199",
            demangled_name: None,
            address: 8611,
            size: 17,
            kind: Object,
            section: Some(
                4,
            ),
            flags: FlagSet(Local),
            align: None,
            virtual_address: None,
        },
        Symbol {
            name: ".dwarf_type.200",
            demangled_name: None,
            address: 8628,
            size: 120,
            kind: Object,
            section: Some(
                4,
            ),
            flags: FlagSet(Local),
            align: None,
            virtual_address: None,
        },
        Symbol {
            name: ".dwarf_type.201",
            demangled_name: None,
            address: 8771,
            size: 55,
            kind: Object,
            section: Some(
                4,
            ),
            flags: FlagSet(Local),
            align: None,
            virtual_address: None,
        },
        Symbol {
            name: ".dwarf_type.202",
            demangled_name: None,
            address: 8826,
            size: 116,
            kind: Object,
            section: Some(
                4,
            ),
            flags: FlagSet(Local),
            align: None,
            virtual_address: None,
        },
        Symbol {
            name: ".dwarf_type.203",
            demangled_name: None,
            address: 8942,
            size: 195,
            kind: Object,
            section: Some(
                4,
            ),
            flags: FlagSet(Local),
            align: None,
            virtual_address: None,
        },
        Symbol {
            name: ".dwarf_type.204",
            demangled_name: None,
            address: 9137,
            size: 75,
            kind: Object,
            section: Some(
                4,
            ),
            flags: FlagSet(Local),
            align: None,
            virtual_address: None,
        },
        Symbol {
            name: ".dwarf_type.205",
            demangled_name: None,
            address: 9212,
            size: 132,
            kind: Object,
            section: Some(
                4,
            ),
            flags: FlagSet(Local),
            align: None,
            virtual_address: None,
        },
        Symbol {
            name: ".dwarf_type.206",
            demangled_name: None,
            address: 9344,
            size: 17,
            kind: Object,
            section: Some(
                4,
            ),
            flags: FlagSet(Local),
            align: None,
            virtual_address: None,
        },
        Symbol {
            name: ".dwarf_type.207",
            demangled_name: None,
            address: 9361,
            size: 70,
            kind: Object,
            section: Some(
                4,
            ),
            flags: FlagSet(Local),
            align: None,
            virtual_address: None,
        },
        Symbol {
            name: ".dwarf_type.208",
            demangled_name: None,
            address: 9443,
            size: 17,
            kind: Object,
            section: Some(
                4,
            ),
            flags: FlagSet(Local),
            align: None,
            virtual_address: None,
        },
        Symbol {
            name: ".dwarf_type.209",
            demangled_name: None,
            address: 9460,
            size: 6,
            kind: Object,
            section: Some(
                4,
            ),
            flags: FlagSet(Local),
            align: None,
            virtual_address: None,
        },
        Symbol {
            name: ".dwarf_type.210",
            demangled_name: None,
            address: 9466,
            size: 17,
            kind: Object,
            section: Some(
                4,
            ),
            flags: FlagSet(Local),
            align: None,
            virtual_address: None,
        },
        Symbol {
            name: ".dwarf_type.211",
            demangled_name: None,
            address: 9483,
            size: 6,
            kind: Object,
            section: Some(
                4,
            ),
            flags: FlagSet(Local),
            align: None,
            virtual_address: None,
        },
        Symbol {
            name: ".dwarf_type.212",
            demangled_name: None,
            address: 9489,
            size: 6,
            kind: Object,
            section: Some(
                4,
            ),
            flags: FlagSet(Local),
            align: None,
            virtual_address: None,
        },
        Symbol {
            name: ".dwarf_type.213",
            demangled_name: None,
            address: 9495,
            size: 6,
            kind: Object,
            section: Some(
                4,
            ),
            flags: FlagSet(Local),
            align: None,
            virtual_address: None,
        },
        Symbol {
            name: ".dwarf_type.214",
            demangled_name: None,
            address: 9501,
            size: 48,
            kind: Object,
            section: Some(
                4,
            ),
            flags: FlagSet(Local),
            align: None,
            virtual_address: None,
        },
        Symbol {
            name: ".dwarf_type.215",
            demangled_name: None,
            address: 9563,
            size: 17,
            kind: Object,
            section: Some(
                4,
            ),
            flags: FlagSet(Local),
            align: None,
            virtual_address: None,
        },
        Symbol {
            name: ".dwarf_type.216",
            demangled_name: None,
            address: 9580,
            size: 89,
            kind: Object,
            section: Some(
                4,
            ),
            flags: FlagSet(Local),
            align: None,
            virtual_address: None,
        },
        Symbol {
            name: ".dwarf_type.217",
            demangled_name: None,
            address: 9669,
            size: 33,
            kind: Object,
            section: Some(
                4,
            ),
            flags: FlagSet(Local),
            align: None,
            virtual_address: None,
        },
        Symbol {
            name: ".dwarf_type.218",
            demangled_name: None,
            address: 9716,
            size: 17,
            kind: Object,
            section: Some(
                4,
            ),
            flags: FlagSet(Local),
            align: None,
            virtual_address: None,
        },
        Symbol {
            name: ".dwarf_type.219",
            demangled_name: None,
            address: 9733,
            size: 73,
            kind: Object,
            section: Some(
                4,
            ),
            flags: FlagSet(Local),
            align: None,
            virtual_address: None,
        },
        Symbol {
            name: ".dwarf_type.220",
            demangled_name: None,
            address: 9817,
            size: 17,
            kind: Object,
            section: Some(
                4,
            ),
            flags: FlagSet(Local),
            align: None,
            virtual_address: None,
        },
        Symbol {
            name: ".dwarf_type.221",
            demangled_name: None,
            address: 9834,
            size: 17,
            kind: Object,
            section: Some(
                4,
            ),
            flags: FlagSet(Local),
            align: None,
            virtual_address: None,
        },
        Symbol {
            name: ".dwarf_type.222",
            demangled_name: None,
            address: 9851,
            size: 6,
            kind: Object,
            section: Some(
                4,
            ),
            flags: FlagSet(Local),
            align: None,
            virtual_address: None,
        },
        Symbol {
            name: ".dwarf_type.223",
            demangled_name: None,
            address: 9857,
            size: 202,
            kind: Object,
            section: Some(
                4,
            ),
            flags: FlagSet(Local),
            align: None,
            virtual_address: None,
        },
        Symbol {
            name: ".dwarf_type.224",
            demangled_name: None,
            address: 10078,
            size: 234,
            kind: Object,
            section: Some(
                4,
            ),
            flags: FlagSet(Local),
            align: None,
            virtual_address: None,
        },
        Symbol {
            name: ".dwarf_type.225",
            demangled_name: None,
            address: 10312,
            size: 197,
            kind: Object,
            section: Some(
                4,
            ),
            flags: FlagSet(Local),
            align: None,
            virtual_address: None,
        },
        Symbol {
            name: ".dwarf_type.226",
            demangled_name: None,
            address: 10509,
            size: 6,
            kind: Object,
            section: Some(
                4,
            ),
            flags: FlagSet(Local),
            align: None,
            virtual_address: None,
        },
        Symbol {
            name: ".dwarf_type.227",
            demangled_name: None,
            address: 10515,
            size: 6,
            kind: Object,
            section: Some(
                4,
            ),
            flags: FlagSet(Local),
            align: None,
            virtual_address: None,
        },
        Symbol {
            name: ".dwarf_type.228",
            demangled_name: None,
            address: 10521,
            size: 107,
            kind: Object,
            section: Some(
                4,
            ),
            flags: FlagSet(Local),
            align: None,
            virtual_address: None,
        },
        Symbol {
            name: ".dwarf_type.229",
            demangled_name: None,
            address: 10649,
            size: 17,
            kind: Object,
            section: Some(
                4,
            ),
            flags: FlagSet(Local),
            align: None,
            virtual_address: None,
        },
        Symbol {
            name: ".dwarf_type.230",
            demangled_name: None,
            address: 10666,
            size: 17,
            kind: Object,
            section: Some(
                4,
            ),
            flags: FlagSet(Local),
            align: None,
            virtual_address: None,
        },
        Symbol {
            name: ".dwarf_type.231",
            demangled_name: None,
            address: 10683,
            size: 17,
            kind: Object,
            section: Some(
                4,
            ),
            flags: FlagSet(Local),
            align: None,
            virtual_address: None,
        },
        Symbol {
            name: ".dwarf_type.232",
            demangled_name: None,
            address: 10700,
            size: 17,
            kind: Object,
            section: Some(
                4,
            ),
            flags: FlagSet(Local),
            align: None,
            virtual_address: None,
        },
        Symbol {
            name: ".dwarf_type.233",
            demangled_name: None,
            address: 10717,
            size: 17,
            kind: Object,
            section: Some(
                4,
            ),
            flags: FlagSet(Local),
            align: None,
            virtual_address: None,
        },
        Symbol {
            name: ".dwarf_type.234",
            demangled_name: None,
            address: 10734,
            size: 66,
            kind: Object,
            section: Some(
                4,
            ),
            flags: FlagSet(Local),
            align: None,
            virtual_address: None,
        },
        Symbol {
            name: ".dwarf_type.235",
            demangled_name: None,
            address: 10819,
            size: 17,
            kind: Object,
            section: Some(
                4,
            ),
            flags: FlagSet(Local),
            align: None,
            virtual_address: None,
        },
        Symbol {
            name: ".dwarf_type.236",
            demangled_name: None,
            address: 10836,
            size: 25,
            kind: Object,
            section: Some(
                4,
            ),
            flags: FlagSet(Local),
            align: None,
            virtual_address: None,
        },
        Symbol {
            name: ".dwarf_type.237",
            demangled_name: None,
            address: 10896,
            size: 17,
            kind: Object,
            section: Some(
                4,
            ),
            flags: FlagSet(Local),
            align: None,
            virtual_address: None,
        },
        Symbol {
            name: ".dwarf_type.238",
            demangled_name: None,
            address: 10913,
            size: 17,
            kind: Object,
            section: Some(
                4,
            ),
            flags: FlagSet(Local),
            align: None,
            virtual_address: None,
        },
        Symbol {
            name: ".dwarf_type.239",
            demangled_name: None,
            address: 10930,
            size: 17,
            kind: Object,
            section: Some(
                4,
            ),
            flags: FlagSet(Local),
            align: None,
            virtual_address: None,
        },
        Symbol {
            name: ".dwarf_type.240",
            demangled_name: None,
            address: 10947,
            size: 17,
            kind: Object,
            section: Some(
                4,
            ),
            flags: FlagSet(Local),
            align: None,
            virtual_address: None,
        },
        Symbol {
            name: ".dwarf_type.241",
            demangled_name: None,
            address: 10964,
            size: 17,
            kind: Object,
            section: Some(
                4,
            ),
            flags: FlagSet(Local),
            align: None,
            virtual_address: None,
        },
        Symbol {
            name: ".dwarf_type.242",
            demangled_name: None,
            address: 10981,
            size: 17,
            kind: Object,
            section: Some(
                4,
            ),
            flags: FlagSet(Local),
            align: None,
            virtual_address: None,
        },
        Symbol {
            name: ".dwarf_type.243",
            demangled_name: None,
            address: 10998,
            size: 17,
            kind: Object,
            section: Some(
                4,
            ),
            flags: FlagSet(Local),
            align: None,
            virtual_address: None,
        },
        Symbol {
            name: ".dwarf_type.244",
            demangled_name: None,
            address: 11015,
            size: 17,
            kind: Object,
            section: Some(
                4,
            ),
            flags: FlagSet(Local),
            align: None,
            virtual_address: None,
        },
        Symbol {
            name: ".dwarf_type.245",
            demangled_name: None,
            address: 11032,
            size: 17,
            kind: Object,
            section: Some(
                4,
            ),
            flags: FlagSet(Local),
            align: None,
            virtual_address: None,
        },
        Symbol {
            name: ".dwarf_type.246",
            demangled_name: None,
            address: 11049,
            size: 149,
            kind: Object,
            section: Some(
                4,
            ),
            flags: FlagSet(Local),
            align: None,
            virtual_address: None,
        },
        Symbol {
            name: ".dwarf_type.247",
            demangled_name: None,
            address: 11222,
            size: 6,
            kind: Object,
            section: Some(
                4,
            ),
            flags: FlagSet(Local),
            align: None,
            virtual_address: None,
        },
        Symbol {
            name: ".dwarf_type.248",
            demangled_name: None,
            address: 11228,
            size: 83,
            kind: Object,
            section: Some(
                4,
            ),
            flags: FlagSet(Local),
            align: None,
            virtual_address: None,
        },
        Symbol {
            name: ".dwarf_type.249",
            demangled_name: None,
            address: 11331,
            size: 6,
            kind: Object,
            section: Some(
                4,
            ),
            flags: FlagSet(Local),
            align: None,
            virtual_address: None,
        },
        Symbol {
            name: ".dwarf_type.250",
            demangled_name: None,
            address: 11337,
            size: 6,
            kind: Object,
            section: Some(
                4,
            ),
            flags: FlagSet(Local),
            align: None,
            virtual_address: None,
        },
        Symbol {
            name: ".dwarf_type.251",
            demangled_name: None,
            address: 11343,
            size: 6,
            kind: Object,
            section: Some(
                4,
            ),
            flags: FlagSet(Local),
            align: None,
            virtual_address: None,
        },
        Symbol {
            name: ".dwarf_type.252",
            demangled_name: None,
            address: 11349,
            size: 6,
            kind: Object,
            section: Some(
                4,
            ),
            flags: FlagSet(Local),
            align: None,
            virtual_address: None,
        },
        Symbol {
            name: ".dwarf_type.253",
            demangled_name: None,
            address: 11355,
            size: 17,
            kind: Object,
            section: Some(
                4,
            ),
            flags: FlagSet(Local),
            align: None,
            virtual_address: None,
        },
        Symbol {
            name: ".dwarf_type.254",
            demangled_name: None,
            address: 11372,
            size: 17,
            kind: Object,
            section: Some(
                4,
            ),
            flags: FlagSet(Local),
            align: None,
            virtual_address: None,
        },
        Symbol {
            name: ".dwarf_type.255",
            demangled_name: None,
            address: 11389,
            size: 243,
            kind: Object,
            section: Some(
                4,
            ),
            flags: FlagSet(Local),
            align: None,
            virtual_address: None,
        },
        Symbol {
            name: ".dwarf_type.256",
            demangled_name: None,
            address: 11646,
            size: 17,
            kind: Object,
            section: Some(
                4,
            ),
            flags: FlagSet(Local),
            align: None,
            virtual_address: None,
        },
        Symbol {
            name: ".dwarf_type.257",
            demangled_name: None,
            address: 11663,
            size: 6,
            kind: Object,
            section: Some(
                4,
            ),
            flags: FlagSet(Local),
            align: None,
            virtual_address: None,
        },
        Symbol {
            name: ".dwarf_type.258",
            demangled_name: None,
            address: 11669,
            size: 17,
            kind: Object,
            section: Some(
                4,
            ),
            flags: FlagSet(Local),
            align: None,
            virtual_address: None,
        },
        Symbol {
            name: ".dwarf_type.259",
            demangled_name: None,
            address: 11686,
            size: 17,
            kind: Object,
            section: Some(
                4,
            ),
            flags: FlagSet(Local),
            align: None,
            virtual_address: None,
        },
        Symbol {
            name: ".dwarf_type.260",
            demangled_name: None,
            address: 11703,
            size: 17,
            kind: Object,
            section: Some(
                4,
            ),
            flags: FlagSet(Local),
            align: None,
            virtual_address: None,
        },
        Symbol {
            name: ".dwarf_type.261",
            demangled_name: None,
            address: 11720,
            size: 17,
            kind: Object,
            section: Some(
                4,
            ),
            flags: FlagSet(Local),
            align: None,
            virtual_address: None,
        },
        Symbol {
            name: ".dwarf_type.262",
            demangled_name: None,
            address: 11737,
            size: 6,
            kind: Object,
            section: Some(
                4,
            ),
            flags: FlagSet(Local),
            align: None,
            virtual_address: None,
        },
        Symbol {
            name: ".dwarf_type.263",
            demangled_name: None,
            address: 11743,
            size: 355,
            kind: Object,
            section: Some(
                4,
            ),
            flags: FlagSet(Local),
            align: None,
            virtual_address: None,
        },
        Symbol {
            name: ".dwarf_type.264",
            demangled_name: None,
            address: 12114,
            size: 161,
            kind: Object,
            section: Some(
                4,
            ),
            flags: FlagSet(Local),
            align: None,
            virtual_address: None,
        },
        Symbol {
            name: ".dwarf_type.265",
            demangled_name: None,
            address: 12275,
            size: 122,
            kind: Object,
            section: Some(
                4,
            ),
            flags: FlagSet(Local),
            align: None,
            virtual_address: None,
        },
        Symbol {
            name: ".dwarf_type.266",
            demangled_name: None,
            address: 12397,
            size: 6,
            kind: Object,
            section: Some(
                4,
            ),
            flags: FlagSet(Local),
            align: None,
            virtual_address: None,
        },
        Symbol {
            name: ".dwarf_type.267",
            demangled_name: None,
            address: 12403,
            size: 55,
            kind: Object,
            section: Some(
                4,
            ),
            flags: FlagSet(Local),
            align: None,
            virtual_address: None,
        },
        Symbol {
            name: ".dwarf_type.268",
            demangled_name: None,
            address: 12472,
            size: 17,
            kind: Object,
            section: Some(
                4,
            ),
            flags: FlagSet(Local),
            align: None,
            virtual_address: None,
        },
        Symbol {
            name: ".dwarf_type.269",
            demangled_name: None,
            address: 12489,
            size: 75,
            kind: Object,
            section: Some(
                4,
            ),
            flags: FlagSet(Local),
            align: None,
            virtual_address: None,
        },
        Symbol {
            name: ".dwarf_type.270",
            demangled_name: None,
            address: 12576,
            size: 17,
            kind: Object,
            section: Some(
                4,
            ),
            flags: FlagSet(Local),
            align: None,
            virtual_address: None,
        },
        Symbol {
            name: ".dwarf_type.271",
            demangled_name: None,
            address: 12593,
            size: 17,
            kind: Object,
            section: Some(
                4,
            ),
            flags: FlagSet(Local),
            align: None,
            virtual_address: None,
        },
        Symbol {
            name: ".dwarf_type.272",
            demangled_name: None,
            address: 12610,
            size: 145,
            kind: Object,
            section: Some(
                4,
            ),
            flags: FlagSet(Local),
            align: None,
            virtual_address: None,
        },
        Symbol {
            name: ".dwarf_type.273",
            demangled_name: None,
            address: 12783,
            size: 17,
            kind: Object,
            section: Some(
                4,
            ),
            flags: FlagSet(Local),
            align: None,
            virtual_address: None,
        },
        Symbol {
            name: ".dwarf_type.274",
            demangled_name: None,
            address: 12800,
            size: 17,
            kind: Object,
            section: Some(
                4,
            ),
            flags: FlagSet(Local),
            align: None,
            virtual_address: None,
        },
        Symbol {
            name: ".dwarf_type.275",
            demangled_name: None,
            address: 12817,
            size: 65,
            kind: Object,
            section: Some(
                4,
            ),
            flags: FlagSet(Local),
            align: None,
            virtual_address: None,
        },
        Symbol {
            name: ".dwarf_type.276",
            demangled_name: None,
            address: 12903,
            size: 17,
            kind: Object,
            section: Some(
                4,
            ),
            flags: FlagSet(Local),
            align: None,
            virtual_address: None,
        },
        Symbol {
            name: ".dwarf_type.277",
            demangled_name: None,
            address: 12920,
            size: 17,
            kind: Object,
            section: Some(
                4,
            ),
            flags: FlagSet(Local),
            align: None,
            virtual_address: None,
        },
        Symbol {
            name: ".dwarf_type.278",
            demangled_name: None,
            address: 12937,
            size: 33,
            kind: Object,
            section: Some(
                4,
            ),
            flags: FlagSet(Local),
            align: None,
            virtual_address: None,
        },
        Symbol {
            name: ".dwarf_type.279",
            demangled_name: None,
            address: 12986,
            size: 17,
            kind: Object,
            section: Some(
                4,
            ),
            flags: FlagSet(Local),
            align: None,
            virtual_address: None,
        },
        Symbol {
            name: ".dwarf_type.280",
            demangled_name: None,
            address: 13003,
            size: 17,
            kind: Object,
            section: Some(
                4,
            ),
            flags: FlagSet(Local),
            align: None,
            virtual_address: None,
        },
        Symbol {
            name: ".dwarf_type.281",
            demangled_name: None,
            address: 13020,
            size: 174,
            kind: Object,
            section: Some(
                4,
            ),
            flags: FlagSet(Local),
            align: None,
            virtual_address: None,
        },
        Symbol {
            name: ".dwarf_type.282",
            demangled_name: None,
            address: 13211,
            size: 17,
            kind: Object,
            section: Some(
                4,
            ),
            flags: FlagSet(Local),
            align: None,
            virtual_address: None,
        },
        Symbol {
            name: ".dwarf_type.283",
            demangled_name: None,
            address: 13228,
            size: 17,
            kind: Object,
            section: Some(
                4,
            ),
            flags: FlagSet(Local),
            align: None,
            virtual_address: None,
        },
        Symbol {
            name: ".dwarf_type.284",
            demangled_name: None,
            address: 13245,
            size: 17,
            kind: Object,
            section: Some(
                4,
            ),
            flags: FlagSet(Local),
            align: None,
            virtual_address: None,
        },
        Symbol {
            name: ".dwarf_type.285",
            demangled_name: None,
            address: 13262,
            size: 6,
            kind: Object,
            section: Some(
                4,
            ),
            flags: FlagSet(Local),
            align: None,
            virtual_address: None,
        },
        Symbol {
            name: ".dwarf_type.286",
            demangled_name: None,
            address: 13268,
            size: 183,
            kind: Object,
            section: Some(
                4,
            ),
            flags: FlagSet(Local),
            align: None,
            virtual_address: None,
        },
        Symbol {
            name: ".dwarf_type.287",
            demangled_name: None,
            address: 13468,
            size: 6,
            kind: Object,
            section: Some(
                4,
            ),
            flags: FlagSet(Local),
            align: None,
            virtual_address: None,
        },
        Symbol {
            name: ".dwarf_type.288",
            demangled_name: None,
            address: 13474,
            size: 6,
            kind: Object,
            section: Some(
                4,
            ),
            flags: FlagSet(Local),
            align: None,
            virtual_address: None,
        },
        Symbol {
            name: ".dwarf_line.THUMB_BRANCH_ServerDisplay_UncategorizedMove",
            demangled_name: None,
            address: 91,
            size: 89,
            kind: Object,
            section: Some(
                9,
            ),
            flags: FlagSet(Local),
            align: None,
            virtual_address: None,
        },
        Symbol {
            name: "THUMB_BRANCH_ServerDisplay_UncategorizedMove",
            demangled_name: None,
            address: 0,
            size: 244,
            kind: Function,
            section: Some(
                17,
            ),
            flags: FlagSet(Global),
            align: None,
            virtual_address: None,
        },
        Symbol {
            name: "PokeSet_IsRemovedAll",
            demangled_name: None,
            address: 0,
            size: 0,
            kind: Unknown,
            section: None,
            flags: FlagSet(Global),
            align: None,
            virtual_address: None,
        },
        Symbol {
            name: "ServerDisplay_SkillSwap",
            demangled_name: None,
            address: 0,
            size: 0,
            kind: Unknown,
            section: None,
            flags: FlagSet(Global),
            align: None,
            virtual_address: None,
        },
        Symbol {
            name: "ServerEvent_CreateSubstitute",
            demangled_name: None,
            address: 0,
            size: 0,
            kind: Unknown,
            section: None,
            flags: FlagSet(Global),
            align: None,
            virtual_address: None,
        },
        Symbol {
            name: "HEManager_PushState",
            demangled_name: None,
            address: 0,
            size: 0,
            kind: Unknown,
            section: None,
            flags: FlagSet(Global),
            align: None,
            virtual_address: None,
        },
        Symbol {
            name: "BattleHandler_Result",
            demangled_name: None,
            address: 0,
            size: 0,
            kind: Unknown,
            section: None,
            flags: FlagSet(Global),
            align: None,
            virtual_address: None,
        },
        Symbol {
            name: "ServerEvent_UncategorizedMove",
            demangled_name: None,
            address: 0,
            size: 0,
            kind: Unknown,
            section: None,
            flags: FlagSet(Global),
            align: None,
            virtual_address: None,
        },
        Symbol {
            name: "SCQUE_PUT_MsgImpl",
            demangled_name: None,
            address: 0,
            size: 0,
            kind: Unknown,
            section: None,
            flags: FlagSet(Global),
            align: None,
            virtual_address: None,
        },
        Symbol {
            name: "HEManager_PopState",
            demangled_name: None,
            address: 0,
            size: 0,
            kind: Unknown,
            section: None,
            flags: FlagSet(Global),
            align: None,
            virtual_address: None,
        },
        Symbol {
            name: ".dwarf_type.void",
            demangled_name: None,
            address: 70,
            size: 12,
            kind: Object,
            section: Some(
                4,
            ),
            flags: FlagSet(Global | Weak),
            align: None,
            virtual_address: None,
        },
        Symbol {
            name: ".dwarf_typedef.ServerFlow",
            demangled_name: None,
            address: 2011,
            size: 17,
            kind: Object,
            section: Some(
                4,
            ),
            flags: FlagSet(Global | Weak),
            align: None,
            virtual_address: None,
        },
        Symbol {
            name: ".dwarf_typedef.BTL_SERVER",
            demangled_name: None,
            address: 2700,
            size: 17,
            kind: Object,
            section: Some(
                4,
            ),
            flags: FlagSet(Global | Weak),
            align: None,
            virtual_address: None,
        },
        Symbol {
            name: ".dwarf_type.int",
            demangled_name: None,
            address: 2762,
            size: 11,
            kind: Object,
            section: Some(
                4,
            ),
            flags: FlagSet(Global | Weak),
            align: None,
            virtual_address: None,
        },
        Symbol {
            name: ".dwarf_typedef.bool",
            demangled_name: None,
            address: 2773,
            size: 11,
            kind: Object,
            section: Some(
                4,
            ),
            flags: FlagSet(Global | Weak),
            align: None,
            virtual_address: None,
        },
        Symbol {
            name: ".dwarf_typedef.fx32",
            demangled_name: None,
            address: 2784,
            size: 11,
            kind: Object,
            section: Some(
                4,
            ),
            flags: FlagSet(Global | Weak),
            align: None,
            virtual_address: None,
        },
        Symbol {
            name: ".dwarf_typedef.s32",
            demangled_name: None,
            address: 2795,
            size: 10,
            kind: Object,
            section: Some(
                4,
            ),
            flags: FlagSet(Global | Weak),
            align: None,
            virtual_address: None,
        },
        Symbol {
            name: ".dwarf_typedef.int32_t",
            demangled_name: None,
            address: 2805,
            size: 14,
            kind: Object,
            section: Some(
                4,
            ),
            flags: FlagSet(Global | Weak),
            align: None,
            virtual_address: None,
        },
        Symbol {
            name: ".dwarf_typedef.BTL_MAIN_MODULE",
            demangled_name: None,
            address: 4348,
            size: 22,
            kind: Object,
            section: Some(
                4,
            ),
            flags: FlagSet(Global | Weak),
            align: None,
            virtual_address: None,
        },
        Symbol {
            name: ".dwarf_typedef.BATTLE_SETUP_PARAM",
            demangled_name: None,
            address: 5575,
            size: 25,
            kind: Object,
            section: Some(
                4,
            ),
            flags: FlagSet(Global | Weak),
            align: None,
            virtual_address: None,
        },
        Symbol {
            name: ".dwarf_type.unsigned int",
            demangled_name: None,
            address: 5600,
            size: 20,
            kind: Object,
            section: Some(
                4,
            ),
            flags: FlagSet(Global | Weak),
            align: None,
            virtual_address: None,
        },
        Symbol {
            name: ".dwarf_typedef.uint32_t",
            demangled_name: None,
            address: 5620,
            size: 15,
            kind: Object,
            section: Some(
                4,
            ),
            flags: FlagSet(Global | Weak),
            align: None,
            virtual_address: None,
        },
        Symbol {
            name: ".dwarf_typedef.uptr",
            demangled_name: None,
            address: 5635,
            size: 11,
            kind: Object,
            section: Some(
                4,
            ),
            flags: FlagSet(Global | Weak),
            align: None,
            virtual_address: None,
        },
        Symbol {
            name: ".dwarf_typedef.uintptr_t",
            demangled_name: None,
            address: 5646,
            size: 16,
            kind: Object,
            section: Some(
                4,
            ),
            flags: FlagSet(Global | Weak),
            align: None,
            virtual_address: None,
        },
        Symbol {
            name: ".dwarf_typedef.u32",
            demangled_name: None,
            address: 5662,
            size: 10,
            kind: Object,
            section: Some(
                4,
            ),
            flags: FlagSet(Global | Weak),
            align: None,
            virtual_address: None,
        },
        Symbol {
            name: ".dwarf_type.unsigned char",
            demangled_name: None,
            address: 5689,
            size: 21,
            kind: Object,
            section: Some(
                4,
            ),
            flags: FlagSet(Global | Weak),
            align: None,
            virtual_address: None,
        },
        Symbol {
            name: ".dwarf_typedef.BtlPokePos",
            demangled_name: None,
            address: 5710,
            size: 17,
            kind: Object,
            section: Some(
                4,
            ),
            flags: FlagSet(Global | Weak),
            align: None,
            virtual_address: None,
        },
        Symbol {
            name: ".dwarf_typedef.u8",
            demangled_name: None,
            address: 5727,
            size: 9,
            kind: Object,
            section: Some(
                4,
            ),
            flags: FlagSet(Global | Weak),
            align: None,
            virtual_address: None,
        },
        Symbol {
            name: ".dwarf_typedef.uint8_t",
            demangled_name: None,
            address: 5736,
            size: 14,
            kind: Object,
            section: Some(
                4,
            ),
            flags: FlagSet(Global | Weak),
            align: None,
            virtual_address: None,
        },
        Symbol {
            name: ".dwarf_type.unsigned short",
            demangled_name: None,
            address: 5750,
            size: 22,
            kind: Object,
            section: Some(
                4,
            ),
            flags: FlagSet(Global | Weak),
            align: None,
            virtual_address: None,
        },
        Symbol {
            name: ".dwarf_typedef.uint16_t",
            demangled_name: None,
            address: 5772,
            size: 15,
            kind: Object,
            section: Some(
                4,
            ),
            flags: FlagSet(Global | Weak),
            align: None,
            virtual_address: None,
        },
        Symbol {
            name: ".dwarf_typedef.u16",
            demangled_name: None,
            address: 5787,
            size: 10,
            kind: Object,
            section: Some(
                4,
            ),
            flags: FlagSet(Global | Weak),
            align: None,
            virtual_address: None,
        },
        Symbol {
            name: ".dwarf_type.TINYMT32_T",
            demangled_name: None,
            address: 5999,
            size: 74,
            kind: Object,
            section: Some(
                4,
            ),
            flags: FlagSet(Global | Weak),
            align: None,
            virtual_address: None,
        },
        Symbol {
            name: ".dwarf_typedef.tinymt32_t",
            demangled_name: None,
            address: 6073,
            size: 17,
            kind: Object,
            section: Some(
                4,
            ),
            flags: FlagSet(Global | Weak),
            align: None,
            virtual_address: None,
        },
        Symbol {
            name: ".dwarf_typedef.BATTLE_KENTEI_RESULT",
            demangled_name: None,
            address: 6396,
            size: 27,
            kind: Object,
            section: Some(
                4,
            ),
            flags: FlagSet(Global | Weak),
            align: None,
            virtual_address: None,
        },
        Symbol {
            name: ".dwarf_typedef.TRAINER_DATA",
            demangled_name: None,
            address: 6863,
            size: 19,
            kind: Object,
            section: Some(
                4,
            ),
            flags: FlagSet(Global | Weak),
            align: None,
            virtual_address: None,
        },
        Symbol {
            name: ".dwarf_typedef.POKECON",
            demangled_name: None,
            address: 7067,
            size: 14,
            kind: Object,
            section: Some(
                4,
            ),
            flags: FlagSet(Global | Weak),
            align: None,
            virtual_address: None,
        },
        Symbol {
            name: ".dwarf_typedef.BTL_PARTY",
            demangled_name: None,
            address: 7206,
            size: 16,
            kind: Object,
            section: Some(
                4,
            ),
            flags: FlagSet(Global | Weak),
            align: None,
            virtual_address: None,
        },
        Symbol {
            name: ".dwarf_typedef.PokeParty",
            demangled_name: None,
            address: 7350,
            size: 16,
            kind: Object,
            section: Some(
                4,
            ),
            flags: FlagSet(Global | Weak),
            align: None,
            virtual_address: None,
        },
        Symbol {
            name: ".dwarf_typedef.Reader",
            demangled_name: None,
            address: 7504,
            size: 13,
            kind: Object,
            section: Some(
                4,
            ),
            flags: FlagSet(Global | Weak),
            align: None,
            virtual_address: None,
        },
        Symbol {
            name: ".dwarf_typedef.SERVER_NOTIFY_PARAM",
            demangled_name: None,
            address: 7772,
            size: 26,
            kind: Object,
            section: Some(
                4,
            ),
            flags: FlagSet(Global | Weak),
            align: None,
            virtual_address: None,
        },
        Symbol {
            name: ".dwarf_typedef.EscapeInfo",
            demangled_name: None,
            address: 7863,
            size: 17,
            kind: Object,
            section: Some(
                4,
            ),
            flags: FlagSet(Global | Weak),
            align: None,
            virtual_address: None,
        },
        Symbol {
            name: ".dwarf_typedef.unk_struct_450",
            demangled_name: None,
            address: 7978,
            size: 21,
            kind: Object,
            section: Some(
                4,
            ),
            flags: FlagSet(Global | Weak),
            align: None,
            virtual_address: None,
        },
        Symbol {
            name: ".dwarf_typedef.struct_unk478",
            demangled_name: None,
            address: 8183,
            size: 20,
            kind: Object,
            section: Some(
                4,
            ),
            flags: FlagSet(Global | Weak),
            align: None,
            virtual_address: None,
        },
        Symbol {
            name: ".dwarf_type.signed char",
            demangled_name: None,
            address: 8203,
            size: 19,
            kind: Object,
            section: Some(
                4,
            ),
            flags: FlagSet(Global | Weak),
            align: None,
            virtual_address: None,
        },
        Symbol {
            name: ".dwarf_typedef.s8",
            demangled_name: None,
            address: 8222,
            size: 9,
            kind: Object,
            section: Some(
                4,
            ),
            flags: FlagSet(Global | Weak),
            align: None,
            virtual_address: None,
        },
        Symbol {
            name: ".dwarf_typedef.SVCL_WORK",
            demangled_name: None,
            address: 8396,
            size: 16,
            kind: Object,
            section: Some(
                4,
            ),
            flags: FlagSet(Global | Weak),
            align: None,
            virtual_address: None,
        },
        Symbol {
            name: ".dwarf_typedef.BTL_RESULT_CONTEXT",
            demangled_name: None,
            address: 8500,
            size: 25,
            kind: Object,
            section: Some(
                4,
            ),
            flags: FlagSet(Global | Weak),
            align: None,
            virtual_address: None,
        },
        Symbol {
            name: ".dwarf_typedef.SVCL_ACTION",
            demangled_name: None,
            address: 8576,
            size: 18,
            kind: Object,
            section: Some(
                4,
            ),
            flags: FlagSet(Global | Weak),
            align: None,
            virtual_address: None,
        },
        Symbol {
            name: ".dwarf_typedef.BTL_ACTION_PARAM",
            demangled_name: None,
            address: 8748,
            size: 23,
            kind: Object,
            section: Some(
                4,
            ),
            flags: FlagSet(Global | Weak),
            align: None,
            virtual_address: None,
        },
        Symbol {
            name: ".dwarf_typedef.SCQUE",
            demangled_name: None,
            address: 9431,
            size: 12,
            kind: Object,
            section: Some(
                4,
            ),
            flags: FlagSet(Global | Weak),
            align: None,
            virtual_address: None,
        },
        Symbol {
            name: ".dwarf_typedef.WazaRec",
            demangled_name: None,
            address: 9549,
            size: 14,
            kind: Object,
            section: Some(
                4,
            ),
            flags: FlagSet(Global | Weak),
            align: None,
            virtual_address: None,
        },
        Symbol {
            name: ".dwarf_typedef.DeadRec",
            demangled_name: None,
            address: 9702,
            size: 14,
            kind: Object,
            section: Some(
                4,
            ),
            flags: FlagSet(Global | Weak),
            align: None,
            virtual_address: None,
        },
        Symbol {
            name: ".dwarf_typedef.Unit",
            demangled_name: None,
            address: 9806,
            size: 11,
            kind: Object,
            section: Some(
                4,
            ),
            flags: FlagSet(Global | Weak),
            align: None,
            virtual_address: None,
        },
        Symbol {
            name: ".dwarf_typedef.WAZAEFF_CTRL",
            demangled_name: None,
            address: 10059,
            size: 19,
            kind: Object,
            section: Some(
                4,
            ),
            flags: FlagSet(Global | Weak),
            align: None,
            virtual_address: None,
        },
        Symbol {
            name: ".dwarf_typedef.WAZA_ROB_PARAM",
            demangled_name: None,
            address: 10628,
            size: 21,
            kind: Object,
            section: Some(
                4,
            ),
            flags: FlagSet(Global | Weak),
            align: None,
            virtual_address: None,
        },
        Symbol {
            name: ".dwarf_typedef.CLIENTID_REC",
            demangled_name: None,
            address: 10800,
            size: 19,
            kind: Object,
            section: Some(
                4,
            ),
            flags: FlagSet(Global | Weak),
            align: None,
            virtual_address: None,
        },
        Symbol {
            name: ".dwarf_typedef.ROTATION_HANDLER_WORK_BACKUP",
            demangled_name: None,
            address: 10861,
            size: 35,
            kind: Object,
            section: Some(
                4,
            ),
            flags: FlagSet(Global | Weak),
            align: None,
            virtual_address: None,
        },
        Symbol {
            name: ".dwarf_typedef.ACTION_ORDER_WORK",
            demangled_name: None,
            address: 11198,
            size: 24,
            kind: Object,
            section: Some(
                4,
            ),
            flags: FlagSet(Global | Weak),
            align: None,
            virtual_address: None,
        },
        Symbol {
            name: ".dwarf_typedef.BTL_POKEPARAM",
            demangled_name: None,
            address: 11311,
            size: 20,
            kind: Object,
            section: Some(
                4,
            ),
            flags: FlagSet(Global | Weak),
            align: None,
            virtual_address: None,
        },
        Symbol {
            name: ".dwarf_typedef.POKESET",
            demangled_name: None,
            address: 11632,
            size: 14,
            kind: Object,
            section: Some(
                4,
            ),
            flags: FlagSet(Global | Weak),
            align: None,
            virtual_address: None,
        },
        Symbol {
            name: ".dwarf_typedef.WAZAPARAM",
            demangled_name: None,
            address: 12098,
            size: 16,
            kind: Object,
            section: Some(
                4,
            ),
            flags: FlagSet(Global | Weak),
            align: None,
            virtual_address: None,
        },
        Symbol {
            name: ".dwarf_typedef.PosPoke",
            demangled_name: None,
            address: 12458,
            size: 14,
            kind: Object,
            section: Some(
                4,
            ),
            flags: FlagSet(Global | Weak),
            align: None,
            virtual_address: None,
        },
        Symbol {
            name: ".dwarf_typedef.State",
            demangled_name: None,
            address: 12564,
            size: 12,
            kind: Object,
            section: Some(
                4,
            ),
            flags: FlagSet(Global | Weak),
            align: None,
            virtual_address: None,
        },
        Symbol {
            name: ".dwarf_typedef.BTL_HANDEX_STR_PARAMS",
            demangled_name: None,
            address: 12755,
            size: 28,
            kind: Object,
            section: Some(
                4,
            ),
            flags: FlagSet(Global | Weak),
            align: None,
            virtual_address: None,
        },
        Symbol {
            name: ".dwarf_typedef.EventWorkStack",
            demangled_name: None,
            address: 12882,
            size: 21,
            kind: Object,
            section: Some(
                4,
            ),
            flags: FlagSet(Global | Weak),
            align: None,
            virtual_address: None,
        },
        Symbol {
            name: ".dwarf_typedef.HEManager",
            demangled_name: None,
            address: 12970,
            size: 16,
            kind: Object,
            section: Some(
                4,
            ),
            flags: FlagSet(Global | Weak),
            align: None,
            virtual_address: None,
        },
        Symbol {
            name: ".dwarf_typedef.AffCounter",
            demangled_name: None,
            address: 13194,
            size: 17,
            kind: Object,
            section: Some(
                4,
            ),
            flags: FlagSet(Global | Weak),
            align: None,
            virtual_address: None,
        },
        Symbol {
            name: ".dwarf_typedef.MOVE_PARAM",
            demangled_name: None,
            address: 13451,
            size: 17,
            kind: Object,
            section: Some(
                4,
            ),
            flags: FlagSet(Global | Weak),
            align: None,
            virtual_address: None,
        },
        Symbol {
            name: ".dwarf.THUMB_BRANCH_ServerDisplay_UncategorizedMove",
            demangled_name: None,
            address: 13480,
            size: 243,
            kind: Object,
            section: Some(
                4,
            ),
            flags: FlagSet(Global),
            align: None,
            virtual_address: None,
        },
    ],
    sections: [
        Section {
            id: ".symtab-0",
            name: ".symtab",
            address: 0,
            size: 4240,
            kind: Unknown,
            data: SectionData(
                0,
            ),
            flags: FlagSet(),
            align: None,
            relocations: [],
            line_info: {},
            virtual_address: None,
        },
        Section {
            id: ".strtab-0",
            name: ".strtab",
            address: 0,
            size: 4913,
            kind: Unknown,
            data: SectionData(
                0,
            ),
            flags: FlagSet(),
            align: None,
            relocations: [],
            line_info: {},
            virtual_address: None,
        },
        Section {
            id: ".shstrtab-0",
            name: ".shstrtab",
            address: 0,
            size: 243,
            kind: Unknown,
            data: SectionData(
                0,
            ),
            flags: FlagSet(),
            align: None,
            relocations: [],
            line_info: {},
            virtual_address: None,
        },
        Section {
            id: ".comment-0",
            name: ".comment",
            address: 0,
            size: 36,
            kind: Unknown,
            data: SectionData(
                0,
            ),
            flags: FlagSet(),
            align: None,
            relocations: [],
            line_info: {},
            virtual_address: None,
        },
        Section {
            id: ".debug_info-0",
            name: ".debug_info",
            address: 0,
            size: 13724,
            kind: Unknown,
            data: SectionData(
                0,
            ),
            flags: FlagSet(),
            align: None,
            relocations: [],
            line_info: {},
            virtual_address: None,
        },
        Section {
            id: ".rel.debug_info-0",
            name: ".rel.debug_info",
            address: 0,
            size: 7680,
            kind: Unknown,
            data: SectionData(
                0,
            ),
            flags: FlagSet(),
            align: None,
            relocations: [],
            line_info: {},
            virtual_address: None,
        },
        Section {
            id: ".debug_macinfo-0",
            name: ".debug_macinfo",
            address: 0,
            size: 0,
            kind: Unknown,
            data: SectionData(
                0,
            ),
            flags: FlagSet(),
            align: None,
            relocations: [],
            line_info: {},
            virtual_address: None,
        },
        Section {
            id: ".debug_loc-0",
            name: ".debug_loc",
            address: 0,
            size: 0,
            kind: Unknown,
            data: SectionData(
                0,
            ),
            flags: FlagSet(),
            align: None,
            relocations: [],
            line_info: {},
            virtual_address: None,
        },
        Section {
            id: " rel.debug_loc-0",
            name: " rel.debug_loc",
            address: 0,
            size: 0,
            kind: Unknown,
            data: SectionData(
                0,
            ),
            flags: FlagSet(),
            align: None,
            relocations: [],
            line_info: {},
            virtual_address: None,
        },
        Section {
            id: ".debug_line-0",
            name: ".debug_line",
            address: 0,
            size: 180,
            kind: Unknown,
            data: SectionData(
                0,
            ),
            flags: FlagSet(),
            align: None,
            relocations: [],
            line_info: {},
            virtual_address: None,
        },
        Section {
            id: ".rel.debug_line-0",
            name: ".rel.debug_line",
            address: 0,
            size: 12,
            kind: Unknown,
            data: SectionData(
                0,
            ),
            flags: FlagSet(),
            align: None,
            relocations: [],
            line_info: {},
            virtual_address: None,
        },
        Section {
            id: ".debug_line-1",
            name: ".debug_line",
            address: 0,
            size: 0,
            kind: Unknown,
            data: SectionData(
                0,
            ),
            flags: FlagSet(),
            align: None,
            relocations: [],
            line_info: {},
            virtual_address: None,
        },
        Section {
            id: ".rel.debug_line-1",
            name: ".rel.debug_line",
            address: 0,
            size: 0,
            kind: Unknown,
            data: SectionData(
                0,
            ),
            flags: FlagSet(),
            align: None,
            relocations: [],
            line_info: {},
            virtual_address: None,
        },
        Section {
            id: ".debug_pubnames-0",
            name: ".debug_pubnames",
            address: 0,
            size: 18,
            kind: Unknown,
            data: SectionData(
                0,
            ),
            flags: FlagSet(),
            align: None,
            relocations: [],
            line_info: {},
            virtual_address: None,
        },
        Section {
            id: ".rel.debug_pubnames-0",
            name: ".rel.debug_pubnames",
            address: 0,
            size: 0,
            kind: Unknown,
            data: SectionData(
                0,
            ),
            flags: FlagSet(),
            align: None,
            relocations: [],
            line_info: {},
            virtual_address: None,
        },
        Section {
            id: ".debug_aranges-0",
            name: ".debug_aranges",
            address: 0,
            size: 0,
            kind: Unknown,
            data: SectionData(
                0,
            ),
            flags: FlagSet(),
            align: None,
            relocations: [],
            line_info: {},
            virtual_address: None,
        },
        Section {
            id: ".debug_abbrev-0",
            name: ".debug_abbrev",
            address: 0,
            size: 211,
            kind: Unknown,
            data: SectionData(
                0,
            ),
            flags: FlagSet(),
            align: None,
            relocations: [],
            line_info: {},
            virtual_address: None,
        },
        Section {
            id: ".text-0",
            name: ".text",
            address: 0,
            size: 244,
            kind: Code,
            data: SectionData(
                244,
            ),
            flags: FlagSet(),
            align: Some(
                4,
            ),
            relocations: [
                Relocation {
                    flags: Elf(
                        10,
                    ),
                    address: 14,
                    target_symbol: 196,
                    addend: -4,
                },
                Relocation {
                    flags: Elf(
                        10,
                    ),
                    address: 40,
                    target_symbol: 197,
                    addend: -4,
                },
                Relocation {
                    flags: Elf(
                        10,
                    ),
                    address: 52,
                    target_symbol: 198,
                    addend: -4,
                },
                Relocation {
                    flags: Elf(
                        10,
                    ),
                    address: 100,
                    target_symbol: 199,
                    addend: -4,
                },
                Relocation {
                    flags: Elf(
                        10,
                    ),
                    address: 108,
                    target_symbol: 200,
                    addend: -4,
                },
                Relocation {
                    flags: Elf(
                        10,
                    ),
                    address: 126,
                    target_symbol: 201,
                    addend: -4,
                },
                Relocation {
                    flags: Elf(
                        10,
                    ),
                    address: 136,
                    target_symbol: 200,
                    addend: -4,
                },
                Relocation {
                    flags: Elf(
                        10,
                    ),
                    address: 196,
                    target_symbol: 202,
                    addend: -4,
                },
                Relocation {
                    flags: Elf(
                        10,
                    ),
                    address: 208,
                    target_symbol: 203,
                    addend: -4,
                },
            ],
            line_info: {
                0: 37,
                6: 39,
                22: 44,
                34: 47,
                44: 86,
                48: 50,
                60: 52,
                86: 86,
                88: 52,
                92: 86,
                94: 57,
                106: 61,
                114: 63,
                134: 65,
                142: 66,
                146: 68,
                168: 72,
                172: 75,
                188: 77,
                200: 81,
                212: 86,
                244: 86,
            },
            virtual_address: None,
        },
        Section {
            id: ".rela.text-0",
            name: ".rela.text",
            address: 0,
            size: 108,
            kind: Unknown,
            data: SectionData(
                0,
            ),
            flags: FlagSet(),
            align: None,
            relocations: [],
            line_info: {},
            virtual_address: None,
        },
    ],
    split_meta: None,
    path: None,
    timestamp: None,
    flow_analysis_results: {},
}
