---
source: objdiff-core/tests/arch_ppc.rs
expression: line_infos
---
[
    {
        0: 13,
        4: 16,
        32: 17,
        44: 18,
        60: 20,
        76: 21,
        84: 23,
        92: 25,
        108: 26,
        124: 27,
        136: 28,
        144: 29,
        152: 31,
        164: 34,
        184: 35,
        212: 39,
        228: 40,
        236: 41,
        260: 43,
        288: 44,
        292: 45,
        300: 48,
        436: 0,
    },
    {
        0: 48,
        132: 35,
        244: 26,
        304: 22,
        312: 23,
        316: 24,
        320: 0,
    },
]
