---
source: objdiff-core/tests/arch_ppc.rs
expression: diff.instruction_rows
---
[
    InstructionDiffRow {
        ins_ref: Some(
            InstructionRef {
                address: 120,
                size: 4,
                opcode: 342,
                branch_dest: None,
            },
        ),
        kind: None,
        branch_from: None,
        branch_to: None,
        arg_diff: [],
    },
    InstructionDiffRow {
        ins_ref: Some(
            InstructionRef {
                address: 124,
                size: 4,
                opcode: 443,
                branch_dest: None,
            },
        ),
        kind: None,
        branch_from: None,
        branch_to: None,
        arg_diff: [],
    },
    InstructionDiffRow {
        ins_ref: Some(
            InstructionRef {
                address: 128,
                size: 4,
                opcode: 444,
                branch_dest: None,
            },
        ),
        kind: None,
        branch_from: None,
        branch_to: None,
        arg_diff: [],
    },
    InstructionDiffRow {
        ins_ref: Some(
            InstructionRef {
                address: 132,
                size: 4,
                opcode: 264,
                branch_dest: None,
            },
        ),
        kind: None,
        branch_from: None,
        branch_to: None,
        arg_diff: [],
    },
    InstructionDiffRow {
        ins_ref: Some(
            InstructionRef {
                address: 136,
                size: 4,
                opcode: 455,
                branch_dest: None,
            },
        ),
        kind: None,
        branch_from: None,
        branch_to: None,
        arg_diff: [],
    },
    InstructionDiffRow {
        ins_ref: Some(
            InstructionRef {
                address: 140,
                size: 4,
                opcode: 459,
                branch_dest: None,
            },
        ),
        kind: None,
        branch_from: None,
        branch_to: None,
        arg_diff: [],
    },
    InstructionDiffRow {
        ins_ref: Some(
            InstructionRef {
                address: 144,
                size: 4,
                opcode: 264,
                branch_dest: None,
            },
        ),
        kind: None,
        branch_from: None,
        branch_to: None,
        arg_diff: [],
    },
    InstructionDiffRow {
        ins_ref: Some(
            InstructionRef {
                address: 148,
                size: 4,
                opcode: 455,
                branch_dest: None,
            },
        ),
        kind: None,
        branch_from: None,
        branch_to: None,
        arg_diff: [],
    },
    InstructionDiffRow {
        ins_ref: Some(
            InstructionRef {
                address: 152,
                size: 4,
                opcode: 459,
                branch_dest: None,
            },
        ),
        kind: None,
        branch_from: None,
        branch_to: None,
        arg_diff: [],
    },
    InstructionDiffRow {
        ins_ref: Some(
            InstructionRef {
                address: 156,
                size: 4,
                opcode: 264,
                branch_dest: None,
            },
        ),
        kind: None,
        branch_from: None,
        branch_to: None,
        arg_diff: [],
    },
    InstructionDiffRow {
        ins_ref: Some(
            InstructionRef {
                address: 160,
                size: 4,
                opcode: 455,
                branch_dest: None,
            },
        ),
        kind: None,
        branch_from: None,
        branch_to: None,
        arg_diff: [],
    },
    InstructionDiffRow {
        ins_ref: Some(
            InstructionRef {
                address: 164,
                size: 4,
                opcode: 459,
                branch_dest: None,
            },
        ),
        kind: None,
        branch_from: None,
        branch_to: None,
        arg_diff: [],
    },
    InstructionDiffRow {
        ins_ref: Some(
            InstructionRef {
                address: 168,
                size: 4,
                opcode: 264,
                branch_dest: None,
            },
        ),
        kind: None,
        branch_from: None,
        branch_to: None,
        arg_diff: [],
    },
    InstructionDiffRow {
        ins_ref: Some(
            InstructionRef {
                address: 172,
                size: 4,
                opcode: 455,
                branch_dest: None,
            },
        ),
        kind: None,
        branch_from: None,
        branch_to: None,
        arg_diff: [],
    },
    InstructionDiffRow {
        ins_ref: Some(
            InstructionRef {
                address: 176,
                size: 4,
                opcode: 459,
                branch_dest: None,
            },
        ),
        kind: None,
        branch_from: None,
        branch_to: None,
        arg_diff: [],
    },
    InstructionDiffRow {
        ins_ref: Some(
            InstructionRef {
                address: 180,
                size: 4,
                opcode: 264,
                branch_dest: None,
            },
        ),
        kind: None,
        branch_from: None,
        branch_to: None,
        arg_diff: [],
    },
    InstructionDiffRow {
        ins_ref: Some(
            InstructionRef {
                address: 184,
                size: 4,
                opcode: 455,
                branch_dest: None,
            },
        ),
        kind: None,
        branch_from: None,
        branch_to: None,
        arg_diff: [],
    },
    InstructionDiffRow {
        ins_ref: Some(
            InstructionRef {
                address: 188,
                size: 4,
                opcode: 459,
                branch_dest: None,
            },
        ),
        kind: None,
        branch_from: None,
        branch_to: None,
        arg_diff: [],
    },
    InstructionDiffRow {
        ins_ref: Some(
            InstructionRef {
                address: 192,
                size: 4,
                opcode: 264,
                branch_dest: None,
            },
        ),
        kind: None,
        branch_from: None,
        branch_to: None,
        arg_diff: [],
    },
    InstructionDiffRow {
        ins_ref: Some(
            InstructionRef {
                address: 196,
                size: 4,
                opcode: 455,
                branch_dest: None,
            },
        ),
        kind: None,
        branch_from: None,
        branch_to: None,
        arg_diff: [],
    },
    InstructionDiffRow {
        ins_ref: Some(
            InstructionRef {
                address: 200,
                size: 4,
                opcode: 459,
                branch_dest: None,
            },
        ),
        kind: None,
        branch_from: None,
        branch_to: None,
        arg_diff: [],
    },
    InstructionDiffRow {
        ins_ref: Some(
            InstructionRef {
                address: 204,
                size: 4,
                opcode: 264,
                branch_dest: None,
            },
        ),
        kind: None,
        branch_from: None,
        branch_to: None,
        arg_diff: [],
    },
    InstructionDiffRow {
        ins_ref: Some(
            InstructionRef {
                address: 208,
                size: 4,
                opcode: 455,
                branch_dest: None,
            },
        ),
        kind: None,
        branch_from: None,
        branch_to: None,
        arg_diff: [],
    },
    InstructionDiffRow {
        ins_ref: Some(
            InstructionRef {
                address: 212,
                size: 4,
                opcode: 459,
                branch_dest: None,
            },
        ),
        kind: None,
        branch_from: None,
        branch_to: None,
        arg_diff: [],
    },
    InstructionDiffRow {
        ins_ref: Some(
            InstructionRef {
                address: 216,
                size: 4,
                opcode: 264,
                branch_dest: None,
            },
        ),
        kind: None,
        branch_from: None,
        branch_to: None,
        arg_diff: [],
    },
    InstructionDiffRow {
        ins_ref: Some(
            InstructionRef {
                address: 220,
                size: 4,
                opcode: 455,
                branch_dest: None,
            },
        ),
        kind: None,
        branch_from: None,
        branch_to: None,
        arg_diff: [],
    },
    InstructionDiffRow {
        ins_ref: Some(
            InstructionRef {
                address: 224,
                size: 4,
                opcode: 459,
                branch_dest: None,
            },
        ),
        kind: None,
        branch_from: None,
        branch_to: None,
        arg_diff: [],
    },
    InstructionDiffRow {
        ins_ref: Some(
            InstructionRef {
                address: 228,
                size: 4,
                opcode: 264,
                branch_dest: None,
            },
        ),
        kind: None,
        branch_from: None,
        branch_to: None,
        arg_diff: [],
    },
    InstructionDiffRow {
        ins_ref: Some(
            InstructionRef {
                address: 232,
                size: 4,
                opcode: 455,
                branch_dest: None,
            },
        ),
        kind: None,
        branch_from: None,
        branch_to: None,
        arg_diff: [],
    },
    InstructionDiffRow {
        ins_ref: Some(
            InstructionRef {
                address: 236,
                size: 4,
                opcode: 459,
                branch_dest: None,
            },
        ),
        kind: None,
        branch_from: None,
        branch_to: None,
        arg_diff: [],
    },
    InstructionDiffRow {
        ins_ref: Some(
            InstructionRef {
                address: 240,
                size: 4,
                opcode: 264,
                branch_dest: None,
            },
        ),
        kind: None,
        branch_from: None,
        branch_to: None,
        arg_diff: [],
    },
    InstructionDiffRow {
        ins_ref: Some(
            InstructionRef {
                address: 244,
                size: 4,
                opcode: 455,
                branch_dest: None,
            },
        ),
        kind: None,
        branch_from: None,
        branch_to: None,
        arg_diff: [],
    },
    InstructionDiffRow {
        ins_ref: Some(
            InstructionRef {
                address: 248,
                size: 4,
                opcode: 459,
                branch_dest: None,
            },
        ),
        kind: None,
        branch_from: None,
        branch_to: None,
        arg_diff: [],
    },
    InstructionDiffRow {
        ins_ref: Some(
            InstructionRef {
                address: 252,
                size: 4,
                opcode: 264,
                branch_dest: None,
            },
        ),
        kind: None,
        branch_from: None,
        branch_to: None,
        arg_diff: [],
    },
    InstructionDiffRow {
        ins_ref: Some(
            InstructionRef {
                address: 256,
                size: 4,
                opcode: 455,
                branch_dest: None,
            },
        ),
        kind: None,
        branch_from: None,
        branch_to: None,
        arg_diff: [],
    },
    InstructionDiffRow {
        ins_ref: Some(
            InstructionRef {
                address: 260,
                size: 4,
                opcode: 459,
                branch_dest: None,
            },
        ),
        kind: None,
        branch_from: None,
        branch_to: None,
        arg_diff: [],
    },
    InstructionDiffRow {
        ins_ref: Some(
            InstructionRef {
                address: 264,
                size: 4,
                opcode: 264,
                branch_dest: None,
            },
        ),
        kind: None,
        branch_from: None,
        branch_to: None,
        arg_diff: [],
    },
    InstructionDiffRow {
        ins_ref: Some(
            InstructionRef {
                address: 268,
                size: 4,
                opcode: 455,
                branch_dest: None,
            },
        ),
        kind: None,
        branch_from: None,
        branch_to: None,
        arg_diff: [],
    },
    InstructionDiffRow {
        ins_ref: Some(
            InstructionRef {
                address: 272,
                size: 4,
                opcode: 459,
                branch_dest: None,
            },
        ),
        kind: None,
        branch_from: None,
        branch_to: None,
        arg_diff: [],
    },
    InstructionDiffRow {
        ins_ref: Some(
            InstructionRef {
                address: 276,
                size: 4,
                opcode: 263,
                branch_dest: None,
            },
        ),
        kind: None,
        branch_from: None,
        branch_to: None,
        arg_diff: [],
    },
    InstructionDiffRow {
        ins_ref: Some(
            InstructionRef {
                address: 280,
                size: 4,
                opcode: 263,
                branch_dest: None,
            },
        ),
        kind: None,
        branch_from: None,
        branch_to: None,
        arg_diff: [],
    },
    InstructionDiffRow {
        ins_ref: Some(
            InstructionRef {
                address: 284,
                size: 4,
                opcode: 267,
                branch_dest: None,
            },
        ),
        kind: None,
        branch_from: None,
        branch_to: None,
        arg_diff: [],
    },
    InstructionDiffRow {
        ins_ref: Some(
            InstructionRef {
                address: 288,
                size: 4,
                opcode: 263,
                branch_dest: None,
            },
        ),
        kind: None,
        branch_from: None,
        branch_to: None,
        arg_diff: [],
    },
    InstructionDiffRow {
        ins_ref: Some(
            InstructionRef {
                address: 292,
                size: 4,
                opcode: 194,
                branch_dest: None,
            },
        ),
        kind: None,
        branch_from: None,
        branch_to: None,
        arg_diff: [],
    },
    InstructionDiffRow {
        ins_ref: Some(
            InstructionRef {
                address: 296,
                size: 4,
                opcode: 263,
                branch_dest: None,
            },
        ),
        kind: None,
        branch_from: None,
        branch_to: None,
        arg_diff: [],
    },
    InstructionDiffRow {
        ins_ref: Some(
            InstructionRef {
                address: 300,
                size: 4,
                opcode: 187,
                branch_dest: None,
            },
        ),
        kind: None,
        branch_from: None,
        branch_to: None,
        arg_diff: [],
    },
    InstructionDiffRow {
        ins_ref: Some(
            InstructionRef {
                address: 304,
                size: 4,
                opcode: 263,
                branch_dest: None,
            },
        ),
        kind: None,
        branch_from: None,
        branch_to: None,
        arg_diff: [],
    },
    InstructionDiffRow {
        ins_ref: Some(
            InstructionRef {
                address: 308,
                size: 4,
                opcode: 194,
                branch_dest: None,
            },
        ),
        kind: None,
        branch_from: None,
        branch_to: None,
        arg_diff: [],
    },
    InstructionDiffRow {
        ins_ref: Some(
            InstructionRef {
                address: 312,
                size: 4,
                opcode: 263,
                branch_dest: None,
            },
        ),
        kind: None,
        branch_from: None,
        branch_to: None,
        arg_diff: [],
    },
    InstructionDiffRow {
        ins_ref: Some(
            InstructionRef {
                address: 316,
                size: 4,
                opcode: 263,
                branch_dest: None,
            },
        ),
        kind: None,
        branch_from: None,
        branch_to: None,
        arg_diff: [],
    },
    InstructionDiffRow {
        ins_ref: Some(
            InstructionRef {
                address: 320,
                size: 4,
                opcode: 267,
                branch_dest: None,
            },
        ),
        kind: None,
        branch_from: None,
        branch_to: None,
        arg_diff: [],
    },
    InstructionDiffRow {
        ins_ref: Some(
            InstructionRef {
                address: 324,
                size: 4,
                opcode: 263,
                branch_dest: None,
            },
        ),
        kind: None,
        branch_from: None,
        branch_to: None,
        arg_diff: [],
    },
    InstructionDiffRow {
        ins_ref: Some(
            InstructionRef {
                address: 328,
                size: 4,
                opcode: 194,
                branch_dest: None,
            },
        ),
        kind: None,
        branch_from: None,
        branch_to: None,
        arg_diff: [],
    },
    InstructionDiffRow {
        ins_ref: Some(
            InstructionRef {
                address: 332,
                size: 4,
                opcode: 263,
                branch_dest: None,
            },
        ),
        kind: None,
        branch_from: None,
        branch_to: None,
        arg_diff: [],
    },
    InstructionDiffRow {
        ins_ref: Some(
            InstructionRef {
                address: 336,
                size: 4,
                opcode: 187,
                branch_dest: None,
            },
        ),
        kind: None,
        branch_from: None,
        branch_to: None,
        arg_diff: [],
    },
    InstructionDiffRow {
        ins_ref: Some(
            InstructionRef {
                address: 340,
                size: 4,
                opcode: 263,
                branch_dest: None,
            },
        ),
        kind: None,
        branch_from: None,
        branch_to: None,
        arg_diff: [],
    },
    InstructionDiffRow {
        ins_ref: Some(
            InstructionRef {
                address: 344,
                size: 4,
                opcode: 194,
                branch_dest: None,
            },
        ),
        kind: None,
        branch_from: None,
        branch_to: None,
        arg_diff: [],
    },
    InstructionDiffRow {
        ins_ref: Some(
            InstructionRef {
                address: 348,
                size: 4,
                opcode: 263,
                branch_dest: None,
            },
        ),
        kind: None,
        branch_from: None,
        branch_to: None,
        arg_diff: [],
    },
    InstructionDiffRow {
        ins_ref: Some(
            InstructionRef {
                address: 352,
                size: 4,
                opcode: 263,
                branch_dest: None,
            },
        ),
        kind: None,
        branch_from: None,
        branch_to: None,
        arg_diff: [],
    },
    InstructionDiffRow {
        ins_ref: Some(
            InstructionRef {
                address: 356,
                size: 4,
                opcode: 267,
                branch_dest: None,
            },
        ),
        kind: None,
        branch_from: None,
        branch_to: None,
        arg_diff: [],
    },
    InstructionDiffRow {
        ins_ref: Some(
            InstructionRef {
                address: 360,
                size: 4,
                opcode: 263,
                branch_dest: None,
            },
        ),
        kind: None,
        branch_from: None,
        branch_to: None,
        arg_diff: [],
    },
    InstructionDiffRow {
        ins_ref: Some(
            InstructionRef {
                address: 364,
                size: 4,
                opcode: 194,
                branch_dest: None,
            },
        ),
        kind: None,
        branch_from: None,
        branch_to: None,
        arg_diff: [],
    },
    InstructionDiffRow {
        ins_ref: Some(
            InstructionRef {
                address: 368,
                size: 4,
                opcode: 263,
                branch_dest: None,
            },
        ),
        kind: None,
        branch_from: None,
        branch_to: None,
        arg_diff: [],
    },
    InstructionDiffRow {
        ins_ref: Some(
            InstructionRef {
                address: 372,
                size: 4,
                opcode: 187,
                branch_dest: None,
            },
        ),
        kind: None,
        branch_from: None,
        branch_to: None,
        arg_diff: [],
    },
    InstructionDiffRow {
        ins_ref: Some(
            InstructionRef {
                address: 376,
                size: 4,
                opcode: 263,
                branch_dest: None,
            },
        ),
        kind: None,
        branch_from: None,
        branch_to: None,
        arg_diff: [],
    },
    InstructionDiffRow {
        ins_ref: Some(
            InstructionRef {
                address: 380,
                size: 4,
                opcode: 194,
                branch_dest: None,
            },
        ),
        kind: None,
        branch_from: None,
        branch_to: None,
        arg_diff: [],
    },
    InstructionDiffRow {
        ins_ref: Some(
            InstructionRef {
                address: 384,
                size: 4,
                opcode: 263,
                branch_dest: None,
            },
        ),
        kind: None,
        branch_from: None,
        branch_to: None,
        arg_diff: [],
    },
    InstructionDiffRow {
        ins_ref: Some(
            InstructionRef {
                address: 388,
                size: 4,
                opcode: 187,
                branch_dest: None,
            },
        ),
        kind: None,
        branch_from: None,
        branch_to: None,
        arg_diff: [],
    },
    InstructionDiffRow {
        ins_ref: Some(
            InstructionRef {
                address: 392,
                size: 4,
                opcode: 263,
                branch_dest: None,
            },
        ),
        kind: None,
        branch_from: None,
        branch_to: None,
        arg_diff: [],
    },
    InstructionDiffRow {
        ins_ref: Some(
            InstructionRef {
                address: 396,
                size: 4,
                opcode: 187,
                branch_dest: None,
            },
        ),
        kind: None,
        branch_from: None,
        branch_to: None,
        arg_diff: [],
    },
    InstructionDiffRow {
        ins_ref: Some(
            InstructionRef {
                address: 400,
                size: 4,
                opcode: 263,
                branch_dest: None,
            },
        ),
        kind: None,
        branch_from: None,
        branch_to: None,
        arg_diff: [],
    },
    InstructionDiffRow {
        ins_ref: Some(
            InstructionRef {
                address: 404,
                size: 4,
                opcode: 187,
                branch_dest: None,
            },
        ),
        kind: None,
        branch_from: None,
        branch_to: None,
        arg_diff: [],
    },
    InstructionDiffRow {
        ins_ref: Some(
            InstructionRef {
                address: 408,
                size: 4,
                opcode: 76,
                branch_dest: None,
            },
        ),
        kind: None,
        branch_from: None,
        branch_to: None,
        arg_diff: [],
    },
    InstructionDiffRow {
        ins_ref: Some(
            InstructionRef {
                address: 412,
                size: 4,
                opcode: 263,
                branch_dest: None,
            },
        ),
        kind: None,
        branch_from: None,
        branch_to: None,
        arg_diff: [],
    },
    InstructionDiffRow {
        ins_ref: Some(
            InstructionRef {
                address: 416,
                size: 4,
                opcode: 194,
                branch_dest: None,
            },
        ),
        kind: None,
        branch_from: None,
        branch_to: None,
        arg_diff: [],
    },
    InstructionDiffRow {
        ins_ref: Some(
            InstructionRef {
                address: 420,
                size: 4,
                opcode: 263,
                branch_dest: None,
            },
        ),
        kind: None,
        branch_from: None,
        branch_to: None,
        arg_diff: [],
    },
    InstructionDiffRow {
        ins_ref: Some(
            InstructionRef {
                address: 424,
                size: 4,
                opcode: 187,
                branch_dest: None,
            },
        ),
        kind: None,
        branch_from: None,
        branch_to: None,
        arg_diff: [],
    },
    InstructionDiffRow {
        ins_ref: Some(
            InstructionRef {
                address: 428,
                size: 4,
                opcode: 263,
                branch_dest: None,
            },
        ),
        kind: None,
        branch_from: None,
        branch_to: None,
        arg_diff: [],
    },
    InstructionDiffRow {
        ins_ref: Some(
            InstructionRef {
                address: 432,
                size: 4,
                opcode: 194,
                branch_dest: None,
            },
        ),
        kind: None,
        branch_from: None,
        branch_to: None,
        arg_diff: [],
    },
    InstructionDiffRow {
        ins_ref: Some(
            InstructionRef {
                address: 436,
                size: 4,
                opcode: 263,
                branch_dest: None,
            },
        ),
        kind: None,
        branch_from: None,
        branch_to: None,
        arg_diff: [],
    },
    InstructionDiffRow {
        ins_ref: Some(
            InstructionRef {
                address: 440,
                size: 4,
                opcode: 187,
                branch_dest: None,
            },
        ),
        kind: None,
        branch_from: None,
        branch_to: None,
        arg_diff: [],
    },
    InstructionDiffRow {
        ins_ref: Some(
            InstructionRef {
                address: 444,
                size: 4,
                opcode: 263,
                branch_dest: None,
            },
        ),
        kind: None,
        branch_from: None,
        branch_to: None,
        arg_diff: [],
    },
    InstructionDiffRow {
        ins_ref: Some(
            InstructionRef {
                address: 448,
                size: 4,
                opcode: 187,
                branch_dest: None,
            },
        ),
        kind: None,
        branch_from: None,
        branch_to: None,
        arg_diff: [],
    },
    InstructionDiffRow {
        ins_ref: Some(
            InstructionRef {
                address: 452,
                size: 4,
                opcode: 203,
                branch_dest: None,
            },
        ),
        kind: None,
        branch_from: None,
        branch_to: None,
        arg_diff: [],
    },
    InstructionDiffRow {
        ins_ref: Some(
            InstructionRef {
                address: 456,
                size: 4,
                opcode: 263,
                branch_dest: None,
            },
        ),
        kind: None,
        branch_from: None,
        branch_to: None,
        arg_diff: [],
    },
    InstructionDiffRow {
        ins_ref: Some(
            InstructionRef {
                address: 460,
                size: 4,
                opcode: 194,
                branch_dest: None,
            },
        ),
        kind: None,
        branch_from: None,
        branch_to: None,
        arg_diff: [],
    },
    InstructionDiffRow {
        ins_ref: Some(
            InstructionRef {
                address: 464,
                size: 4,
                opcode: 263,
                branch_dest: None,
            },
        ),
        kind: None,
        branch_from: None,
        branch_to: None,
        arg_diff: [],
    },
    InstructionDiffRow {
        ins_ref: Some(
            InstructionRef {
                address: 468,
                size: 4,
                opcode: 187,
                branch_dest: None,
            },
        ),
        kind: None,
        branch_from: None,
        branch_to: None,
        arg_diff: [],
    },
    InstructionDiffRow {
        ins_ref: Some(
            InstructionRef {
                address: 472,
                size: 4,
                opcode: 263,
                branch_dest: None,
            },
        ),
        kind: None,
        branch_from: None,
        branch_to: None,
        arg_diff: [],
    },
    InstructionDiffRow {
        ins_ref: Some(
            InstructionRef {
                address: 476,
                size: 4,
                opcode: 194,
                branch_dest: None,
            },
        ),
        kind: None,
        branch_from: None,
        branch_to: None,
        arg_diff: [],
    },
    InstructionDiffRow {
        ins_ref: Some(
            InstructionRef {
                address: 480,
                size: 4,
                opcode: 263,
                branch_dest: None,
            },
        ),
        kind: None,
        branch_from: None,
        branch_to: None,
        arg_diff: [],
    },
    InstructionDiffRow {
        ins_ref: Some(
            InstructionRef {
                address: 484,
                size: 4,
                opcode: 263,
                branch_dest: None,
            },
        ),
        kind: None,
        branch_from: None,
        branch_to: None,
        arg_diff: [],
    },
    InstructionDiffRow {
        ins_ref: Some(
            InstructionRef {
                address: 488,
                size: 4,
                opcode: 263,
                branch_dest: None,
            },
        ),
        kind: None,
        branch_from: None,
        branch_to: None,
        arg_diff: [],
    },
    InstructionDiffRow {
        ins_ref: Some(
            InstructionRef {
                address: 492,
                size: 4,
                opcode: 187,
                branch_dest: None,
            },
        ),
        kind: None,
        branch_from: None,
        branch_to: None,
        arg_diff: [],
    },
    InstructionDiffRow {
        ins_ref: Some(
            InstructionRef {
                address: 496,
                size: 4,
                opcode: 267,
                branch_dest: None,
            },
        ),
        kind: None,
        branch_from: None,
        branch_to: None,
        arg_diff: [],
    },
    InstructionDiffRow {
        ins_ref: Some(
            InstructionRef {
                address: 500,
                size: 4,
                opcode: 263,
                branch_dest: None,
            },
        ),
        kind: None,
        branch_from: None,
        branch_to: None,
        arg_diff: [],
    },
    InstructionDiffRow {
        ins_ref: Some(
            InstructionRef {
                address: 504,
                size: 4,
                opcode: 263,
                branch_dest: None,
            },
        ),
        kind: None,
        branch_from: None,
        branch_to: None,
        arg_diff: [],
    },
    InstructionDiffRow {
        ins_ref: Some(
            InstructionRef {
                address: 508,
                size: 4,
                opcode: 263,
                branch_dest: None,
            },
        ),
        kind: None,
        branch_from: None,
        branch_to: None,
        arg_diff: [],
    },
    InstructionDiffRow {
        ins_ref: Some(
            InstructionRef {
                address: 512,
                size: 4,
                opcode: 187,
                branch_dest: None,
            },
        ),
        kind: None,
        branch_from: None,
        branch_to: None,
        arg_diff: [],
    },
    InstructionDiffRow {
        ins_ref: Some(
            InstructionRef {
                address: 516,
                size: 4,
                opcode: 267,
                branch_dest: None,
            },
        ),
        kind: None,
        branch_from: None,
        branch_to: None,
        arg_diff: [],
    },
    InstructionDiffRow {
        ins_ref: Some(
            InstructionRef {
                address: 520,
                size: 4,
                opcode: 264,
                branch_dest: None,
            },
        ),
        kind: None,
        branch_from: None,
        branch_to: None,
        arg_diff: [],
    },
    InstructionDiffRow {
        ins_ref: Some(
            InstructionRef {
                address: 524,
                size: 4,
                opcode: 263,
                branch_dest: None,
            },
        ),
        kind: None,
        branch_from: None,
        branch_to: None,
        arg_diff: [],
    },
    InstructionDiffRow {
        ins_ref: Some(
            InstructionRef {
                address: 528,
                size: 4,
                opcode: 267,
                branch_dest: None,
            },
        ),
        kind: None,
        branch_from: None,
        branch_to: None,
        arg_diff: [],
    },
    InstructionDiffRow {
        ins_ref: Some(
            InstructionRef {
                address: 532,
                size: 4,
                opcode: 263,
                branch_dest: None,
            },
        ),
        kind: None,
        branch_from: None,
        branch_to: None,
        arg_diff: [],
    },
    InstructionDiffRow {
        ins_ref: Some(
            InstructionRef {
                address: 536,
                size: 4,
                opcode: 187,
                branch_dest: None,
            },
        ),
        kind: None,
        branch_from: None,
        branch_to: None,
        arg_diff: [],
    },
    InstructionDiffRow {
        ins_ref: Some(
            InstructionRef {
                address: 540,
                size: 4,
                opcode: 264,
                branch_dest: None,
            },
        ),
        kind: None,
        branch_from: None,
        branch_to: None,
        arg_diff: [],
    },
    InstructionDiffRow {
        ins_ref: Some(
            InstructionRef {
                address: 544,
                size: 4,
                opcode: 263,
                branch_dest: None,
            },
        ),
        kind: None,
        branch_from: None,
        branch_to: None,
        arg_diff: [],
    },
    InstructionDiffRow {
        ins_ref: Some(
            InstructionRef {
                address: 548,
                size: 4,
                opcode: 267,
                branch_dest: None,
            },
        ),
        kind: None,
        branch_from: None,
        branch_to: None,
        arg_diff: [],
    },
    InstructionDiffRow {
        ins_ref: Some(
            InstructionRef {
                address: 552,
                size: 4,
                opcode: 263,
                branch_dest: None,
            },
        ),
        kind: None,
        branch_from: None,
        branch_to: None,
        arg_diff: [],
    },
    InstructionDiffRow {
        ins_ref: Some(
            InstructionRef {
                address: 556,
                size: 4,
                opcode: 187,
                branch_dest: None,
            },
        ),
        kind: None,
        branch_from: None,
        branch_to: None,
        arg_diff: [],
    },
    InstructionDiffRow {
        ins_ref: Some(
            InstructionRef {
                address: 560,
                size: 4,
                opcode: 264,
                branch_dest: None,
            },
        ),
        kind: None,
        branch_from: None,
        branch_to: None,
        arg_diff: [],
    },
    InstructionDiffRow {
        ins_ref: Some(
            InstructionRef {
                address: 564,
                size: 4,
                opcode: 263,
                branch_dest: None,
            },
        ),
        kind: None,
        branch_from: None,
        branch_to: None,
        arg_diff: [],
    },
    InstructionDiffRow {
        ins_ref: Some(
            InstructionRef {
                address: 568,
                size: 4,
                opcode: 267,
                branch_dest: None,
            },
        ),
        kind: None,
        branch_from: None,
        branch_to: None,
        arg_diff: [],
    },
    InstructionDiffRow {
        ins_ref: Some(
            InstructionRef {
                address: 572,
                size: 4,
                opcode: 263,
                branch_dest: None,
            },
        ),
        kind: None,
        branch_from: None,
        branch_to: None,
        arg_diff: [],
    },
    InstructionDiffRow {
        ins_ref: Some(
            InstructionRef {
                address: 576,
                size: 4,
                opcode: 187,
                branch_dest: None,
            },
        ),
        kind: None,
        branch_from: None,
        branch_to: None,
        arg_diff: [],
    },
    InstructionDiffRow {
        ins_ref: Some(
            InstructionRef {
                address: 580,
                size: 4,
                opcode: 264,
                branch_dest: None,
            },
        ),
        kind: None,
        branch_from: None,
        branch_to: None,
        arg_diff: [],
    },
    InstructionDiffRow {
        ins_ref: Some(
            InstructionRef {
                address: 584,
                size: 4,
                opcode: 263,
                branch_dest: None,
            },
        ),
        kind: None,
        branch_from: None,
        branch_to: None,
        arg_diff: [],
    },
    InstructionDiffRow {
        ins_ref: Some(
            InstructionRef {
                address: 588,
                size: 4,
                opcode: 267,
                branch_dest: None,
            },
        ),
        kind: None,
        branch_from: None,
        branch_to: None,
        arg_diff: [],
    },
    InstructionDiffRow {
        ins_ref: Some(
            InstructionRef {
                address: 592,
                size: 4,
                opcode: 263,
                branch_dest: None,
            },
        ),
        kind: None,
        branch_from: None,
        branch_to: None,
        arg_diff: [],
    },
    InstructionDiffRow {
        ins_ref: Some(
            InstructionRef {
                address: 596,
                size: 4,
                opcode: 187,
                branch_dest: None,
            },
        ),
        kind: None,
        branch_from: None,
        branch_to: None,
        arg_diff: [],
    },
    InstructionDiffRow {
        ins_ref: Some(
            InstructionRef {
                address: 600,
                size: 4,
                opcode: 264,
                branch_dest: None,
            },
        ),
        kind: None,
        branch_from: None,
        branch_to: None,
        arg_diff: [],
    },
    InstructionDiffRow {
        ins_ref: Some(
            InstructionRef {
                address: 604,
                size: 4,
                opcode: 263,
                branch_dest: None,
            },
        ),
        kind: None,
        branch_from: None,
        branch_to: None,
        arg_diff: [],
    },
    InstructionDiffRow {
        ins_ref: Some(
            InstructionRef {
                address: 608,
                size: 4,
                opcode: 267,
                branch_dest: None,
            },
        ),
        kind: None,
        branch_from: None,
        branch_to: None,
        arg_diff: [],
    },
    InstructionDiffRow {
        ins_ref: Some(
            InstructionRef {
                address: 612,
                size: 4,
                opcode: 264,
                branch_dest: None,
            },
        ),
        kind: None,
        branch_from: None,
        branch_to: None,
        arg_diff: [],
    },
    InstructionDiffRow {
        ins_ref: Some(
            InstructionRef {
                address: 616,
                size: 4,
                opcode: 263,
                branch_dest: None,
            },
        ),
        kind: None,
        branch_from: None,
        branch_to: None,
        arg_diff: [],
    },
    InstructionDiffRow {
        ins_ref: Some(
            InstructionRef {
                address: 620,
                size: 4,
                opcode: 267,
                branch_dest: None,
            },
        ),
        kind: None,
        branch_from: None,
        branch_to: None,
        arg_diff: [],
    },
    InstructionDiffRow {
        ins_ref: Some(
            InstructionRef {
                address: 624,
                size: 4,
                opcode: 263,
                branch_dest: None,
            },
        ),
        kind: None,
        branch_from: None,
        branch_to: None,
        arg_diff: [],
    },
    InstructionDiffRow {
        ins_ref: Some(
            InstructionRef {
                address: 628,
                size: 4,
                opcode: 439,
                branch_dest: None,
            },
        ),
        kind: None,
        branch_from: None,
        branch_to: None,
        arg_diff: [],
    },
    InstructionDiffRow {
        ins_ref: Some(
            InstructionRef {
                address: 632,
                size: 4,
                opcode: 348,
                branch_dest: None,
            },
        ),
        kind: None,
        branch_from: None,
        branch_to: None,
        arg_diff: [],
    },
    InstructionDiffRow {
        ins_ref: Some(
            InstructionRef {
                address: 636,
                size: 4,
                opcode: 269,
                branch_dest: None,
            },
        ),
        kind: None,
        branch_from: None,
        branch_to: None,
        arg_diff: [],
    },
]
