---
source: objdiff-core/tests/arch_x86.rs
expression: obj
---
Object {
    arch: ArchX86 {
        arch: X86_64,
        endianness: Little,
    },
    endianness: Little,
    symbols: [
        Symbol {
            name: "@comp.id",
            demangled_name: None,
            address: 0,
            size: 0,
            kind: Object,
            section: None,
            flags: FlagSet(Local),
            align: None,
            virtual_address: None,
        },
        Symbol {
            name: "@feat.00",
            demangled_name: None,
            address: 0,
            size: 0,
            kind: Object,
            section: None,
            flags: FlagSet(Local),
            align: None,
            virtual_address: None,
        },
        Symbol {
            name: "@vol.md",
            demangled_name: None,
            address: 0,
            size: 0,
            kind: Object,
            section: None,
            flags: FlagSet(Local),
            align: None,
            virtual_address: None,
        },
        Symbol {
            name: "[.drectve]",
            demangled_name: None,
            address: 0,
            size: 47,
            kind: Section,
            section: Some(
                0,
            ),
            flags: FlagSet(Local),
            align: None,
            virtual_address: None,
        },
        Symbol {
            name: "[.debug$S]",
            demangled_name: None,
            address: 0,
            size: 156,
            kind: Section,
            section: Some(
                1,
            ),
            flags: FlagSet(Local),
            align: None,
            virtual_address: None,
        },
        Symbol {
            name: "[.text$mn]",
            demangled_name: None,
            address: 0,
            size: 0,
            kind: Section,
            section: Some(
                2,
            ),
            flags: FlagSet(Local),
            align: None,
            virtual_address: None,
        },
        Symbol {
            name: "[.text$mn]",
            demangled_name: None,
            address: 0,
            size: 0,
            kind: Section,
            section: Some(
                3,
            ),
            flags: FlagSet(Local),
            align: None,
            virtual_address: None,
        },
        Symbol {
            name: "[.text$mn]",
            demangled_name: None,
            address: 0,
            size: 0,
            kind: Section,
            section: Some(
                4,
            ),
            flags: FlagSet(Local),
            align: None,
            virtual_address: None,
        },
        Symbol {
            name: "[.text$mn]",
            demangled_name: None,
            address: 0,
            size: 0,
            kind: Section,
            section: Some(
                5,
            ),
            flags: FlagSet(Local),
            align: None,
            virtual_address: None,
        },
        Symbol {
            name: "[.text$mn]",
            demangled_name: None,
            address: 0,
            size: 0,
            kind: Section,
            section: Some(
                6,
            ),
            flags: FlagSet(Local),
            align: None,
            virtual_address: None,
        },
        Symbol {
            name: "?InterpolateLinear@Vector@@QEAAXPEAU1@0M@Z",
            demangled_name: Some(
                "public: void __cdecl Vector::InterpolateLinear(struct Vector *, struct Vector *, float)",
            ),
            address: 0,
            size: 0,
            kind: Function,
            section: None,
            flags: FlagSet(Global),
            align: None,
            virtual_address: None,
        },
        Symbol {
            name: "?Dot@Vector@@QEAAMPEAU1@@Z",
            demangled_name: Some(
                "public: float __cdecl Vector::Dot(struct Vector *)",
            ),
            address: 0,
            size: 87,
            kind: Function,
            section: Some(
                4,
            ),
            flags: FlagSet(Global | SizeInferred),
            align: None,
            virtual_address: None,
        },
        Symbol {
            name: "?DistSq@Vector@@QEAAMPEAU1@@Z",
            demangled_name: Some(
                "public: float __cdecl Vector::DistSq(struct Vector *)",
            ),
            address: 0,
            size: 141,
            kind: Function,
            section: Some(
                3,
            ),
            flags: FlagSet(Global | SizeInferred),
            align: None,
            virtual_address: None,
        },
        Symbol {
            name: "?Sub@Vector@@QEAAXPEAU1@0@Z",
            demangled_name: Some(
                "public: void __cdecl Vector::Sub(struct Vector *, struct Vector *)",
            ),
            address: 0,
            size: 105,
            kind: Function,
            section: Some(
                5,
            ),
            flags: FlagSet(Global | SizeInferred),
            align: None,
            virtual_address: None,
        },
        Symbol {
            name: "?Vector_MagSquared@@YAMPEAUVector@@@Z",
            demangled_name: Some(
                "float __cdecl Vector_MagSquared(struct Vector *)",
            ),
            address: 0,
            size: 82,
            kind: Function,
            section: Some(
                6,
            ),
            flags: FlagSet(Global | SizeInferred),
            align: None,
            virtual_address: None,
        },
        Symbol {
            name: "?Tools_CapsuleTestMagSq@@YA_NPEAUVector@@00M@Z",
            demangled_name: Some(
                "bool __cdecl Tools_CapsuleTestMagSq(struct Vector *, struct Vector *, struct Vector *, float)",
            ),
            address: 0,
            size: 429,
            kind: Function,
            section: Some(
                2,
            ),
            flags: FlagSet(Global | SizeInferred),
            align: None,
            virtual_address: None,
        },
        Symbol {
            name: "_RTC_CheckStackVars",
            demangled_name: None,
            address: 0,
            size: 0,
            kind: Function,
            section: None,
            flags: FlagSet(Global),
            align: None,
            virtual_address: None,
        },
        Symbol {
            name: "_RTC_InitBase",
            demangled_name: None,
            address: 0,
            size: 0,
            kind: Function,
            section: None,
            flags: FlagSet(Global),
            align: None,
            virtual_address: None,
        },
        Symbol {
            name: "_RTC_Shutdown",
            demangled_name: None,
            address: 0,
            size: 0,
            kind: Function,
            section: None,
            flags: FlagSet(Global),
            align: None,
            virtual_address: None,
        },
        Symbol {
            name: "__GSHandlerCheck",
            demangled_name: None,
            address: 0,
            size: 0,
            kind: Function,
            section: None,
            flags: FlagSet(Global),
            align: None,
            virtual_address: None,
        },
        Symbol {
            name: "__security_check_cookie",
            demangled_name: None,
            address: 0,
            size: 0,
            kind: Function,
            section: None,
            flags: FlagSet(Global),
            align: None,
            virtual_address: None,
        },
        Symbol {
            name: "$LN3",
            demangled_name: None,
            address: 0,
            size: 0,
            kind: Unknown,
            section: Some(
                4,
            ),
            flags: FlagSet(Local),
            align: None,
            virtual_address: None,
        },
        Symbol {
            name: "$LN3",
            demangled_name: None,
            address: 0,
            size: 0,
            kind: Unknown,
            section: Some(
                3,
            ),
            flags: FlagSet(Local),
            align: None,
            virtual_address: None,
        },
        Symbol {
            name: "$LN3",
            demangled_name: None,
            address: 0,
            size: 0,
            kind: Unknown,
            section: Some(
                5,
            ),
            flags: FlagSet(Local),
            align: None,
            virtual_address: None,
        },
        Symbol {
            name: "$LN3",
            demangled_name: None,
            address: 0,
            size: 0,
            kind: Unknown,
            section: Some(
                6,
            ),
            flags: FlagSet(Local),
            align: None,
            virtual_address: None,
        },
        Symbol {
            name: "$LN8",
            demangled_name: None,
            address: 0,
            size: 0,
            kind: Unknown,
            section: Some(
                2,
            ),
            flags: FlagSet(Local),
            align: None,
            virtual_address: None,
        },
        Symbol {
            name: "[.xdata]",
            demangled_name: None,
            address: 0,
            size: 0,
            kind: Section,
            section: Some(
                7,
            ),
            flags: FlagSet(Local),
            align: None,
            virtual_address: None,
        },
        Symbol {
            name: "$unwind$?Dot@Vector@@QEAAMPEAU1@@Z",
            demangled_name: None,
            address: 0,
            size: 8,
            kind: Object,
            section: Some(
                7,
            ),
            flags: FlagSet(Local | SizeInferred),
            align: None,
            virtual_address: None,
        },
        Symbol {
            name: "[.pdata]",
            demangled_name: None,
            address: 0,
            size: 0,
            kind: Section,
            section: Some(
                8,
            ),
            flags: FlagSet(Local),
            align: None,
            virtual_address: None,
        },
        Symbol {
            name: "$pdata$?Dot@Vector@@QEAAMPEAU1@@Z",
            demangled_name: None,
            address: 0,
            size: 12,
            kind: Object,
            section: Some(
                8,
            ),
            flags: FlagSet(Local | SizeInferred),
            align: None,
            virtual_address: None,
        },
        Symbol {
            name: "[.xdata]",
            demangled_name: None,
            address: 0,
            size: 0,
            kind: Section,
            section: Some(
                9,
            ),
            flags: FlagSet(Local),
            align: None,
            virtual_address: None,
        },
        Symbol {
            name: "$unwind$?DistSq@Vector@@QEAAMPEAU1@@Z",
            demangled_name: None,
            address: 0,
            size: 8,
            kind: Object,
            section: Some(
                9,
            ),
            flags: FlagSet(Local | SizeInferred),
            align: None,
            virtual_address: None,
        },
        Symbol {
            name: "[.pdata]",
            demangled_name: None,
            address: 0,
            size: 0,
            kind: Section,
            section: Some(
                10,
            ),
            flags: FlagSet(Local),
            align: None,
            virtual_address: None,
        },
        Symbol {
            name: "$pdata$?DistSq@Vector@@QEAAMPEAU1@@Z",
            demangled_name: None,
            address: 0,
            size: 12,
            kind: Object,
            section: Some(
                10,
            ),
            flags: FlagSet(Local | SizeInferred),
            align: None,
            virtual_address: None,
        },
        Symbol {
            name: "[.xdata]",
            demangled_name: None,
            address: 0,
            size: 0,
            kind: Section,
            section: Some(
                11,
            ),
            flags: FlagSet(Local),
            align: None,
            virtual_address: None,
        },
        Symbol {
            name: "$unwind$?Sub@Vector@@QEAAXPEAU1@0@Z",
            demangled_name: None,
            address: 0,
            size: 8,
            kind: Object,
            section: Some(
                11,
            ),
            flags: FlagSet(Local | SizeInferred),
            align: None,
            virtual_address: None,
        },
        Symbol {
            name: "[.pdata]",
            demangled_name: None,
            address: 0,
            size: 0,
            kind: Section,
            section: Some(
                12,
            ),
            flags: FlagSet(Local),
            align: None,
            virtual_address: None,
        },
        Symbol {
            name: "$pdata$?Sub@Vector@@QEAAXPEAU1@0@Z",
            demangled_name: None,
            address: 0,
            size: 12,
            kind: Object,
            section: Some(
                12,
            ),
            flags: FlagSet(Local | SizeInferred),
            align: None,
            virtual_address: None,
        },
        Symbol {
            name: "[.xdata]",
            demangled_name: None,
            address: 0,
            size: 0,
            kind: Section,
            section: Some(
                13,
            ),
            flags: FlagSet(Local),
            align: None,
            virtual_address: None,
        },
        Symbol {
            name: "$unwind$?Vector_MagSquared@@YAMPEAUVector@@@Z",
            demangled_name: None,
            address: 0,
            size: 8,
            kind: Object,
            section: Some(
                13,
            ),
            flags: FlagSet(Local | SizeInferred),
            align: None,
            virtual_address: None,
        },
        Symbol {
            name: "[.pdata]",
            demangled_name: None,
            address: 0,
            size: 0,
            kind: Section,
            section: Some(
                14,
            ),
            flags: FlagSet(Local),
            align: None,
            virtual_address: None,
        },
        Symbol {
            name: "$pdata$?Vector_MagSquared@@YAMPEAUVector@@@Z",
            demangled_name: None,
            address: 0,
            size: 12,
            kind: Object,
            section: Some(
                14,
            ),
            flags: FlagSet(Local | SizeInferred),
            align: None,
            virtual_address: None,
        },
        Symbol {
            name: "[.rdata]",
            demangled_name: None,
            address: 0,
            size: 0,
            kind: Section,
            section: Some(
                15,
            ),
            flags: FlagSet(Local),
            align: None,
            virtual_address: None,
        },
        Symbol {
            name: "?Tools_CapsuleTestMagSq@@YA_NPEAUVector@@00M@Z$rtcName$0",
            demangled_name: Some(
                "bool __cdecl Tools_CapsuleTestMagSq(struct Vector *, struct Vector *, struct Vector *, float)",
            ),
            address: 0,
            size: 16,
            kind: Object,
            section: Some(
                15,
            ),
            flags: FlagSet(Local | SizeInferred),
            align: None,
            virtual_address: None,
        },
        Symbol {
            name: "?Tools_CapsuleTestMagSq@@YA_NPEAUVector@@00M@Z$rtcName$1",
            demangled_name: Some(
                "bool __cdecl Tools_CapsuleTestMagSq(struct Vector *, struct Vector *, struct Vector *, float)",
            ),
            address: 16,
            size: 12,
            kind: Object,
            section: Some(
                15,
            ),
            flags: FlagSet(Local | SizeInferred),
            align: None,
            virtual_address: None,
        },
        Symbol {
            name: "?Tools_CapsuleTestMagSq@@YA_NPEAUVector@@00M@Z$rtcName$2",
            demangled_name: Some(
                "bool __cdecl Tools_CapsuleTestMagSq(struct Vector *, struct Vector *, struct Vector *, float)",
            ),
            address: 28,
            size: 20,
            kind: Object,
            section: Some(
                15,
            ),
            flags: FlagSet(Local | SizeInferred),
            align: None,
            virtual_address: None,
        },
        Symbol {
            name: "?Tools_CapsuleTestMagSq@@YA_NPEAUVector@@00M@Z$rtcVarDesc",
            demangled_name: Some(
                "bool __cdecl Tools_CapsuleTestMagSq(struct Vector *, struct Vector *, struct Vector *, float)",
            ),
            address: 48,
            size: 192,
            kind: Object,
            section: Some(
                15,
            ),
            flags: FlagSet(Local | SizeInferred),
            align: None,
            virtual_address: None,
        },
        Symbol {
            name: "?Tools_CapsuleTestMagSq@@YA_NPEAUVector@@00M@Z$rtcFrameData",
            demangled_name: Some(
                "bool __cdecl Tools_CapsuleTestMagSq(struct Vector *, struct Vector *, struct Vector *, float)",
            ),
            address: 240,
            size: 16,
            kind: Object,
            section: Some(
                15,
            ),
            flags: FlagSet(Local | SizeInferred),
            align: None,
            virtual_address: None,
        },
        Symbol {
            name: "[.xdata]",
            demangled_name: None,
            address: 0,
            size: 0,
            kind: Section,
            section: Some(
                16,
            ),
            flags: FlagSet(Local),
            align: None,
            virtual_address: None,
        },
        Symbol {
            name: "$unwind$?Tools_CapsuleTestMagSq@@YA_NPEAUVector@@00M@Z",
            demangled_name: None,
            address: 0,
            size: 20,
            kind: Object,
            section: Some(
                16,
            ),
            flags: FlagSet(Local | SizeInferred),
            align: None,
            virtual_address: None,
        },
        Symbol {
            name: "[.pdata]",
            demangled_name: None,
            address: 0,
            size: 0,
            kind: Section,
            section: Some(
                17,
            ),
            flags: FlagSet(Local),
            align: None,
            virtual_address: None,
        },
        Symbol {
            name: "$pdata$?Tools_CapsuleTestMagSq@@YA_NPEAUVector@@00M@Z",
            demangled_name: None,
            address: 0,
            size: 12,
            kind: Object,
            section: Some(
                17,
            ),
            flags: FlagSet(Local | SizeInferred),
            align: None,
            virtual_address: None,
        },
        Symbol {
            name: "[.voltbl]",
            demangled_name: None,
            address: 0,
            size: 0,
            kind: Section,
            section: Some(
                18,
            ),
            flags: FlagSet(Local),
            align: None,
            virtual_address: None,
        },
        Symbol {
            name: "_volmd",
            demangled_name: None,
            address: 0,
            size: 16,
            kind: Object,
            section: Some(
                18,
            ),
            flags: FlagSet(Local | SizeInferred),
            align: None,
            virtual_address: None,
        },
        Symbol {
            name: "[.rtc$IMZ]",
            demangled_name: None,
            address: 0,
            size: 0,
            kind: Section,
            section: Some(
                19,
            ),
            flags: FlagSet(Local),
            align: None,
            virtual_address: None,
        },
        Symbol {
            name: "_RTC_InitBase.rtc$IMZ",
            demangled_name: None,
            address: 0,
            size: 8,
            kind: Object,
            section: Some(
                19,
            ),
            flags: FlagSet(Local | SizeInferred),
            align: None,
            virtual_address: None,
        },
        Symbol {
            name: "[.rtc$TMZ]",
            demangled_name: None,
            address: 0,
            size: 0,
            kind: Section,
            section: Some(
                20,
            ),
            flags: FlagSet(Local),
            align: None,
            virtual_address: None,
        },
        Symbol {
            name: "_RTC_Shutdown.rtc$TMZ",
            demangled_name: None,
            address: 0,
            size: 8,
            kind: Object,
            section: Some(
                20,
            ),
            flags: FlagSet(Local | SizeInferred),
            align: None,
            virtual_address: None,
        },
        Symbol {
            name: "[.rdata]",
            demangled_name: None,
            address: 0,
            size: 0,
            kind: Section,
            section: Some(
                21,
            ),
            flags: FlagSet(Local),
            align: None,
            virtual_address: None,
        },
        Symbol {
            name: "__real@00000000",
            demangled_name: None,
            address: 0,
            size: 4,
            kind: Object,
            section: Some(
                21,
            ),
            flags: FlagSet(Global | SizeInferred),
            align: None,
            virtual_address: None,
        },
        Symbol {
            name: "[.rdata]",
            demangled_name: None,
            address: 0,
            size: 0,
            kind: Section,
            section: Some(
                22,
            ),
            flags: FlagSet(Local),
            align: None,
            virtual_address: None,
        },
        Symbol {
            name: "__real@3f800000",
            demangled_name: None,
            address: 0,
            size: 4,
            kind: Object,
            section: Some(
                22,
            ),
            flags: FlagSet(Global | SizeInferred),
            align: None,
            virtual_address: None,
        },
        Symbol {
            name: "__security_cookie",
            demangled_name: None,
            address: 0,
            size: 0,
            kind: Object,
            section: None,
            flags: FlagSet(Global),
            align: None,
            virtual_address: None,
        },
        Symbol {
            name: "_fltused",
            demangled_name: None,
            address: 0,
            size: 0,
            kind: Object,
            section: None,
            flags: FlagSet(Global),
            align: None,
            virtual_address: None,
        },
        Symbol {
            name: "[.chks64]",
            demangled_name: None,
            address: 0,
            size: 192,
            kind: Section,
            section: Some(
                23,
            ),
            flags: FlagSet(Local),
            align: None,
            virtual_address: None,
        },
    ],
    sections: [
        Section {
            id: ".drectve-0",
            name: ".drectve",
            address: 0,
            offset: Some(
                980,
            ),
            size: 47,
            kind: Unknown,
            data: SectionData(
                0,
            ),
            flags: FlagSet(),
            align: Some(
                1,
            ),
            relocations: [],
            line_info: {},
            virtual_address: None,
        },
        Section {
            id: ".debug$S-0",
            name: ".debug$S",
            address: 0,
            offset: Some(
                1027,
            ),
            size: 156,
            kind: Unknown,
            data: SectionData(
                0,
            ),
            flags: FlagSet(),
            align: Some(
                1,
            ),
            relocations: [],
            line_info: {},
            virtual_address: None,
        },
        Section {
            id: ".text$mn-0",
            name: ".text$mn",
            address: 0,
            offset: Some(
                1183,
            ),
            size: 429,
            kind: Code,
            data: SectionData(
                429,
            ),
            flags: FlagSet(),
            align: Some(
                16,
            ),
            relocations: [
                Relocation {
                    flags: Coff(
                        4,
                    ),
                    address: 57,
                    target_symbol: 62,
                    addend: 0,
                },
                Relocation {
                    flags: Coff(
                        4,
                    ),
                    address: 89,
                    target_symbol: 12,
                    addend: 0,
                },
                Relocation {
                    flags: Coff(
                        4,
                    ),
                    address: 124,
                    target_symbol: 12,
                    addend: 0,
                },
                Relocation {
                    flags: Coff(
                        4,
                    ),
                    address: 171,
                    target_symbol: 13,
                    addend: 0,
                },
                Relocation {
                    flags: Coff(
                        4,
                    ),
                    address: 197,
                    target_symbol: 13,
                    addend: 0,
                },
                Relocation {
                    flags: Coff(
                        4,
                    ),
                    address: 212,
                    target_symbol: 11,
                    addend: 0,
                },
                Relocation {
                    flags: Coff(
                        4,
                    ),
                    address: 228,
                    target_symbol: 14,
                    addend: 0,
                },
                Relocation {
                    flags: Coff(
                        4,
                    ),
                    address: 247,
                    target_symbol: 59,
                    addend: 0,
                },
                Relocation {
                    flags: Coff(
                        4,
                    ),
                    address: 286,
                    target_symbol: 59,
                    addend: 0,
                },
                Relocation {
                    flags: Coff(
                        4,
                    ),
                    address: 296,
                    target_symbol: 61,
                    addend: 0,
                },
                Relocation {
                    flags: Coff(
                        4,
                    ),
                    address: 338,
                    target_symbol: 10,
                    addend: 0,
                },
                Relocation {
                    flags: Coff(
                        4,
                    ),
                    address: 359,
                    target_symbol: 12,
                    addend: 0,
                },
                Relocation {
                    flags: Coff(
                        4,
                    ),
                    address: 392,
                    target_symbol: 47,
                    addend: 0,
                },
                Relocation {
                    flags: Coff(
                        4,
                    ),
                    address: 397,
                    target_symbol: 16,
                    addend: 0,
                },
                Relocation {
                    flags: Coff(
                        4,
                    ),
                    address: 416,
                    target_symbol: 20,
                    addend: 0,
                },
            ],
            line_info: {},
            virtual_address: None,
        },
        Section {
            id: ".text$mn-1",
            name: ".text$mn",
            address: 0,
            offset: Some(
                1762,
            ),
            size: 141,
            kind: Code,
            data: SectionData(
                141,
            ),
            flags: FlagSet(),
            align: Some(
                16,
            ),
            relocations: [],
            line_info: {},
            virtual_address: None,
        },
        Section {
            id: ".text$mn-2",
            name: ".text$mn",
            address: 0,
            offset: Some(
                1903,
            ),
            size: 87,
            kind: Code,
            data: SectionData(
                87,
            ),
            flags: FlagSet(),
            align: Some(
                16,
            ),
            relocations: [],
            line_info: {},
            virtual_address: None,
        },
        Section {
            id: ".text$mn-3",
            name: ".text$mn",
            address: 0,
            offset: Some(
                1990,
            ),
            size: 105,
            kind: Code,
            data: SectionData(
                105,
            ),
            flags: FlagSet(),
            align: Some(
                16,
            ),
            relocations: [],
            line_info: {},
            virtual_address: None,
        },
        Section {
            id: ".text$mn-4",
            name: ".text$mn",
            address: 0,
            offset: Some(
                2095,
            ),
            size: 82,
            kind: Code,
            data: SectionData(
                82,
            ),
            flags: FlagSet(),
            align: Some(
                16,
            ),
            relocations: [],
            line_info: {},
            virtual_address: None,
        },
        Section {
            id: ".xdata-0",
            name: ".xdata",
            address: 0,
            offset: Some(
                2177,
            ),
            size: 8,
            kind: Data,
            data: SectionData(
                8,
            ),
            flags: FlagSet(),
            align: Some(
                4,
            ),
            relocations: [],
            line_info: {},
            virtual_address: None,
        },
        Section {
            id: ".pdata-0",
            name: ".pdata",
            address: 0,
            offset: Some(
                2185,
            ),
            size: 12,
            kind: Data,
            data: SectionData(
                12,
            ),
            flags: FlagSet(),
            align: Some(
                4,
            ),
            relocations: [
                Relocation {
                    flags: Coff(
                        3,
                    ),
                    address: 0,
                    target_symbol: 21,
                    addend: 0,
                },
                Relocation {
                    flags: Coff(
                        3,
                    ),
                    address: 4,
                    target_symbol: 21,
                    addend: 87,
                },
                Relocation {
                    flags: Coff(
                        3,
                    ),
                    address: 8,
                    target_symbol: 27,
                    addend: 0,
                },
            ],
            line_info: {},
            virtual_address: None,
        },
        Section {
            id: ".xdata-1",
            name: ".xdata",
            address: 0,
            offset: Some(
                2227,
            ),
            size: 8,
            kind: Data,
            data: SectionData(
                8,
            ),
            flags: FlagSet(),
            align: Some(
                4,
            ),
            relocations: [],
            line_info: {},
            virtual_address: None,
        },
        Section {
            id: ".pdata-1",
            name: ".pdata",
            address: 0,
            offset: Some(
                2235,
            ),
            size: 12,
            kind: Data,
            data: SectionData(
                12,
            ),
            flags: FlagSet(),
            align: Some(
                4,
            ),
            relocations: [
                Relocation {
                    flags: Coff(
                        3,
                    ),
                    address: 0,
                    target_symbol: 22,
                    addend: 0,
                },
                Relocation {
                    flags: Coff(
                        3,
                    ),
                    address: 4,
                    target_symbol: 22,
                    addend: 141,
                },
                Relocation {
                    flags: Coff(
                        3,
                    ),
                    address: 8,
                    target_symbol: 31,
                    addend: 0,
                },
            ],
            line_info: {},
            virtual_address: None,
        },
        Section {
            id: ".xdata-2",
            name: ".xdata",
            address: 0,
            offset: Some(
                2277,
            ),
            size: 8,
            kind: Data,
            data: SectionData(
                8,
            ),
            flags: FlagSet(),
            align: Some(
                4,
            ),
            relocations: [],
            line_info: {},
            virtual_address: None,
        },
        Section {
            id: ".pdata-2",
            name: ".pdata",
            address: 0,
            offset: Some(
                2285,
            ),
            size: 12,
            kind: Data,
            data: SectionData(
                12,
            ),
            flags: FlagSet(),
            align: Some(
                4,
            ),
            relocations: [
                Relocation {
                    flags: Coff(
                        3,
                    ),
                    address: 0,
                    target_symbol: 23,
                    addend: 0,
                },
                Relocation {
                    flags: Coff(
                        3,
                    ),
                    address: 4,
                    target_symbol: 23,
                    addend: 105,
                },
                Relocation {
                    flags: Coff(
                        3,
                    ),
                    address: 8,
                    target_symbol: 35,
                    addend: 0,
                },
            ],
            line_info: {},
            virtual_address: None,
        },
        Section {
            id: ".xdata-3",
            name: ".xdata",
            address: 0,
            offset: Some(
                2327,
            ),
            size: 8,
            kind: Data,
            data: SectionData(
                8,
            ),
            flags: FlagSet(),
            align: Some(
                4,
            ),
            relocations: [],
            line_info: {},
            virtual_address: None,
        },
        Section {
            id: ".pdata-3",
            name: ".pdata",
            address: 0,
            offset: Some(
                2335,
            ),
            size: 12,
            kind: Data,
            data: SectionData(
                12,
            ),
            flags: FlagSet(),
            align: Some(
                4,
            ),
            relocations: [
                Relocation {
                    flags: Coff(
                        3,
                    ),
                    address: 0,
                    target_symbol: 24,
                    addend: 0,
                },
                Relocation {
                    flags: Coff(
                        3,
                    ),
                    address: 4,
                    target_symbol: 24,
                    addend: 82,
                },
                Relocation {
                    flags: Coff(
                        3,
                    ),
                    address: 8,
                    target_symbol: 39,
                    addend: 0,
                },
            ],
            line_info: {},
            virtual_address: None,
        },
        Section {
            id: ".rdata-0",
            name: ".rdata",
            address: 0,
            offset: Some(
                2377,
            ),
            size: 256,
            kind: Data,
            data: SectionData(
                256,
            ),
            flags: FlagSet(),
            align: Some(
                16,
            ),
            relocations: [
                Relocation {
                    flags: Coff(
                        1,
                    ),
                    address: 56,
                    target_symbol: 45,
                    addend: 0,
                },
                Relocation {
                    flags: Coff(
                        1,
                    ),
                    address: 72,
                    target_symbol: 44,
                    addend: 0,
                },
                Relocation {
                    flags: Coff(
                        1,
                    ),
                    address: 88,
                    target_symbol: 43,
                    addend: 0,
                },
                Relocation {
                    flags: Coff(
                        1,
                    ),
                    address: 248,
                    target_symbol: 46,
                    addend: 0,
                },
            ],
            line_info: {},
            virtual_address: None,
        },
        Section {
            id: ".xdata-4",
            name: ".xdata",
            address: 0,
            offset: Some(
                2673,
            ),
            size: 20,
            kind: Data,
            data: SectionData(
                20,
            ),
            flags: FlagSet(),
            align: Some(
                4,
            ),
            relocations: [
                Relocation {
                    flags: Coff(
                        3,
                    ),
                    address: 12,
                    target_symbol: 19,
                    addend: 0,
                },
            ],
            line_info: {},
            virtual_address: None,
        },
        Section {
            id: ".pdata-4",
            name: ".pdata",
            address: 0,
            offset: Some(
                2703,
            ),
            size: 12,
            kind: Data,
            data: SectionData(
                12,
            ),
            flags: FlagSet(),
            align: Some(
                4,
            ),
            relocations: [
                Relocation {
                    flags: Coff(
                        3,
                    ),
                    address: 0,
                    target_symbol: 25,
                    addend: 0,
                },
                Relocation {
                    flags: Coff(
                        3,
                    ),
                    address: 4,
                    target_symbol: 25,
                    addend: 429,
                },
                Relocation {
                    flags: Coff(
                        3,
                    ),
                    address: 8,
                    target_symbol: 49,
                    addend: 0,
                },
            ],
            line_info: {},
            virtual_address: None,
        },
        Section {
            id: ".voltbl-0",
            name: ".voltbl",
            address: 0,
            offset: Some(
                2745,
            ),
            size: 16,
            kind: Unknown,
            data: SectionData(
                0,
            ),
            flags: FlagSet(),
            align: Some(
                4,
            ),
            relocations: [],
            line_info: {},
            virtual_address: None,
        },
        Section {
            id: ".rtc$IMZ-0",
            name: ".rtc$IMZ",
            address: 0,
            offset: Some(
                2761,
            ),
            size: 8,
            kind: Data,
            data: SectionData(
                8,
            ),
            flags: FlagSet(),
            align: Some(
                8,
            ),
            relocations: [
                Relocation {
                    flags: Coff(
                        1,
                    ),
                    address: 0,
                    target_symbol: 17,
                    addend: 0,
                },
            ],
            line_info: {},
            virtual_address: None,
        },
        Section {
            id: ".rtc$TMZ-0",
            name: ".rtc$TMZ",
            address: 0,
            offset: Some(
                2779,
            ),
            size: 8,
            kind: Data,
            data: SectionData(
                8,
            ),
            flags: FlagSet(),
            align: Some(
                8,
            ),
            relocations: [
                Relocation {
                    flags: Coff(
                        1,
                    ),
                    address: 0,
                    target_symbol: 18,
                    addend: 0,
                },
            ],
            line_info: {},
            virtual_address: None,
        },
        Section {
            id: ".rdata-1",
            name: ".rdata",
            address: 0,
            offset: Some(
                2797,
            ),
            size: 4,
            kind: Data,
            data: SectionData(
                4,
            ),
            flags: FlagSet(),
            align: Some(
                4,
            ),
            relocations: [],
            line_info: {},
            virtual_address: None,
        },
        Section {
            id: ".rdata-2",
            name: ".rdata",
            address: 0,
            offset: Some(
                2801,
            ),
            size: 4,
            kind: Data,
            data: SectionData(
                4,
            ),
            flags: FlagSet(),
            align: Some(
                4,
            ),
            relocations: [],
            line_info: {},
            virtual_address: None,
        },
        Section {
            id: ".chks64-0",
            name: ".chks64",
            address: 0,
            offset: Some(
                2805,
            ),
            size: 192,
            kind: Unknown,
            data: SectionData(
                0,
            ),
            flags: FlagSet(),
            align: Some(
                16,
            ),
            relocations: [],
            line_info: {},
            virtual_address: None,
        },
    ],
    split_meta: None,
    path: None,
    timestamp: None,
    flow_analysis_results: {},
}
