---
source: objdiff-core/tests/arch_ppc.rs
expression: output
---
[(Address(0), Dim, 5), (Spacing(4), Normal, 0), (Opcode("srwi", 283), Normal, 10), (Argument(Opaque("r0")), Normal, 0), (Basic(", "), Normal, 0), (Argument(Opaque("r3")), Normal, 0), (Basic(", "), Normal, 0), (Argument(Opaque("24")), Normal, 0), (Eol, Normal, 0)]
[(Address(4), Dim, 5), (Spacing(4), Normal, 0), (Opcode("cmpwi", 260), Normal, 10), (Argument(Opaque("r0")), Normal, 0), (Basic(", "), Normal, 0), (Argument(Signed(-1)), Normal, 0), (Eol, Normal, 0)]
[(Address(8), Dim, 5), (Spacing(4), Normal, 0), (Opcode("bne", 265), Normal, 10), (BranchDest(20), Normal, 0), (BranchArrow(5), Rotating(0), 0), (Eol, Normal, 0)]
[(Address(12), Dim, 5), (Spacing(4), Normal, 0), (Opcode("li", 263), Normal, 10), (Argument(Opaque("r0")), Normal, 0), (Basic(", "), Normal, 0), (Argument(Signed(-1)), Normal, 0), (Eol, Normal, 0)]
[(Address(16), Dim, 5), (Spacing(4), Normal, 0), (Opcode("b", 267), Normal, 10), (BranchDest(32), Normal, 0), (BranchArrow(8), Rotating(1), 0), (Eol, Normal, 0)]
[(Address(20), Dim, 5), (BranchArrow(2), Rotating(0), 0), (Opcode("lis", 264), Normal, 10), (Argument(Opaque("r4")), Normal, 0), (Basic(", "), Normal, 0), (Symbol(Symbol { name: "__upper_map", demangled_name: None, normalized_name: None, address: 0, size: 0, kind: Unknown, section: None, flags: FlagSet(Global), align: None, virtual_address: Some(0) }), Bright, 0), (Basic("@ha"), Normal, 0), (Eol, Normal, 0)]
[(Address(24), Dim, 5), (Spacing(4), Normal, 0), (Opcode("addi", 263), Normal, 10), (Argument(Opaque("r4")), Normal, 0), (Basic(", "), Normal, 0), (Argument(Opaque("r4")), Normal, 0), (Basic(", "), Normal, 0), (Symbol(Symbol { name: "__upper_map", demangled_name: None, normalized_name: None, address: 0, size: 0, kind: Unknown, section: None, flags: FlagSet(Global), align: None, virtual_address: Some(0) }), Bright, 0), (Basic("@l"), Normal, 0), (Eol, Normal, 0)]
[(Address(28), Dim, 5), (Spacing(4), Normal, 0), (Opcode("lbzx", 323), Normal, 10), (Argument(Opaque("r0")), Normal, 0), (Basic(", "), Normal, 0), (Argument(Opaque("r4")), Normal, 0), (Basic(", "), Normal, 0), (Argument(Opaque("r0")), Normal, 0), (Basic(" <"), Normal, 0), (Symbol(Symbol { name: "__upper_map", demangled_name: None, normalized_name: None, address: 0, size: 0, kind: Unknown, section: None, flags: FlagSet(Global), align: None, virtual_address: Some(0) }), Bright, 0), (Basic(">"), Normal, 0), (Eol, Normal, 0)]
[(Address(32), Dim, 5), (BranchArrow(4), Rotating(1), 0), (Opcode("extrwi", 283), Normal, 10), (Argument(Opaque("r5")), Normal, 0), (Basic(", "), Normal, 0), (Argument(Opaque("r3")), Normal, 0), (Basic(", "), Normal, 0), (Argument(Opaque("8")), Normal, 0), (Basic(", "), Normal, 0), (Argument(Opaque("8")), Normal, 0), (Eol, Normal, 0)]
[(Address(36), Dim, 5), (Spacing(4), Normal, 0), (Opcode("stb", 445), Normal, 10), (Argument(Opaque("r0")), Normal, 0), (Basic(", "), Normal, 0), (Symbol(Symbol { name: "text$52", demangled_name: None, normalized_name: Some("text$0000"), address: 8, size: 5, kind: Object, section: Some(2), flags: FlagSet(Local), align: None, virtual_address: Some(2153420056) }), Bright, 0), (Basic("@sda21"), Normal, 0), (Eol, Normal, 0)]
[(Address(40), Dim, 5), (Spacing(4), Normal, 0), (Opcode("cmpwi", 260), Normal, 10), (Argument(Opaque("r5")), Normal, 0), (Basic(", "), Normal, 0), (Argument(Signed(-1)), Normal, 0), (Eol, Normal, 0)]
[(Address(44), Dim, 5), (Spacing(4), Normal, 0), (Opcode("bne", 265), Normal, 10), (BranchDest(56), Normal, 0), (BranchArrow(14), Rotating(2), 0), (Eol, Normal, 0)]
[(Address(48), Dim, 5), (Spacing(4), Normal, 0), (Opcode("li", 263), Normal, 10), (Argument(Opaque("r0")), Normal, 0), (Basic(", "), Normal, 0), (Argument(Signed(-1)), Normal, 0), (Eol, Normal, 0)]
[(Address(52), Dim, 5), (Spacing(4), Normal, 0), (Opcode("b", 267), Normal, 10), (BranchDest(68), Normal, 0), (BranchArrow(17), Rotating(3), 0), (Eol, Normal, 0)]
[(Address(56), Dim, 5), (BranchArrow(11), Rotating(2), 0), (Opcode("lis", 264), Normal, 10), (Argument(Opaque("r4")), Normal, 0), (Basic(", "), Normal, 0), (Symbol(Symbol { name: "__upper_map", demangled_name: None, normalized_name: None, address: 0, size: 0, kind: Unknown, section: None, flags: FlagSet(Global), align: None, virtual_address: Some(0) }), Bright, 0), (Basic("@ha"), Normal, 0), (Eol, Normal, 0)]
[(Address(60), Dim, 5), (Spacing(4), Normal, 0), (Opcode("addi", 263), Normal, 10), (Argument(Opaque("r4")), Normal, 0), (Basic(", "), Normal, 0), (Argument(Opaque("r4")), Normal, 0), (Basic(", "), Normal, 0), (Symbol(Symbol { name: "__upper_map", demangled_name: None, normalized_name: None, address: 0, size: 0, kind: Unknown, section: None, flags: FlagSet(Global), align: None, virtual_address: Some(0) }), Bright, 0), (Basic("@l"), Normal, 0), (Eol, Normal, 0)]
[(Address(64), Dim, 5), (Spacing(4), Normal, 0), (Opcode("lbzx", 323), Normal, 10), (Argument(Opaque("r0")), Normal, 0), (Basic(", "), Normal, 0), (Argument(Opaque("r4")), Normal, 0), (Basic(", "), Normal, 0), (Argument(Opaque("r5")), Normal, 0), (Basic(" <"), Normal, 0), (Symbol(Symbol { name: "__upper_map", demangled_name: None, normalized_name: None, address: 0, size: 0, kind: Unknown, section: None, flags: FlagSet(Global), align: None, virtual_address: Some(0) }), Bright, 0), (Basic(">"), Normal, 0), (Eol, Normal, 0)]
[(Address(68), Dim, 5), (BranchArrow(13), Rotating(3), 0), (Opcode("extrwi", 283), Normal, 10), (Argument(Opaque("r5")), Normal, 0), (Basic(", "), Normal, 0), (Argument(Opaque("r3")), Normal, 0), (Basic(", "), Normal, 0), (Argument(Opaque("8")), Normal, 0), (Basic(", "), Normal, 0), (Argument(Opaque("16")), Normal, 0), (Eol, Normal, 0)]
[(Address(72), Dim, 5), (Spacing(4), Normal, 0), (Opcode("li", 263), Normal, 10), (Argument(Opaque("r4")), Normal, 0), (Basic(", "), Normal, 0), (Symbol(Symbol { name: "text$52", demangled_name: None, normalized_name: Some("text$0000"), address: 8, size: 5, kind: Object, section: Some(2), flags: FlagSet(Local), align: None, virtual_address: Some(2153420056) }), Bright, 0), (Basic("@sda21"), Normal, 0), (Eol, Normal, 0)]
[(Address(76), Dim, 5), (Spacing(4), Normal, 0), (Opcode("cmpwi", 260), Normal, 10), (Argument(Opaque("r5")), Normal, 0), (Basic(", "), Normal, 0), (Argument(Signed(-1)), Normal, 0), (Eol, Normal, 0)]
[(Address(80), Dim, 5), (Spacing(4), Normal, 0), (Opcode("stb", 445), Normal, 10), (Argument(Opaque("r0")), Normal, 0), (Basic(", "), Normal, 0), (Argument(Signed(1)), Normal, 0), (Basic("("), Normal, 0), (Argument(Opaque("r4")), Normal, 0), (Basic(")"), Normal, 0), (Eol, Normal, 0)]
[(Address(84), Dim, 5), (Spacing(4), Normal, 0), (Opcode("bne", 265), Normal, 10), (BranchDest(96), Normal, 0), (BranchArrow(24), Rotating(4), 0), (Eol, Normal, 0)]
[(Address(88), Dim, 5), (Spacing(4), Normal, 0), (Opcode("li", 263), Normal, 10), (Argument(Opaque("r0")), Normal, 0), (Basic(", "), Normal, 0), (Argument(Signed(-1)), Normal, 0), (Eol, Normal, 0)]
[(Address(92), Dim, 5), (Spacing(4), Normal, 0), (Opcode("b", 267), Normal, 10), (BranchDest(108), Normal, 0), (BranchArrow(27), Rotating(5), 0), (Eol, Normal, 0)]
[(Address(96), Dim, 5), (BranchArrow(21), Rotating(4), 0), (Opcode("lis", 264), Normal, 10), (Argument(Opaque("r4")), Normal, 0), (Basic(", "), Normal, 0), (Symbol(Symbol { name: "__upper_map", demangled_name: None, normalized_name: None, address: 0, size: 0, kind: Unknown, section: None, flags: FlagSet(Global), align: None, virtual_address: Some(0) }), Bright, 0), (Basic("@ha"), Normal, 0), (Eol, Normal, 0)]
[(Address(100), Dim, 5), (Spacing(4), Normal, 0), (Opcode("addi", 263), Normal, 10), (Argument(Opaque("r4")), Normal, 0), (Basic(", "), Normal, 0), (Argument(Opaque("r4")), Normal, 0), (Basic(", "), Normal, 0), (Symbol(Symbol { name: "__upper_map", demangled_name: None, normalized_name: None, address: 0, size: 0, kind: Unknown, section: None, flags: FlagSet(Global), align: None, virtual_address: Some(0) }), Bright, 0), (Basic("@l"), Normal, 0), (Eol, Normal, 0)]
[(Address(104), Dim, 5), (Spacing(4), Normal, 0), (Opcode("lbzx", 323), Normal, 10), (Argument(Opaque("r0")), Normal, 0), (Basic(", "), Normal, 0), (Argument(Opaque("r4")), Normal, 0), (Basic(", "), Normal, 0), (Argument(Opaque("r5")), Normal, 0), (Basic(" <"), Normal, 0), (Symbol(Symbol { name: "__upper_map", demangled_name: None, normalized_name: None, address: 0, size: 0, kind: Unknown, section: None, flags: FlagSet(Global), align: None, virtual_address: Some(0) }), Bright, 0), (Basic(">"), Normal, 0), (Eol, Normal, 0)]
[(Address(108), Dim, 5), (BranchArrow(23), Rotating(5), 0), (Opcode("clrlwi", 283), Normal, 10), (Argument(Opaque("r4")), Normal, 0), (Basic(", "), Normal, 0), (Argument(Opaque("r3")), Normal, 0), (Basic(", "), Normal, 0), (Argument(Opaque("24")), Normal, 0), (Eol, Normal, 0)]
[(Address(112), Dim, 5), (Spacing(4), Normal, 0), (Opcode("li", 263), Normal, 10), (Argument(Opaque("r3")), Normal, 0), (Basic(", "), Normal, 0), (Symbol(Symbol { name: "text$52", demangled_name: None, normalized_name: Some("text$0000"), address: 8, size: 5, kind: Object, section: Some(2), flags: FlagSet(Local), align: None, virtual_address: Some(2153420056) }), Bright, 0), (Basic("@sda21"), Normal, 0), (Eol, Normal, 0)]
[(Address(116), Dim, 5), (Spacing(4), Normal, 0), (Opcode("cmpwi", 260), Normal, 10), (Argument(Opaque("r4")), Normal, 0), (Basic(", "), Normal, 0), (Argument(Signed(-1)), Normal, 0), (Eol, Normal, 0)]
[(Address(120), Dim, 5), (Spacing(4), Normal, 0), (Opcode("stb", 445), Normal, 10), (Argument(Opaque("r0")), Normal, 0), (Basic(", "), Normal, 0), (Argument(Signed(2)), Normal, 0), (Basic("("), Normal, 0), (Argument(Opaque("r3")), Normal, 0), (Basic(")"), Normal, 0), (Eol, Normal, 0)]
[(Address(124), Dim, 5), (Spacing(4), Normal, 0), (Opcode("bne", 265), Normal, 10), (BranchDest(136), Normal, 0), (BranchArrow(34), Rotating(6), 0), (Eol, Normal, 0)]
[(Address(128), Dim, 5), (Spacing(4), Normal, 0), (Opcode("li", 263), Normal, 10), (Argument(Opaque("r3")), Normal, 0), (Basic(", "), Normal, 0), (Argument(Signed(-1)), Normal, 0), (Eol, Normal, 0)]
[(Address(132), Dim, 5), (Spacing(4), Normal, 0), (Opcode("b", 267), Normal, 10), (BranchDest(148), Normal, 0), (BranchArrow(37), Rotating(7), 0), (Eol, Normal, 0)]
[(Address(136), Dim, 5), (BranchArrow(31), Rotating(6), 0), (Opcode("lis", 264), Normal, 10), (Argument(Opaque("r3")), Normal, 0), (Basic(", "), Normal, 0), (Symbol(Symbol { name: "__upper_map", demangled_name: None, normalized_name: None, address: 0, size: 0, kind: Unknown, section: None, flags: FlagSet(Global), align: None, virtual_address: Some(0) }), Bright, 0), (Basic("@ha"), Normal, 0), (Eol, Normal, 0)]
[(Address(140), Dim, 5), (Spacing(4), Normal, 0), (Opcode("addi", 263), Normal, 10), (Argument(Opaque("r3")), Normal, 0), (Basic(", "), Normal, 0), (Argument(Opaque("r3")), Normal, 0), (Basic(", "), Normal, 0), (Symbol(Symbol { name: "__upper_map", demangled_name: None, normalized_name: None, address: 0, size: 0, kind: Unknown, section: None, flags: FlagSet(Global), align: None, virtual_address: Some(0) }), Bright, 0), (Basic("@l"), Normal, 0), (Eol, Normal, 0)]
[(Address(144), Dim, 5), (Spacing(4), Normal, 0), (Opcode("lbzx", 323), Normal, 10), (Argument(Opaque("r3")), Normal, 0), (Basic(", "), Normal, 0), (Argument(Opaque("r3")), Normal, 0), (Basic(", "), Normal, 0), (Argument(Opaque("r4")), Normal, 0), (Basic(" <"), Normal, 0), (Symbol(Symbol { name: "__upper_map", demangled_name: None, normalized_name: None, address: 0, size: 0, kind: Unknown, section: None, flags: FlagSet(Global), align: None, virtual_address: Some(0) }), Bright, 0), (Basic(">"), Normal, 0), (Eol, Normal, 0)]
[(Address(148), Dim, 5), (BranchArrow(33), Rotating(7), 0), (Opcode("li", 263), Normal, 10), (Argument(Opaque("r5")), Normal, 0), (Basic(", "), Normal, 0), (Symbol(Symbol { name: "text$52", demangled_name: None, normalized_name: Some("text$0000"), address: 8, size: 5, kind: Object, section: Some(2), flags: FlagSet(Local), align: None, virtual_address: Some(2153420056) }), Bright, 0), (Basic("@sda21"), Normal, 0), (Eol, Normal, 0)]
[(Address(152), Dim, 5), (Spacing(4), Normal, 0), (Opcode("li", 263), Normal, 10), (Argument(Opaque("r0")), Normal, 0), (Basic(", "), Normal, 0), (Argument(Signed(0)), Normal, 0), (Eol, Normal, 0)]
[(Address(156), Dim, 5), (Spacing(4), Normal, 0), (Opcode("stb", 445), Normal, 10), (Argument(Opaque("r3")), Normal, 0), (Basic(", "), Normal, 0), (Argument(Signed(3)), Normal, 0), (Basic("("), Normal, 0), (Argument(Opaque("r5")), Normal, 0), (Basic(")"), Normal, 0), (Eol, Normal, 0)]
[(Address(160), Dim, 5), (Spacing(4), Normal, 0), (Opcode("lis", 264), Normal, 10), (Argument(Opaque("r3")), Normal, 0), (Basic(", "), Normal, 0), (Symbol(Symbol { name: "__ctype_map", demangled_name: None, normalized_name: None, address: 0, size: 0, kind: Unknown, section: None, flags: FlagSet(Global), align: None, virtual_address: Some(0) }), Bright, 0), (Basic("@ha"), Normal, 0), (Eol, Normal, 0)]
[(Address(164), Dim, 5), (Spacing(4), Normal, 0), (Opcode("addi", 263), Normal, 10), (Argument(Opaque("r4")), Normal, 0), (Basic(", "), Normal, 0), (Argument(Opaque("r3")), Normal, 0), (Basic(", "), Normal, 0), (Symbol(Symbol { name: "__ctype_map", demangled_name: None, normalized_name: None, address: 0, size: 0, kind: Unknown, section: None, flags: FlagSet(Global), align: None, virtual_address: Some(0) }), Bright, 0), (Basic("@l"), Normal, 0), (Eol, Normal, 0)]
[(Address(168), Dim, 5), (Spacing(4), Normal, 0), (Opcode("stb", 445), Normal, 10), (Argument(Opaque("r0")), Normal, 0), (Basic(", "), Normal, 0), (Argument(Signed(4)), Normal, 0), (Basic("("), Normal, 0), (Argument(Opaque("r5")), Normal, 0), (Basic(")"), Normal, 0), (Eol, Normal, 0)]
[(Address(172), Dim, 5), (Spacing(4), Normal, 0), (Opcode("li", 263), Normal, 10), (Argument(Opaque("r0")), Normal, 0), (Basic(", "), Normal, 0), (Argument(Signed(45)), Normal, 0), (Eol, Normal, 0)]
[(Address(176), Dim, 5), (Spacing(4), Normal, 0), (Opcode("lbz", 441), Normal, 10), (Argument(Opaque("r3")), Normal, 0), (Basic(", "), Normal, 0), (Symbol(Symbol { name: "text$52", demangled_name: None, normalized_name: Some("text$0000"), address: 8, size: 5, kind: Object, section: Some(2), flags: FlagSet(Local), align: None, virtual_address: Some(2153420056) }), Bright, 0), (Basic("@sda21"), Normal, 0), (Eol, Normal, 0)]
[(Address(180), Dim, 5), (Spacing(4), Normal, 0), (Opcode("lbzx", 323), Normal, 10), (Argument(Opaque("r3")), Normal, 0), (Basic(", "), Normal, 0), (Argument(Opaque("r4")), Normal, 0), (Basic(", "), Normal, 0), (Argument(Opaque("r3")), Normal, 0), (Basic(" <"), Normal, 0), (Symbol(Symbol { name: "__ctype_map", demangled_name: None, normalized_name: None, address: 0, size: 0, kind: Unknown, section: None, flags: FlagSet(Global), align: None, virtual_address: Some(0) }), Bright, 0), (Basic(">"), Normal, 0), (Eol, Normal, 0)]
[(Address(184), Dim, 5), (Spacing(4), Normal, 0), (Opcode("andi.", 289), Normal, 10), (Argument(Opaque("r3")), Normal, 0), (Basic(", "), Normal, 0), (Argument(Opaque("r3")), Normal, 0), (Basic(", "), Normal, 0), (Argument(Unsigned(220)), Normal, 0), (Eol, Normal, 0)]
[(Address(188), Dim, 5), (Spacing(4), Normal, 0), (Opcode("bne", 265), Normal, 10), (BranchDest(196), Normal, 0), (BranchArrow(49), Rotating(8), 0), (Eol, Normal, 0)]
[(Address(192), Dim, 5), (Spacing(4), Normal, 0), (Opcode("stb", 445), Normal, 10), (Argument(Opaque("r0")), Normal, 0), (Basic(", "), Normal, 0), (Argument(Signed(0)), Normal, 0), (Basic("("), Normal, 0), (Argument(Opaque("r5")), Normal, 0), (Basic(")"), Normal, 0), (Eol, Normal, 0)]
[(Address(196), Dim, 5), (BranchArrow(47), Rotating(8), 0), (Opcode("lbzu", 442), Normal, 10), (Argument(Opaque("r3")), Normal, 0), (Basic(", "), Normal, 0), (Argument(Signed(1)), Normal, 0), (Basic("("), Normal, 0), (Argument(Opaque("r5")), Normal, 0), (Basic(")"), Normal, 0), (Eol, Normal, 0)]
[(Address(200), Dim, 5), (Spacing(4), Normal, 0), (Opcode("lbzx", 323), Normal, 10), (Argument(Opaque("r3")), Normal, 0), (Basic(", "), Normal, 0), (Argument(Opaque("r4")), Normal, 0), (Basic(", "), Normal, 0), (Argument(Opaque("r3")), Normal, 0), (Basic(" <"), Normal, 0), (Symbol(Symbol { name: "__ctype_map", demangled_name: None, normalized_name: None, address: 0, size: 0, kind: Unknown, section: None, flags: FlagSet(Global), align: None, virtual_address: Some(0) }), Bright, 0), (Basic(">"), Normal, 0), (Eol, Normal, 0)]
[(Address(204), Dim, 5), (Spacing(4), Normal, 0), (Opcode("andi.", 289), Normal, 10), (Argument(Opaque("r3")), Normal, 0), (Basic(", "), Normal, 0), (Argument(Opaque("r3")), Normal, 0), (Basic(", "), Normal, 0), (Argument(Unsigned(220)), Normal, 0), (Eol, Normal, 0)]
[(Address(208), Dim, 5), (Spacing(4), Normal, 0), (Opcode("bne", 265), Normal, 10), (BranchDest(216), Normal, 0), (BranchArrow(54), Rotating(9), 0), (Eol, Normal, 0)]
[(Address(212), Dim, 5), (Spacing(4), Normal, 0), (Opcode("stb", 445), Normal, 10), (Argument(Opaque("r0")), Normal, 0), (Basic(", "), Normal, 0), (Argument(Signed(0)), Normal, 0), (Basic("("), Normal, 0), (Argument(Opaque("r5")), Normal, 0), (Basic(")"), Normal, 0), (Eol, Normal, 0)]
[(Address(216), Dim, 5), (BranchArrow(52), Rotating(9), 0), (Opcode("lbzu", 442), Normal, 10), (Argument(Opaque("r3")), Normal, 0), (Basic(", "), Normal, 0), (Argument(Signed(1)), Normal, 0), (Basic("("), Normal, 0), (Argument(Opaque("r5")), Normal, 0), (Basic(")"), Normal, 0), (Eol, Normal, 0)]
[(Address(220), Dim, 5), (Spacing(4), Normal, 0), (Opcode("lbzx", 323), Normal, 10), (Argument(Opaque("r3")), Normal, 0), (Basic(", "), Normal, 0), (Argument(Opaque("r4")), Normal, 0), (Basic(", "), Normal, 0), (Argument(Opaque("r3")), Normal, 0), (Basic(" <"), Normal, 0), (Symbol(Symbol { name: "__ctype_map", demangled_name: None, normalized_name: None, address: 0, size: 0, kind: Unknown, section: None, flags: FlagSet(Global), align: None, virtual_address: Some(0) }), Bright, 0), (Basic(">"), Normal, 0), (Eol, Normal, 0)]
[(Address(224), Dim, 5), (Spacing(4), Normal, 0), (Opcode("andi.", 289), Normal, 10), (Argument(Opaque("r3")), Normal, 0), (Basic(", "), Normal, 0), (Argument(Opaque("r3")), Normal, 0), (Basic(", "), Normal, 0), (Argument(Unsigned(220)), Normal, 0), (Eol, Normal, 0)]
[(Address(228), Dim, 5), (Spacing(4), Normal, 0), (Opcode("bne", 265), Normal, 10), (BranchDest(236), Normal, 0), (BranchArrow(59), Rotating(10), 0), (Eol, Normal, 0)]
[(Address(232), Dim, 5), (Spacing(4), Normal, 0), (Opcode("stb", 445), Normal, 10), (Argument(Opaque("r0")), Normal, 0), (Basic(", "), Normal, 0), (Argument(Signed(0)), Normal, 0), (Basic("("), Normal, 0), (Argument(Opaque("r5")), Normal, 0), (Basic(")"), Normal, 0), (Eol, Normal, 0)]
[(Address(236), Dim, 5), (BranchArrow(57), Rotating(10), 0), (Opcode("lbzu", 442), Normal, 10), (Argument(Opaque("r3")), Normal, 0), (Basic(", "), Normal, 0), (Argument(Signed(1)), Normal, 0), (Basic("("), Normal, 0), (Argument(Opaque("r5")), Normal, 0), (Basic(")"), Normal, 0), (Eol, Normal, 0)]
[(Address(240), Dim, 5), (Spacing(4), Normal, 0), (Opcode("lbzx", 323), Normal, 10), (Argument(Opaque("r3")), Normal, 0), (Basic(", "), Normal, 0), (Argument(Opaque("r4")), Normal, 0), (Basic(", "), Normal, 0), (Argument(Opaque("r3")), Normal, 0), (Basic(" <"), Normal, 0), (Symbol(Symbol { name: "__ctype_map", demangled_name: None, normalized_name: None, address: 0, size: 0, kind: Unknown, section: None, flags: FlagSet(Global), align: None, virtual_address: Some(0) }), Bright, 0), (Basic(">"), Normal, 0), (Eol, Normal, 0)]
[(Address(244), Dim, 5), (Spacing(4), Normal, 0), (Opcode("andi.", 289), Normal, 10), (Argument(Opaque("r3")), Normal, 0), (Basic(", "), Normal, 0), (Argument(Opaque("r3")), Normal, 0), (Basic(", "), Normal, 0), (Argument(Unsigned(220)), Normal, 0), (Eol, Normal, 0)]
[(Address(248), Dim, 5), (Spacing(4), Normal, 0), (Opcode("bne", 265), Normal, 10), (BranchDest(256), Normal, 0), (BranchArrow(64), Rotating(11), 0), (Eol, Normal, 0)]
[(Address(252), Dim, 5), (Spacing(4), Normal, 0), (Opcode("stb", 445), Normal, 10), (Argument(Opaque("r0")), Normal, 0), (Basic(", "), Normal, 0), (Argument(Signed(0)), Normal, 0), (Basic("("), Normal, 0), (Argument(Opaque("r5")), Normal, 0), (Basic(")"), Normal, 0), (Eol, Normal, 0)]
[(Address(256), Dim, 5), (BranchArrow(62), Rotating(11), 0), (Opcode("li", 263), Normal, 10), (Argument(Opaque("r3")), Normal, 0), (Basic(", "), Normal, 0), (Symbol(Symbol { name: "text$52", demangled_name: None, normalized_name: Some("text$0000"), address: 8, size: 5, kind: Object, section: Some(2), flags: FlagSet(Local), align: None, virtual_address: Some(2153420056) }), Bright, 0), (Basic("@sda21"), Normal, 0), (Eol, Normal, 0)]
[(Address(260), Dim, 5), (Spacing(4), Normal, 0), (Opcode("blr", 269), Normal, 10), (Eol, Normal, 0)]
