---
source: objdiff-core/tests/arch_ppc.rs
expression: output
---
[(Address(0), None), (Spacing(4), None), (Opcode("srwi", 60), None), (Argument(Opaque("r0")), None), (Basic(", "), None), (Argument(Opaque("r3")), None), (Basic(", "), None), (Argument(Opaque("24")), None), (Eol, None)]
[(Address(4), None), (Spacing(4), None), (Opcode("cmpwi", 38), None), (Argument(Opaque("r0")), None), (Basic(", "), None), (Argument(Signed(-1)), None), (Eol, None)]
[(Address(8), None), (Spacing(4), None), (Opcode("bne", 43), None), (BranchDest(20), None), (Basic(" ~>"), Some(0)), (Eol, None)]
[(Address(12), None), (Spacing(4), None), (Opcode("li", 41), None), (Argument(Opaque("r0")), None), (Basic(", "), None), (Argument(Signed(-1)), None), (Eol, None)]
[(Address(16), None), (Spacing(4), None), (Opcode("b", 45), None), (BranchDest(32), None), (Basic(" ~>"), Some(1)), (Eol, None)]
[(Address(20), None), (Basic(" ~> "), Some(0)), (Opcode("lis", 42), None), (Argument(Opaque("r4")), None), (Basic(", "), None), (Argument(Unsigned(0)), None), (Eol, None)]
[(Address(24), None), (Spacing(4), None), (Opcode("addi", 41), None), (Argument(Opaque("r4")), None), (Basic(", "), None), (Argument(Opaque("r4")), None), (Basic(", "), None), (Argument(Signed(0)), None), (Eol, None)]
[(Address(28), None), (Spacing(4), None), (Opcode("lbzx", 94), None), (Argument(Opaque("r0")), None), (Basic(", "), None), (Argument(Opaque("r4")), None), (Basic(", "), None), (Argument(Opaque("r0")), None), (Eol, None)]
[(Address(32), None), (Basic(" ~> "), Some(1)), (Opcode("extrwi", 60), None), (Argument(Opaque("r5")), None), (Basic(", "), None), (Argument(Opaque("r3")), None), (Basic(", "), None), (Argument(Opaque("8")), None), (Basic(", "), None), (Argument(Opaque("8")), None), (Eol, None)]
[(Address(36), None), (Spacing(4), None), (Opcode("stb", 166), None), (Argument(Opaque("r0")), None), (Basic(", "), None), (Symbol(Symbol { name: "text$52", demangled_name: None, address: 8, size: 5, kind: Object, section: Some(2), flags: FlagSet(Local), align: None, virtual_address: Some(2153420056) }), None), (Basic("@sda21"), None), (Eol, None)]
[(Address(40), None), (Spacing(4), None), (Opcode("cmpwi", 38), None), (Argument(Opaque("r5")), None), (Basic(", "), None), (Argument(Signed(-1)), None), (Eol, None)]
[(Address(44), None), (Spacing(4), None), (Opcode("bne", 43), None), (BranchDest(56), None), (Basic(" ~>"), Some(2)), (Eol, None)]
[(Address(48), None), (Spacing(4), None), (Opcode("li", 41), None), (Argument(Opaque("r0")), None), (Basic(", "), None), (Argument(Signed(-1)), None), (Eol, None)]
[(Address(52), None), (Spacing(4), None), (Opcode("b", 45), None), (BranchDest(68), None), (Basic(" ~>"), Some(3)), (Eol, None)]
[(Address(56), None), (Basic(" ~> "), Some(2)), (Opcode("lis", 42), None), (Argument(Opaque("r4")), None), (Basic(", "), None), (Argument(Unsigned(0)), None), (Eol, None)]
[(Address(60), None), (Spacing(4), None), (Opcode("addi", 41), None), (Argument(Opaque("r4")), None), (Basic(", "), None), (Argument(Opaque("r4")), None), (Basic(", "), None), (Argument(Signed(0)), None), (Eol, None)]
[(Address(64), None), (Spacing(4), None), (Opcode("lbzx", 94), None), (Argument(Opaque("r0")), None), (Basic(", "), None), (Argument(Opaque("r4")), None), (Basic(", "), None), (Argument(Opaque("r5")), None), (Eol, None)]
[(Address(68), None), (Basic(" ~> "), Some(3)), (Opcode("extrwi", 60), None), (Argument(Opaque("r5")), None), (Basic(", "), None), (Argument(Opaque("r3")), None), (Basic(", "), None), (Argument(Opaque("8")), None), (Basic(", "), None), (Argument(Opaque("16")), None), (Eol, None)]
[(Address(72), None), (Spacing(4), None), (Opcode("li", 41), None), (Argument(Opaque("r4")), None), (Basic(", "), None), (Symbol(Symbol { name: "text$52", demangled_name: None, address: 8, size: 5, kind: Object, section: Some(2), flags: FlagSet(Local), align: None, virtual_address: Some(2153420056) }), None), (Basic("@sda21"), None), (Eol, None)]
[(Address(76), None), (Spacing(4), None), (Opcode("cmpwi", 38), None), (Argument(Opaque("r5")), None), (Basic(", "), None), (Argument(Signed(-1)), None), (Eol, None)]
[(Address(80), None), (Spacing(4), None), (Opcode("stb", 166), None), (Argument(Opaque("r0")), None), (Basic(", "), None), (Argument(Signed(1)), None), (Basic("("), None), (Argument(Opaque("r4")), None), (Basic(")"), None), (Eol, None)]
[(Address(84), None), (Spacing(4), None), (Opcode("bne", 43), None), (BranchDest(96), None), (Basic(" ~>"), Some(4)), (Eol, None)]
[(Address(88), None), (Spacing(4), None), (Opcode("li", 41), None), (Argument(Opaque("r0")), None), (Basic(", "), None), (Argument(Signed(-1)), None), (Eol, None)]
[(Address(92), None), (Spacing(4), None), (Opcode("b", 45), None), (BranchDest(108), None), (Basic(" ~>"), Some(5)), (Eol, None)]
[(Address(96), None), (Basic(" ~> "), Some(4)), (Opcode("lis", 42), None), (Argument(Opaque("r4")), None), (Basic(", "), None), (Argument(Unsigned(0)), None), (Eol, None)]
[(Address(100), None), (Spacing(4), None), (Opcode("addi", 41), None), (Argument(Opaque("r4")), None), (Basic(", "), None), (Argument(Opaque("r4")), None), (Basic(", "), None), (Argument(Signed(0)), None), (Eol, None)]
[(Address(104), None), (Spacing(4), None), (Opcode("lbzx", 94), None), (Argument(Opaque("r0")), None), (Basic(", "), None), (Argument(Opaque("r4")), None), (Basic(", "), None), (Argument(Opaque("r5")), None), (Eol, None)]
[(Address(108), None), (Basic(" ~> "), Some(5)), (Opcode("clrlwi", 60), None), (Argument(Opaque("r4")), None), (Basic(", "), None), (Argument(Opaque("r3")), None), (Basic(", "), None), (Argument(Opaque("24")), None), (Eol, None)]
[(Address(112), None), (Spacing(4), None), (Opcode("li", 41), None), (Argument(Opaque("r3")), None), (Basic(", "), None), (Symbol(Symbol { name: "text$52", demangled_name: None, address: 8, size: 5, kind: Object, section: Some(2), flags: FlagSet(Local), align: None, virtual_address: Some(2153420056) }), None), (Basic("@sda21"), None), (Eol, None)]
[(Address(116), None), (Spacing(4), None), (Opcode("cmpwi", 38), None), (Argument(Opaque("r4")), None), (Basic(", "), None), (Argument(Signed(-1)), None), (Eol, None)]
[(Address(120), None), (Spacing(4), None), (Opcode("stb", 166), None), (Argument(Opaque("r0")), None), (Basic(", "), None), (Argument(Signed(2)), None), (Basic("("), None), (Argument(Opaque("r3")), None), (Basic(")"), None), (Eol, None)]
[(Address(124), None), (Spacing(4), None), (Opcode("bne", 43), None), (BranchDest(136), None), (Basic(" ~>"), Some(6)), (Eol, None)]
[(Address(128), None), (Spacing(4), None), (Opcode("li", 41), None), (Argument(Opaque("r3")), None), (Basic(", "), None), (Argument(Signed(-1)), None), (Eol, None)]
[(Address(132), None), (Spacing(4), None), (Opcode("b", 45), None), (BranchDest(148), None), (Basic(" ~>"), Some(7)), (Eol, None)]
[(Address(136), None), (Basic(" ~> "), Some(6)), (Opcode("lis", 42), None), (Argument(Opaque("r3")), None), (Basic(", "), None), (Argument(Unsigned(0)), None), (Eol, None)]
[(Address(140), None), (Spacing(4), None), (Opcode("addi", 41), None), (Argument(Opaque("r3")), None), (Basic(", "), None), (Argument(Opaque("r3")), None), (Basic(", "), None), (Argument(Signed(0)), None), (Eol, None)]
[(Address(144), None), (Spacing(4), None), (Opcode("lbzx", 94), None), (Argument(Opaque("r3")), None), (Basic(", "), None), (Argument(Opaque("r3")), None), (Basic(", "), None), (Argument(Opaque("r4")), None), (Eol, None)]
[(Address(148), None), (Basic(" ~> "), Some(7)), (Opcode("li", 41), None), (Argument(Opaque("r5")), None), (Basic(", "), None), (Symbol(Symbol { name: "text$52", demangled_name: None, address: 8, size: 5, kind: Object, section: Some(2), flags: FlagSet(Local), align: None, virtual_address: Some(2153420056) }), None), (Basic("@sda21"), None), (Eol, None)]
[(Address(152), None), (Spacing(4), None), (Opcode("li", 41), None), (Argument(Opaque("r0")), None), (Basic(", "), None), (Argument(Signed(0)), None), (Eol, None)]
[(Address(156), None), (Spacing(4), None), (Opcode("stb", 166), None), (Argument(Opaque("r3")), None), (Basic(", "), None), (Argument(Signed(3)), None), (Basic("("), None), (Argument(Opaque("r5")), None), (Basic(")"), None), (Eol, None)]
[(Address(160), None), (Spacing(4), None), (Opcode("lis", 42), None), (Argument(Opaque("r3")), None), (Basic(", "), None), (Argument(Unsigned(0)), None), (Eol, None)]
[(Address(164), None), (Spacing(4), None), (Opcode("addi", 41), None), (Argument(Opaque("r4")), None), (Basic(", "), None), (Argument(Opaque("r3")), None), (Basic(", "), None), (Argument(Signed(0)), None), (Eol, None)]
[(Address(168), None), (Spacing(4), None), (Opcode("stb", 166), None), (Argument(Opaque("r0")), None), (Basic(", "), None), (Argument(Signed(4)), None), (Basic("("), None), (Argument(Opaque("r5")), None), (Basic(")"), None), (Eol, None)]
[(Address(172), None), (Spacing(4), None), (Opcode("li", 41), None), (Argument(Opaque("r0")), None), (Basic(", "), None), (Argument(Signed(45)), None), (Eol, None)]
[(Address(176), None), (Spacing(4), None), (Opcode("lbz", 162), None), (Argument(Opaque("r3")), None), (Basic(", "), None), (Symbol(Symbol { name: "text$52", demangled_name: None, address: 8, size: 5, kind: Object, section: Some(2), flags: FlagSet(Local), align: None, virtual_address: Some(2153420056) }), None), (Basic("@sda21"), None), (Eol, None)]
[(Address(180), None), (Spacing(4), None), (Opcode("lbzx", 94), None), (Argument(Opaque("r3")), None), (Basic(", "), None), (Argument(Opaque("r4")), None), (Basic(", "), None), (Argument(Opaque("r3")), None), (Eol, None)]
[(Address(184), None), (Spacing(4), None), (Opcode("andi.", 66), None), (Argument(Opaque("r3")), None), (Basic(", "), None), (Argument(Opaque("r3")), None), (Basic(", "), None), (Argument(Unsigned(220)), None), (Eol, None)]
[(Address(188), None), (Spacing(4), None), (Opcode("bne", 43), None), (BranchDest(196), None), (Basic(" ~>"), Some(8)), (Eol, None)]
[(Address(192), None), (Spacing(4), None), (Opcode("stb", 166), None), (Argument(Opaque("r0")), None), (Basic(", "), None), (Argument(Signed(0)), None), (Basic("("), None), (Argument(Opaque("r5")), None), (Basic(")"), None), (Eol, None)]
[(Address(196), None), (Basic(" ~> "), Some(8)), (Opcode("lbzu", 163), None), (Argument(Opaque("r3")), None), (Basic(", "), None), (Argument(Signed(1)), None), (Basic("("), None), (Argument(Opaque("r5")), None), (Basic(")"), None), (Eol, None)]
[(Address(200), None), (Spacing(4), None), (Opcode("lbzx", 94), None), (Argument(Opaque("r3")), None), (Basic(", "), None), (Argument(Opaque("r4")), None), (Basic(", "), None), (Argument(Opaque("r3")), None), (Eol, None)]
[(Address(204), None), (Spacing(4), None), (Opcode("andi.", 66), None), (Argument(Opaque("r3")), None), (Basic(", "), None), (Argument(Opaque("r3")), None), (Basic(", "), None), (Argument(Unsigned(220)), None), (Eol, None)]
[(Address(208), None), (Spacing(4), None), (Opcode("bne", 43), None), (BranchDest(216), None), (Basic(" ~>"), Some(9)), (Eol, None)]
[(Address(212), None), (Spacing(4), None), (Opcode("stb", 166), None), (Argument(Opaque("r0")), None), (Basic(", "), None), (Argument(Signed(0)), None), (Basic("("), None), (Argument(Opaque("r5")), None), (Basic(")"), None), (Eol, None)]
[(Address(216), None), (Basic(" ~> "), Some(9)), (Opcode("lbzu", 163), None), (Argument(Opaque("r3")), None), (Basic(", "), None), (Argument(Signed(1)), None), (Basic("("), None), (Argument(Opaque("r5")), None), (Basic(")"), None), (Eol, None)]
[(Address(220), None), (Spacing(4), None), (Opcode("lbzx", 94), None), (Argument(Opaque("r3")), None), (Basic(", "), None), (Argument(Opaque("r4")), None), (Basic(", "), None), (Argument(Opaque("r3")), None), (Eol, None)]
[(Address(224), None), (Spacing(4), None), (Opcode("andi.", 66), None), (Argument(Opaque("r3")), None), (Basic(", "), None), (Argument(Opaque("r3")), None), (Basic(", "), None), (Argument(Unsigned(220)), None), (Eol, None)]
[(Address(228), None), (Spacing(4), None), (Opcode("bne", 43), None), (BranchDest(236), None), (Basic(" ~>"), Some(10)), (Eol, None)]
[(Address(232), None), (Spacing(4), None), (Opcode("stb", 166), None), (Argument(Opaque("r0")), None), (Basic(", "), None), (Argument(Signed(0)), None), (Basic("("), None), (Argument(Opaque("r5")), None), (Basic(")"), None), (Eol, None)]
[(Address(236), None), (Basic(" ~> "), Some(10)), (Opcode("lbzu", 163), None), (Argument(Opaque("r3")), None), (Basic(", "), None), (Argument(Signed(1)), None), (Basic("("), None), (Argument(Opaque("r5")), None), (Basic(")"), None), (Eol, None)]
[(Address(240), None), (Spacing(4), None), (Opcode("lbzx", 94), None), (Argument(Opaque("r3")), None), (Basic(", "), None), (Argument(Opaque("r4")), None), (Basic(", "), None), (Argument(Opaque("r3")), None), (Eol, None)]
[(Address(244), None), (Spacing(4), None), (Opcode("andi.", 66), None), (Argument(Opaque("r3")), None), (Basic(", "), None), (Argument(Opaque("r3")), None), (Basic(", "), None), (Argument(Unsigned(220)), None), (Eol, None)]
[(Address(248), None), (Spacing(4), None), (Opcode("bne", 43), None), (BranchDest(256), None), (Basic(" ~>"), Some(11)), (Eol, None)]
[(Address(252), None), (Spacing(4), None), (Opcode("stb", 166), None), (Argument(Opaque("r0")), None), (Basic(", "), None), (Argument(Signed(0)), None), (Basic("("), None), (Argument(Opaque("r5")), None), (Basic(")"), None), (Eol, None)]
[(Address(256), None), (Basic(" ~> "), Some(11)), (Opcode("li", 41), None), (Argument(Opaque("r3")), None), (Basic(", "), None), (Symbol(Symbol { name: "text$52", demangled_name: None, address: 8, size: 5, kind: Object, section: Some(2), flags: FlagSet(Local), align: None, virtual_address: Some(2153420056) }), None), (Basic("@sda21"), None), (Eol, None)]
[(Address(260), None), (Spacing(4), None), (Opcode("blr", 47), None), (Eol, None)]
