---
source: objdiff-core/tests/arch_arm.rs
expression: output
---
[(Address(0), Dim, 5), (Spacing(4), Normal, 0), (Opcode("stmdb", 32883), Normal, 10), (Argument(Opaque("sp")), Normal, 0), (Basic("!"), Normal, 0), (Basic(", "), Normal, 0), (Basic("{"), Normal, 0), (Argument(Opaque("r4")), Normal, 0), (Basic(", "), Normal, 0), (Argument(Opaque("r5")), Normal, 0), (Basic(", "), Normal, 0), (Argument(Opaque("r6")), Normal, 0), (Basic(", "), Normal, 0), (Argument(Opaque("lr")), Normal, 0), (Basic("}"), Normal, 0), (Eol, Normal, 0)]
[(Address(4), Dim, 5), (Spacing(4), Normal, 0), (Opcode("mov", 32811), Normal, 10), (Argument(Opaque("r5")), Normal, 0), (Basic(", "), Normal, 0), (Argument(Opaque("r0")), Normal, 0), (Eol, Normal, 0)]
[(Address(8), Dim, 5), (Spacing(4), Normal, 0), (Opcode("mov", 32811), Normal, 10), (Argument(Opaque("r4")), Normal, 0), (Basic(", "), Normal, 0), (Argument(Opaque("r1")), Normal, 0), (Eol, Normal, 0)]
[(Address(12), Dim, 5), (Spacing(4), Normal, 0), (Opcode("bl", 32775), Normal, 10), (Symbol(Symbol { name: "_ZN13LinkStateBase12OnStateLeaveEi", demangled_name: Some("LinkStateBase::OnStateLeave(int)"), normalized_name: None, is_name_compiler_generated: false, address: 0, size: 0, kind: Unknown, section: None, flags: FlagSet(Global | Weak), align: None, virtual_address: None }), Bright, 0), (Addend(-8), Bright, 0), (Eol, Normal, 0)]
[(Address(16), Dim, 5), (Spacing(4), Normal, 0), (Opcode("ldr", 32792), Normal, 10), (Argument(Opaque("r0")), Normal, 0), (Basic(", "), Normal, 0), (Basic("["), Normal, 0), (Argument(Opaque("r5")), Normal, 0), (Basic(", "), Normal, 0), (Basic("#"), Normal, 0), (Argument(Signed(20)), Normal, 0), (Basic("]"), Normal, 0), (Eol, Normal, 0)]
[(Address(20), Dim, 5), (Spacing(4), Normal, 0), (Opcode("cmp", 32784), Normal, 10), (Argument(Opaque("r0")), Normal, 0), (Basic(", "), Normal, 0), (Basic("#"), Normal, 0), (Argument(Unsigned(10)), Normal, 0), (Eol, Normal, 0)]
[(Address(24), Dim, 5), (Spacing(4), Normal, 0), (Opcode("addls", 32769), Normal, 10), (Argument(Opaque("pc")), Normal, 0), (Basic(", "), Normal, 0), (Argument(Opaque("pc")), Normal, 0), (Basic(", "), Normal, 0), (Argument(Opaque("r0")), Normal, 0), (Basic(", "), Normal, 0), (Argument(Opaque("lsl")), Normal, 0), (Spacing(1), Normal, 0), (Basic("#"), Normal, 0), (Argument(Unsigned(2)), Normal, 0), (Eol, Normal, 0)]
[(Address(28), Dim, 5), (Spacing(4), Normal, 0), (Opcode("b", 32772), Normal, 10), (BranchDest(200), Normal, 0), (BranchArrow(50), Rotating(0), 0), (Eol, Normal, 0)]
[(Address(32), Dim, 5), (Spacing(4), Normal, 0), (Opcode("b", 32772), Normal, 10), (BranchDest(200), Normal, 0), (BranchArrow(50), Rotating(0), 0), (Eol, Normal, 0)]
[(Address(36), Dim, 5), (Spacing(4), Normal, 0), (Opcode("b", 32772), Normal, 10), (BranchDest(200), Normal, 0), (BranchArrow(50), Rotating(0), 0), (Eol, Normal, 0)]
[(Address(40), Dim, 5), (Spacing(4), Normal, 0), (Opcode("b", 32772), Normal, 10), (BranchDest(200), Normal, 0), (BranchArrow(50), Rotating(0), 0), (Eol, Normal, 0)]
[(Address(44), Dim, 5), (Spacing(4), Normal, 0), (Opcode("b", 32772), Normal, 10), (BranchDest(192), Normal, 0), (BranchArrow(48), Rotating(1), 0), (Eol, Normal, 0)]
[(Address(48), Dim, 5), (Spacing(4), Normal, 0), (Opcode("b", 32772), Normal, 10), (BranchDest(124), Normal, 0), (BranchArrow(31), Rotating(2), 0), (Eol, Normal, 0)]
[(Address(52), Dim, 5), (Spacing(4), Normal, 0), (Opcode("b", 32772), Normal, 10), (BranchDest(200), Normal, 0), (BranchArrow(50), Rotating(0), 0), (Eol, Normal, 0)]
[(Address(56), Dim, 5), (Spacing(4), Normal, 0), (Opcode("b", 32772), Normal, 10), (BranchDest(140), Normal, 0), (BranchArrow(35), Rotating(3), 0), (Eol, Normal, 0)]
[(Address(60), Dim, 5), (Spacing(4), Normal, 0), (Opcode("b", 32772), Normal, 10), (BranchDest(76), Normal, 0), (BranchArrow(19), Rotating(4), 0), (Eol, Normal, 0)]
[(Address(64), Dim, 5), (Spacing(4), Normal, 0), (Opcode("b", 32772), Normal, 10), (BranchDest(152), Normal, 0), (BranchArrow(38), Rotating(5), 0), (Eol, Normal, 0)]
[(Address(68), Dim, 5), (Spacing(4), Normal, 0), (Opcode("b", 32772), Normal, 10), (BranchDest(164), Normal, 0), (BranchArrow(41), Rotating(6), 0), (Eol, Normal, 0)]
[(Address(72), Dim, 5), (Spacing(4), Normal, 0), (Opcode("b", 32772), Normal, 10), (BranchDest(164), Normal, 0), (BranchArrow(41), Rotating(6), 0), (Eol, Normal, 0)]
[(Address(76), Dim, 5), (BranchArrow(15), Rotating(4), 0), (Opcode("ldr", 32792), Normal, 10), (Argument(Opaque("r0")), Normal, 0), (Basic(", "), Normal, 0), (Basic("["), Normal, 0), (Argument(Opaque("pc")), Normal, 0), (Basic(", "), Normal, 0), (Basic("#"), Normal, 0), (Argument(Signed(336)), Normal, 0), (Basic("]"), Normal, 0), (Basic(" (->"), Normal, 0), (BranchDest(420), Normal, 0), (Basic(")"), Normal, 0), (Eol, Normal, 0)]
[(Address(80), Dim, 5), (Spacing(4), Normal, 0), (Opcode("ldr", 32792), Normal, 10), (Argument(Opaque("r0")), Normal, 0), (Basic(", "), Normal, 0), (Basic("["), Normal, 0), (Argument(Opaque("r0")), Normal, 0), (Basic(", "), Normal, 0), (Basic("#"), Normal, 0), (Argument(Signed(0)), Normal, 0), (Basic("]"), Normal, 0), (Eol, Normal, 0)]
[(Address(84), Dim, 5), (Spacing(4), Normal, 0), (Opcode("bl", 32775), Normal, 10), (Symbol(Symbol { name: "_ZN18UnkStruct_027e103c19func_ov000_020cf01cEv", demangled_name: Some("UnkStruct_027e103c::func_ov000_020cf01c()"), normalized_name: None, is_name_compiler_generated: false, address: 0, size: 0, kind: Unknown, section: None, flags: FlagSet(Global | Weak), align: None, virtual_address: None }), Bright, 0), (Addend(-8), Bright, 0), (Eol, Normal, 0)]
[(Address(88), Dim, 5), (Spacing(4), Normal, 0), (Opcode("ldrb", 32793), Normal, 10), (Argument(Opaque("r0")), Normal, 0), (Basic(", "), Normal, 0), (Basic("["), Normal, 0), (Argument(Opaque("r0")), Normal, 0), (Basic(", "), Normal, 0), (Basic("#"), Normal, 0), (Argument(Signed(224)), Normal, 0), (Basic("]"), Normal, 0), (Eol, Normal, 0)]
[(Address(92), Dim, 5), (Spacing(4), Normal, 0), (Opcode("cmp", 32784), Normal, 10), (Argument(Opaque("r0")), Normal, 0), (Basic(", "), Normal, 0), (Basic("#"), Normal, 0), (Argument(Unsigned(0)), Normal, 0), (Eol, Normal, 0)]
[(Address(96), Dim, 5), (Spacing(4), Normal, 0), (Opcode("bne", 32772), Normal, 10), (BranchDest(108), Normal, 0), (BranchArrow(27), Rotating(7), 0), (Eol, Normal, 0)]
[(Address(100), Dim, 5), (Spacing(4), Normal, 0), (Opcode("bl", 32775), Normal, 10), (BranchDest(424), Normal, 0), (BranchArrow(106), Rotating(8), 0), (Eol, Normal, 0)]
[(Address(104), Dim, 5), (Spacing(4), Normal, 0), (Opcode("bl", 32775), Normal, 10), (Symbol(Symbol { name: "_ZN12EquipBombchu19func_ov014_0213ec64Ev", demangled_name: Some("EquipBombchu::func_ov014_0213ec64()"), normalized_name: None, is_name_compiler_generated: false, address: 0, size: 0, kind: Unknown, section: None, flags: FlagSet(Global | Weak), align: None, virtual_address: None }), Bright, 0), (Addend(-8), Bright, 0), (Eol, Normal, 0)]
[(Address(108), Dim, 5), (BranchArrow(24), Rotating(7), 0), (Opcode("ldr", 32792), Normal, 10), (Argument(Opaque("r0")), Normal, 0), (Basic(", "), Normal, 0), (Basic("["), Normal, 0), (Argument(Opaque("pc")), Normal, 0), (Basic(", "), Normal, 0), (Basic("#"), Normal, 0), (Argument(Signed(308)), Normal, 0), (Basic("]"), Normal, 0), (Basic(" (->"), Normal, 0), (BranchDest(424), Normal, 0), (Basic(")"), Normal, 0), (Eol, Normal, 0)]
[(Address(112), Dim, 5), (Spacing(4), Normal, 0), (Opcode("ldr", 32792), Normal, 10), (Argument(Opaque("r0")), Normal, 0), (Basic(", "), Normal, 0), (Basic("["), Normal, 0), (Argument(Opaque("r0")), Normal, 0), (Basic(", "), Normal, 0), (Basic("#"), Normal, 0), (Argument(Signed(0)), Normal, 0), (Basic("]"), Normal, 0), (Eol, Normal, 0)]
[(Address(116), Dim, 5), (Spacing(4), Normal, 0), (Opcode("blx", 32776), Normal, 10), (Symbol(Symbol { name: "_Z19func_ov014_0211fd04Pi", demangled_name: Some("func_ov014_0211fd04(int*)"), normalized_name: None, is_name_compiler_generated: false, address: 0, size: 0, kind: Unknown, section: None, flags: FlagSet(Global | Weak), align: None, virtual_address: None }), Bright, 0), (Addend(-8), Bright, 0), (Eol, Normal, 0)]
[(Address(120), Dim, 5), (Spacing(4), Normal, 0), (Opcode("b", 32772), Normal, 10), (BranchDest(200), Normal, 0), (BranchArrow(50), Rotating(0), 0), (Eol, Normal, 0)]
[(Address(124), Dim, 5), (BranchArrow(12), Rotating(2), 0), (Opcode("mov", 32811), Normal, 10), (Argument(Opaque("r0")), Normal, 0), (Basic(", "), Normal, 0), (Argument(Opaque("r5")), Normal, 0), (Eol, Normal, 0)]
[(Address(128), Dim, 5), (Spacing(4), Normal, 0), (Opcode("mov", 32811), Normal, 10), (Argument(Opaque("r1")), Normal, 0), (Basic(", "), Normal, 0), (Argument(Opaque("r4")), Normal, 0), (Eol, Normal, 0)]
[(Address(132), Dim, 5), (Spacing(4), Normal, 0), (Opcode("bl", 32775), Normal, 10), (Symbol(Symbol { name: "_ZN13LinkStateItem13StopUsingBombEi", demangled_name: Some("LinkStateItem::StopUsingBomb(int)"), normalized_name: None, is_name_compiler_generated: false, address: 0, size: 0, kind: Unknown, section: None, flags: FlagSet(Global | Weak), align: None, virtual_address: None }), Bright, 0), (Addend(-8), Bright, 0), (Eol, Normal, 0)]
[(Address(136), Dim, 5), (Spacing(4), Normal, 0), (Opcode("b", 32772), Normal, 10), (BranchDest(200), Normal, 0), (BranchArrow(50), Rotating(0), 0), (Eol, Normal, 0)]
[(Address(140), Dim, 5), (BranchArrow(14), Rotating(3), 0), (Opcode("mov", 32811), Normal, 10), (Argument(Opaque("r0")), Normal, 0), (Basic(", "), Normal, 0), (Argument(Opaque("r5")), Normal, 0), (Eol, Normal, 0)]
[(Address(144), Dim, 5), (Spacing(4), Normal, 0), (Opcode("bl", 32775), Normal, 10), (Symbol(Symbol { name: "_ZN13LinkStateItem13StopUsingRopeEv", demangled_name: Some("LinkStateItem::StopUsingRope()"), normalized_name: None, is_name_compiler_generated: false, address: 0, size: 0, kind: Unknown, section: None, flags: FlagSet(Global | Weak), align: None, virtual_address: None }), Bright, 0), (Addend(-8), Bright, 0), (Eol, Normal, 0)]
[(Address(148), Dim, 5), (Spacing(4), Normal, 0), (Opcode("b", 32772), Normal, 10), (BranchDest(200), Normal, 0), (BranchArrow(50), Rotating(0), 0), (Eol, Normal, 0)]
[(Address(152), Dim, 5), (BranchArrow(16), Rotating(5), 0), (Opcode("mov", 32811), Normal, 10), (Argument(Opaque("r0")), Normal, 0), (Basic(", "), Normal, 0), (Argument(Opaque("r5")), Normal, 0), (Eol, Normal, 0)]
[(Address(156), Dim, 5), (Spacing(4), Normal, 0), (Opcode("bl", 32775), Normal, 10), (Symbol(Symbol { name: "_ZN13LinkStateItem15StopUsingHammerEv", demangled_name: Some("LinkStateItem::StopUsingHammer()"), normalized_name: None, is_name_compiler_generated: false, address: 0, size: 0, kind: Unknown, section: None, flags: FlagSet(Global | Weak), align: None, virtual_address: None }), Bright, 0), (Addend(-8), Bright, 0), (Eol, Normal, 0)]
[(Address(160), Dim, 5), (Spacing(4), Normal, 0), (Opcode("b", 32772), Normal, 10), (BranchDest(200), Normal, 0), (BranchArrow(50), Rotating(0), 0), (Eol, Normal, 0)]
[(Address(164), Dim, 5), (BranchArrow(17), Rotating(6), 0), (Opcode("ldr", 32792), Normal, 10), (Argument(Opaque("r0")), Normal, 0), (Basic(", "), Normal, 0), (Basic("["), Normal, 0), (Argument(Opaque("pc")), Normal, 0), (Basic(", "), Normal, 0), (Basic("#"), Normal, 0), (Argument(Signed(248)), Normal, 0), (Basic("]"), Normal, 0), (Basic(" (->"), Normal, 0), (BranchDest(420), Normal, 0), (Basic(")"), Normal, 0), (Eol, Normal, 0)]
[(Address(168), Dim, 5), (Spacing(4), Normal, 0), (Opcode("mov", 32811), Normal, 10), (Argument(Opaque("r1")), Normal, 0), (Basic(", "), Normal, 0), (Basic("#"), Normal, 0), (Argument(Unsigned(0)), Normal, 0), (Eol, Normal, 0)]
[(Address(172), Dim, 5), (Spacing(4), Normal, 0), (Opcode("ldr", 32792), Normal, 10), (Argument(Opaque("r0")), Normal, 0), (Basic(", "), Normal, 0), (Basic("["), Normal, 0), (Argument(Opaque("r0")), Normal, 0), (Basic(", "), Normal, 0), (Basic("#"), Normal, 0), (Argument(Signed(0)), Normal, 0), (Basic("]"), Normal, 0), (Eol, Normal, 0)]
[(Address(176), Dim, 5), (Spacing(4), Normal, 0), (Opcode("mov", 32811), Normal, 10), (Argument(Opaque("r2")), Normal, 0), (Basic(", "), Normal, 0), (Argument(Opaque("r1")), Normal, 0), (Eol, Normal, 0)]
[(Address(180), Dim, 5), (Spacing(4), Normal, 0), (Opcode("strb", 32885), Normal, 10), (Argument(Opaque("r1")), Normal, 0), (Basic(", "), Normal, 0), (Basic("["), Normal, 0), (Argument(Opaque("r0")), Normal, 0), (Basic(", "), Normal, 0), (Basic("#"), Normal, 0), (Argument(Signed(42)), Normal, 0), (Basic("]"), Normal, 0), (Eol, Normal, 0)]
[(Address(184), Dim, 5), (Spacing(4), Normal, 0), (Opcode("bl", 32775), Normal, 10), (Symbol(Symbol { name: "_ZN18UnkStruct_027e103c19func_ov000_020cf9dcEii", demangled_name: Some("UnkStruct_027e103c::func_ov000_020cf9dc(int, int)"), normalized_name: None, is_name_compiler_generated: false, address: 0, size: 0, kind: Unknown, section: None, flags: FlagSet(Global | Weak), align: None, virtual_address: None }), Bright, 0), (Addend(-8), Bright, 0), (Eol, Normal, 0)]
[(Address(188), Dim, 5), (Spacing(4), Normal, 0), (Opcode("b", 32772), Normal, 10), (BranchDest(200), Normal, 0), (BranchArrow(50), Rotating(0), 0), (Eol, Normal, 0)]
[(Address(192), Dim, 5), (BranchArrow(11), Rotating(1), 0), (Opcode("mov", 32811), Normal, 10), (Argument(Opaque("r0")), Normal, 0), (Basic(", "), Normal, 0), (Argument(Opaque("r5")), Normal, 0), (Eol, Normal, 0)]
[(Address(196), Dim, 5), (Spacing(4), Normal, 0), (Opcode("bl", 32775), Normal, 10), (Symbol(Symbol { name: "_ZN13LinkStateItem14StopUsingScoopEv", demangled_name: Some("LinkStateItem::StopUsingScoop()"), normalized_name: None, is_name_compiler_generated: false, address: 0, size: 0, kind: Unknown, section: None, flags: FlagSet(Global | Weak), align: None, virtual_address: None }), Bright, 0), (Addend(-8), Bright, 0), (Eol, Normal, 0)]
[(Address(200), Dim, 5), (BranchArrow(7), Rotating(0), 0), (Opcode("ldr", 32792), Normal, 10), (Argument(Opaque("r1")), Normal, 0), (Basic(", "), Normal, 0), (Basic("["), Normal, 0), (Argument(Opaque("r5")), Normal, 0), (Basic(", "), Normal, 0), (Basic("#"), Normal, 0), (Argument(Signed(20)), Normal, 0), (Basic("]"), Normal, 0), (Eol, Normal, 0)]
[(Address(204), Dim, 5), (Spacing(4), Normal, 0), (Opcode("mvn", 32819), Normal, 10), (Argument(Opaque("r0")), Normal, 0), (Basic(", "), Normal, 0), (Basic("#"), Normal, 0), (Argument(Unsigned(0)), Normal, 0), (Eol, Normal, 0)]
[(Address(208), Dim, 5), (Spacing(4), Normal, 0), (Opcode("cmp", 32784), Normal, 10), (Argument(Opaque("r1")), Normal, 0), (Basic(", "), Normal, 0), (Argument(Opaque("r0")), Normal, 0), (Eol, Normal, 0)]
[(Address(212), Dim, 5), (Spacing(4), Normal, 0), (Opcode("beq", 32772), Normal, 10), (BranchDest(236), Normal, 0), (BranchArrow(59), Rotating(9), 0), (Eol, Normal, 0)]
[(Address(216), Dim, 5), (Spacing(4), Normal, 0), (Opcode("mov", 32811), Normal, 10), (Argument(Opaque("r0")), Normal, 0), (Basic(", "), Normal, 0), (Argument(Opaque("r5")), Normal, 0), (Eol, Normal, 0)]
[(Address(220), Dim, 5), (Spacing(4), Normal, 0), (Opcode("bl", 32775), Normal, 10), (Symbol(Symbol { name: "_ZN13LinkStateBase12GetEquipItemEi", demangled_name: Some("LinkStateBase::GetEquipItem(int)"), normalized_name: None, is_name_compiler_generated: false, address: 0, size: 0, kind: Unknown, section: None, flags: FlagSet(Global | Weak), align: None, virtual_address: None }), Bright, 0), (Addend(-8), Bright, 0), (Eol, Normal, 0)]
[(Address(224), Dim, 5), (Spacing(4), Normal, 0), (Opcode("ldr", 32792), Normal, 10), (Argument(Opaque("r1")), Normal, 0), (Basic(", "), Normal, 0), (Basic("["), Normal, 0), (Argument(Opaque("r0")), Normal, 0), (Basic(", "), Normal, 0), (Basic("#"), Normal, 0), (Argument(Signed(0)), Normal, 0), (Basic("]"), Normal, 0), (Eol, Normal, 0)]
[(Address(228), Dim, 5), (Spacing(4), Normal, 0), (Opcode("ldr", 32792), Normal, 10), (Argument(Opaque("r1")), Normal, 0), (Basic(", "), Normal, 0), (Basic("["), Normal, 0), (Argument(Opaque("r1")), Normal, 0), (Basic(", "), Normal, 0), (Basic("#"), Normal, 0), (Argument(Signed(28)), Normal, 0), (Basic("]"), Normal, 0), (Eol, Normal, 0)]
[(Address(232), Dim, 5), (Spacing(4), Normal, 0), (Opcode("blx", 32776), Normal, 10), (Argument(Opaque("r1")), Normal, 0), (Eol, Normal, 0)]
[(Address(236), Dim, 5), (BranchArrow(53), Rotating(9), 0), (Opcode("ldr", 32792), Normal, 10), (Argument(Opaque("r1")), Normal, 0), (Basic(", "), Normal, 0), (Basic("["), Normal, 0), (Argument(Opaque("r5")), Normal, 0), (Basic(", "), Normal, 0), (Basic("#"), Normal, 0), (Argument(Signed(20)), Normal, 0), (Basic("]"), Normal, 0), (Eol, Normal, 0)]
[(Address(240), Dim, 5), (Spacing(4), Normal, 0), (Opcode("cmp", 32784), Normal, 10), (Argument(Opaque("r1")), Normal, 0), (Basic(", "), Normal, 0), (Basic("#"), Normal, 0), (Argument(Unsigned(9)), Normal, 0), (Eol, Normal, 0)]
[(Address(244), Dim, 5), (Spacing(4), Normal, 0), (Opcode("bgt", 32772), Normal, 10), (BranchDest(288), Normal, 0), (BranchArrow(72), Rotating(10), 0), (Eol, Normal, 0)]
[(Address(248), Dim, 5), (Spacing(4), Normal, 0), (Opcode("bge", 32772), Normal, 10), (BranchDest(296), Normal, 0), (BranchArrow(74), Rotating(11), 0), (Eol, Normal, 0)]
[(Address(252), Dim, 5), (Spacing(4), Normal, 0), (Opcode("cmp", 32784), Normal, 10), (Argument(Opaque("r1")), Normal, 0), (Basic(", "), Normal, 0), (Basic("#"), Normal, 0), (Argument(Unsigned(1)), Normal, 0), (Eol, Normal, 0)]
[(Address(256), Dim, 5), (Spacing(4), Normal, 0), (Opcode("bgt", 32772), Normal, 10), (BranchDest(308), Normal, 0), (BranchArrow(77), Rotating(12), 0), (Eol, Normal, 0)]
[(Address(260), Dim, 5), (Spacing(4), Normal, 0), (Opcode("mvn", 32819), Normal, 10), (Argument(Opaque("r0")), Normal, 0), (Basic(", "), Normal, 0), (Basic("#"), Normal, 0), (Argument(Unsigned(0)), Normal, 0), (Eol, Normal, 0)]
[(Address(264), Dim, 5), (Spacing(4), Normal, 0), (Opcode("cmp", 32784), Normal, 10), (Argument(Opaque("r1")), Normal, 0), (Basic(", "), Normal, 0), (Argument(Opaque("r0")), Normal, 0), (Eol, Normal, 0)]
[(Address(268), Dim, 5), (Spacing(4), Normal, 0), (Opcode("blt", 32772), Normal, 10), (BranchDest(308), Normal, 0), (BranchArrow(77), Rotating(12), 0), (Eol, Normal, 0)]
[(Address(272), Dim, 5), (Spacing(4), Normal, 0), (Opcode("cmpne", 32784), Normal, 10), (Argument(Opaque("r1")), Normal, 0), (Basic(", "), Normal, 0), (Basic("#"), Normal, 0), (Argument(Unsigned(0)), Normal, 0), (Eol, Normal, 0)]
[(Address(276), Dim, 5), (Spacing(4), Normal, 0), (Opcode("cmpne", 32784), Normal, 10), (Argument(Opaque("r1")), Normal, 0), (Basic(", "), Normal, 0), (Basic("#"), Normal, 0), (Argument(Unsigned(1)), Normal, 0), (Eol, Normal, 0)]
[(Address(280), Dim, 5), (Spacing(4), Normal, 0), (Opcode("beq", 32772), Normal, 10), (BranchDest(340), Normal, 0), (BranchArrow(85), Rotating(13), 0), (Eol, Normal, 0)]
[(Address(284), Dim, 5), (Spacing(4), Normal, 0), (Opcode("b", 32772), Normal, 10), (BranchDest(308), Normal, 0), (BranchArrow(77), Rotating(12), 0), (Eol, Normal, 0)]
[(Address(288), Dim, 5), (BranchArrow(61), Rotating(10), 0), (Opcode("cmp", 32784), Normal, 10), (Argument(Opaque("r1")), Normal, 0), (Basic(", "), Normal, 0), (Basic("#"), Normal, 0), (Argument(Unsigned(10)), Normal, 0), (Eol, Normal, 0)]
[(Address(292), Dim, 5), (Spacing(4), Normal, 0), (Opcode("bne", 32772), Normal, 10), (BranchDest(308), Normal, 0), (BranchArrow(77), Rotating(12), 0), (Eol, Normal, 0)]
[(Address(296), Dim, 5), (BranchArrow(62), Rotating(11), 0), (Opcode("mov", 32811), Normal, 10), (Argument(Opaque("r0")), Normal, 0), (Basic(", "), Normal, 0), (Argument(Opaque("r5")), Normal, 0), (Eol, Normal, 0)]
[(Address(300), Dim, 5), (Spacing(4), Normal, 0), (Opcode("bl", 32775), Normal, 10), (Symbol(Symbol { name: "_ZN13LinkStateBase18EquipItem_vfunc_28Ev", demangled_name: Some("LinkStateBase::EquipItem_vfunc_28()"), normalized_name: None, is_name_compiler_generated: false, address: 0, size: 0, kind: Unknown, section: None, flags: FlagSet(Global | Weak), align: None, virtual_address: None }), Bright, 0), (Addend(-8), Bright, 0), (Eol, Normal, 0)]
[(Address(304), Dim, 5), (Spacing(4), Normal, 0), (Opcode("b", 32772), Normal, 10), (BranchDest(340), Normal, 0), (BranchArrow(85), Rotating(13), 0), (Eol, Normal, 0)]
[(Address(308), Dim, 5), (BranchArrow(64), Rotating(12), 0), (Opcode("mov", 32811), Normal, 10), (Argument(Opaque("r0")), Normal, 0), (Basic(", "), Normal, 0), (Argument(Opaque("r5")), Normal, 0), (Eol, Normal, 0)]
[(Address(312), Dim, 5), (Spacing(4), Normal, 0), (Opcode("bl", 32775), Normal, 10), (Symbol(Symbol { name: "_ZN13LinkStateBase18EquipItem_vfunc_28Ev", demangled_name: Some("LinkStateBase::EquipItem_vfunc_28()"), normalized_name: None, is_name_compiler_generated: false, address: 0, size: 0, kind: Unknown, section: None, flags: FlagSet(Global | Weak), align: None, virtual_address: None }), Bright, 0), (Addend(-8), Bright, 0), (Eol, Normal, 0)]
[(Address(316), Dim, 5), (Spacing(4), Normal, 0), (Opcode("cmp", 32784), Normal, 10), (Argument(Opaque("r4")), Normal, 0), (Basic(", "), Normal, 0), (Basic("#"), Normal, 0), (Argument(Unsigned(4)), Normal, 0), (Eol, Normal, 0)]
[(Address(320), Dim, 5), (Spacing(4), Normal, 0), (Opcode("cmpne", 32784), Normal, 10), (Argument(Opaque("r4")), Normal, 0), (Basic(", "), Normal, 0), (Basic("#"), Normal, 0), (Argument(Unsigned(2)), Normal, 0), (Eol, Normal, 0)]
[(Address(324), Dim, 5), (Spacing(4), Normal, 0), (Opcode("beq", 32772), Normal, 10), (BranchDest(340), Normal, 0), (BranchArrow(85), Rotating(13), 0), (Eol, Normal, 0)]
[(Address(328), Dim, 5), (Spacing(4), Normal, 0), (Opcode("bl", 32775), Normal, 10), (Symbol(Symbol { name: "_ZN13LinkStateItem16GetLinkStateMoveEv", demangled_name: Some("LinkStateItem::GetLinkStateMove()"), normalized_name: None, is_name_compiler_generated: false, address: 488, size: 16, kind: Function, section: Some(0), flags: FlagSet(Global), align: None, virtual_address: None }), Bright, 0), (Addend(-8), Bright, 0), (Eol, Normal, 0)]
[(Address(332), Dim, 5), (Spacing(4), Normal, 0), (Opcode("mov", 32811), Normal, 10), (Argument(Opaque("r1")), Normal, 0), (Basic(", "), Normal, 0), (Basic("#"), Normal, 0), (Argument(Unsigned(1)), Normal, 0), (Eol, Normal, 0)]
[(Address(336), Dim, 5), (Spacing(4), Normal, 0), (Opcode("strb", 32885), Normal, 10), (Argument(Opaque("r1")), Normal, 0), (Basic(", "), Normal, 0), (Basic("["), Normal, 0), (Argument(Opaque("r0")), Normal, 0), (Basic(", "), Normal, 0), (Basic("#"), Normal, 0), (Argument(Signed(20)), Normal, 0), (Basic("]"), Normal, 0), (Eol, Normal, 0)]
[(Address(340), Dim, 5), (BranchArrow(70), Rotating(13), 0), (Opcode("mvn", 32819), Normal, 10), (Argument(Opaque("r0")), Normal, 0), (Basic(", "), Normal, 0), (Basic("#"), Normal, 0), (Argument(Unsigned(0)), Normal, 0), (Eol, Normal, 0)]
[(Address(344), Dim, 5), (Spacing(4), Normal, 0), (Opcode("add", 32769), Normal, 10), (Argument(Opaque("r6")), Normal, 0), (Basic(", "), Normal, 0), (Argument(Opaque("r5")), Normal, 0), (Basic(", "), Normal, 0), (Basic("#"), Normal, 0), (Argument(Unsigned(80)), Normal, 0), (Eol, Normal, 0)]
[(Address(348), Dim, 5), (Spacing(4), Normal, 0), (Opcode("add", 32769), Normal, 10), (Argument(Opaque("r4")), Normal, 0), (Basic(", "), Normal, 0), (Argument(Opaque("r5")), Normal, 0), (Basic(", "), Normal, 0), (Basic("#"), Normal, 0), (Argument(Unsigned(88)), Normal, 0), (Eol, Normal, 0)]
[(Address(352), Dim, 5), (Spacing(4), Normal, 0), (Opcode("str", 32884), Normal, 10), (Argument(Opaque("r0")), Normal, 0), (Basic(", "), Normal, 0), (Basic("["), Normal, 0), (Argument(Opaque("r5")), Normal, 0), (Basic(", "), Normal, 0), (Basic("#"), Normal, 0), (Argument(Signed(24)), Normal, 0), (Basic("]"), Normal, 0), (Eol, Normal, 0)]
[(Address(356), Dim, 5), (Spacing(4), Normal, 0), (Opcode("cmp", 32784), Normal, 10), (Argument(Opaque("r6")), Normal, 0), (Basic(", "), Normal, 0), (Argument(Opaque("r4")), Normal, 0), (Eol, Normal, 0)]
[(Address(360), Dim, 5), (Spacing(4), Normal, 0), (Opcode("beq", 32772), Normal, 10), (BranchDest(384), Normal, 0), (BranchArrow(96), Rotating(14), 0), (Eol, Normal, 0)]
[(Address(364), Dim, 5), (BranchArrow(95), Rotating(15), 0), (Opcode("mov", 32811), Normal, 10), (Argument(Opaque("r0")), Normal, 0), (Basic(", "), Normal, 0), (Argument(Opaque("r6")), Normal, 0), (Eol, Normal, 0)]
[(Address(368), Dim, 5), (Spacing(4), Normal, 0), (Opcode("bl", 32775), Normal, 10), (Symbol(Symbol { name: "_Z19func_ov000_020b7e6cPi", demangled_name: Some("func_ov000_020b7e6c(int*)"), normalized_name: None, is_name_compiler_generated: false, address: 0, size: 0, kind: Unknown, section: None, flags: FlagSet(Global | Weak), align: None, virtual_address: None }), Bright, 0), (Addend(-8), Bright, 0), (Eol, Normal, 0)]
[(Address(372), Dim, 5), (Spacing(4), Normal, 0), (Opcode("add", 32769), Normal, 10), (Argument(Opaque("r6")), Normal, 0), (Basic(", "), Normal, 0), (Argument(Opaque("r6")), Normal, 0), (Basic(", "), Normal, 0), (Basic("#"), Normal, 0), (Argument(Unsigned(4)), Normal, 0), (Eol, Normal, 0)]
[(Address(376), Dim, 5), (Spacing(4), Normal, 0), (Opcode("cmp", 32784), Normal, 10), (Argument(Opaque("r6")), Normal, 0), (Basic(", "), Normal, 0), (Argument(Opaque("r4")), Normal, 0), (Eol, Normal, 0)]
[(Address(380), Dim, 5), (Spacing(4), Normal, 0), (Opcode("bne", 32772), Normal, 10), (BranchDest(364), Normal, 0), (BranchArrow(91), Rotating(15), 0), (Eol, Normal, 0)]
[(Address(384), Dim, 5), (BranchArrow(90), Rotating(14), 0), (Opcode("ldr", 32792), Normal, 10), (Argument(Opaque("r0")), Normal, 0), (Basic(", "), Normal, 0), (Basic("["), Normal, 0), (Argument(Opaque("pc")), Normal, 0), (Basic(", "), Normal, 0), (Basic("#"), Normal, 0), (Argument(Signed(36)), Normal, 0), (Basic("]"), Normal, 0), (Basic(" (->"), Normal, 0), (BranchDest(428), Normal, 0), (Basic(")"), Normal, 0), (Eol, Normal, 0)]
[(Address(388), Dim, 5), (Spacing(4), Normal, 0), (Opcode("ldr", 32792), Normal, 10), (Argument(Opaque("r0")), Normal, 0), (Basic(", "), Normal, 0), (Basic("["), Normal, 0), (Argument(Opaque("r0")), Normal, 0), (Basic(", "), Normal, 0), (Basic("#"), Normal, 0), (Argument(Signed(0)), Normal, 0), (Basic("]"), Normal, 0), (Eol, Normal, 0)]
[(Address(392), Dim, 5), (Spacing(4), Normal, 0), (Opcode("ldrb", 32793), Normal, 10), (Argument(Opaque("r1")), Normal, 0), (Basic(", "), Normal, 0), (Basic("["), Normal, 0), (Argument(Opaque("r0")), Normal, 0), (Basic(", "), Normal, 0), (Basic("#"), Normal, 0), (Argument(Signed(128)), Normal, 0), (Basic("]"), Normal, 0), (Eol, Normal, 0)]
[(Address(396), Dim, 5), (Spacing(4), Normal, 0), (Opcode("cmp", 32784), Normal, 10), (Argument(Opaque("r1")), Normal, 0), (Basic(", "), Normal, 0), (Basic("#"), Normal, 0), (Argument(Unsigned(0)), Normal, 0), (Eol, Normal, 0)]
[(Address(400), Dim, 5), (Spacing(4), Normal, 0), (Opcode("beq", 32772), Normal, 10), (BranchDest(408), Normal, 0), (BranchArrow(102), Rotating(16), 0), (Eol, Normal, 0)]
[(Address(404), Dim, 5), (Spacing(4), Normal, 0), (Opcode("bl", 32775), Normal, 10), (Symbol(Symbol { name: "_ZN13PlayerControl13StopFollowingEv", demangled_name: Some("PlayerControl::StopFollowing()"), normalized_name: None, is_name_compiler_generated: false, address: 0, size: 0, kind: Unknown, section: None, flags: FlagSet(Global | Weak), align: None, virtual_address: None }), Bright, 0), (Addend(-8), Bright, 0), (Eol, Normal, 0)]
[(Address(408), Dim, 5), (BranchArrow(100), Rotating(16), 0), (Opcode("mov", 32811), Normal, 10), (Argument(Opaque("r0")), Normal, 0), (Basic(", "), Normal, 0), (Basic("#"), Normal, 0), (Argument(Unsigned(0)), Normal, 0), (Eol, Normal, 0)]
[(Address(412), Dim, 5), (Spacing(4), Normal, 0), (Opcode("strb", 32885), Normal, 10), (Argument(Opaque("r0")), Normal, 0), (Basic(", "), Normal, 0), (Basic("["), Normal, 0), (Argument(Opaque("r5")), Normal, 0), (Basic(", "), Normal, 0), (Basic("#"), Normal, 0), (Argument(Signed(38)), Normal, 0), (Basic("]"), Normal, 0), (Eol, Normal, 0)]
[(Address(416), Dim, 5), (Spacing(4), Normal, 0), (Opcode("ldmia", 32791), Normal, 10), (Argument(Opaque("sp")), Normal, 0), (Basic("!"), Normal, 0), (Basic(", "), Normal, 0), (Basic("{"), Normal, 0), (Argument(Opaque("r4")), Normal, 0), (Basic(", "), Normal, 0), (Argument(Opaque("r5")), Normal, 0), (Basic(", "), Normal, 0), (Argument(Opaque("r6")), Normal, 0), (Basic(", "), Normal, 0), (Argument(Opaque("pc")), Normal, 0), (Basic("}"), Normal, 0), (Eol, Normal, 0)]
[(Address(420), Dim, 5), (Spacing(4), Normal, 0), (Opcode(".word", 65534), Normal, 10), (Symbol(Symbol { name: "data_027e103c", demangled_name: None, normalized_name: None, is_name_compiler_generated: false, address: 0, size: 0, kind: Unknown, section: None, flags: FlagSet(Global | Weak), align: None, virtual_address: None }), Bright, 0), (Eol, Normal, 0)]
[(Address(424), Dim, 5), (BranchArrow(25), Rotating(8), 0), (Opcode(".word", 65534), Normal, 10), (Symbol(Symbol { name: "data_027e1098", demangled_name: None, normalized_name: None, is_name_compiler_generated: false, address: 0, size: 0, kind: Unknown, section: None, flags: FlagSet(Global | Weak), align: None, virtual_address: None }), Bright, 0), (Eol, Normal, 0)]
[(Address(428), Dim, 5), (Spacing(4), Normal, 0), (Opcode(".word", 65534), Normal, 10), (Symbol(Symbol { name: "gPlayerControl", demangled_name: None, normalized_name: None, is_name_compiler_generated: false, address: 0, size: 0, kind: Unknown, section: None, flags: FlagSet(Global | Weak), align: None, virtual_address: None }), Bright, 0), (Eol, Normal, 0)]
