---
source: objdiff-core/tests/macho.rs
expression: diff.instruction_rows
---
[
    InstructionDiffRow {
        ins_ref: Some(
            InstructionRef {
                address: 56,
                size: 4,
                opcode: 19,
                branch_dest: None,
            },
        ),
        kind: None,
        branch_from: None,
        branch_to: None,
        arg_diff: [],
    },
    InstructionDiffRow {
        ins_ref: Some(
            InstructionRef {
                address: 60,
                size: 4,
                opcode: 70,
                branch_dest: None,
            },
        ),
        kind: None,
        branch_from: None,
        branch_to: None,
        arg_diff: [],
    },
    InstructionDiffRow {
        ins_ref: Some(
            InstructionRef {
                address: 64,
                size: 4,
                opcode: 70,
                branch_dest: None,
            },
        ),
        kind: None,
        branch_from: None,
        branch_to: None,
        arg_diff: [],
    },
    InstructionDiffRow {
        ins_ref: Some(
            InstructionRef {
                address: 68,
                size: 4,
                opcode: 17,
                branch_dest: None,
            },
        ),
        kind: None,
        branch_from: None,
        branch_to: None,
        arg_diff: [],
    },
    InstructionDiffRow {
        ins_ref: Some(
            InstructionRef {
                address: 72,
                size: 4,
                opcode: 24,
                branch_dest: None,
            },
        ),
        kind: None,
        branch_from: None,
        branch_to: None,
        arg_diff: [],
    },
    InstructionDiffRow {
        ins_ref: Some(
            InstructionRef {
                address: 76,
                size: 4,
                opcode: 17,
                branch_dest: None,
            },
        ),
        kind: None,
        branch_from: None,
        branch_to: None,
        arg_diff: [],
    },
    InstructionDiffRow {
        ins_ref: Some(
            InstructionRef {
                address: 80,
                size: 4,
                opcode: 92,
                branch_dest: None,
            },
        ),
        kind: None,
        branch_from: None,
        branch_to: None,
        arg_diff: [],
    },
    InstructionDiffRow {
        ins_ref: Some(
            InstructionRef {
                address: 84,
                size: 4,
                opcode: 3,
                branch_dest: None,
            },
        ),
        kind: None,
        branch_from: None,
        branch_to: None,
        arg_diff: [],
    },
    InstructionDiffRow {
        ins_ref: Some(
            InstructionRef {
                address: 88,
                size: 4,
                opcode: 24,
                branch_dest: None,
            },
        ),
        kind: None,
        branch_from: None,
        branch_to: None,
        arg_diff: [],
    },
    InstructionDiffRow {
        ins_ref: Some(
            InstructionRef {
                address: 92,
                size: 4,
                opcode: 17,
                branch_dest: None,
            },
        ),
        kind: None,
        branch_from: None,
        branch_to: None,
        arg_diff: [],
    },
    InstructionDiffRow {
        ins_ref: Some(
            InstructionRef {
                address: 96,
                size: 4,
                opcode: 9,
                branch_dest: None,
            },
        ),
        kind: None,
        branch_from: Some(
            InstructionBranchFrom {
                ins_idx: [
                    17,
                ],
                branch_idx: 0,
            },
        ),
        branch_to: None,
        arg_diff: [],
    },
    InstructionDiffRow {
        ins_ref: Some(
            InstructionRef {
                address: 100,
                size: 4,
                opcode: 92,
                branch_dest: None,
            },
        ),
        kind: None,
        branch_from: None,
        branch_to: None,
        arg_diff: [],
    },
    InstructionDiffRow {
        ins_ref: Some(
            InstructionRef {
                address: 104,
                size: 4,
                opcode: 70,
                branch_dest: None,
            },
        ),
        kind: None,
        branch_from: None,
        branch_to: None,
        arg_diff: [],
    },
    InstructionDiffRow {
        ins_ref: Some(
            InstructionRef {
                address: 108,
                size: 4,
                opcode: 9,
                branch_dest: None,
            },
        ),
        kind: None,
        branch_from: None,
        branch_to: None,
        arg_diff: [],
    },
    InstructionDiffRow {
        ins_ref: Some(
            InstructionRef {
                address: 112,
                size: 4,
                opcode: 92,
                branch_dest: None,
            },
        ),
        kind: None,
        branch_from: None,
        branch_to: None,
        arg_diff: [],
    },
    InstructionDiffRow {
        ins_ref: Some(
            InstructionRef {
                address: 116,
                size: 4,
                opcode: 17,
                branch_dest: None,
            },
        ),
        kind: None,
        branch_from: None,
        branch_to: None,
        arg_diff: [],
    },
    InstructionDiffRow {
        ins_ref: Some(
            InstructionRef {
                address: 120,
                size: 4,
                opcode: 18,
                branch_dest: None,
            },
        ),
        kind: None,
        branch_from: None,
        branch_to: None,
        arg_diff: [],
    },
    InstructionDiffRow {
        ins_ref: Some(
            InstructionRef {
                address: 124,
                size: 4,
                opcode: 91,
                branch_dest: Some(
                    96,
                ),
            },
        ),
        kind: None,
        branch_from: None,
        branch_to: Some(
            InstructionBranchTo {
                ins_idx: 10,
                branch_idx: 0,
            },
        ),
        arg_diff: [],
    },
    InstructionDiffRow {
        ins_ref: Some(
            InstructionRef {
                address: 128,
                size: 4,
                opcode: 3,
                branch_dest: None,
            },
        ),
        kind: None,
        branch_from: None,
        branch_to: None,
        arg_diff: [],
    },
    InstructionDiffRow {
        ins_ref: Some(
            InstructionRef {
                address: 132,
                size: 4,
                opcode: 36,
                branch_dest: None,
            },
        ),
        kind: None,
        branch_from: None,
        branch_to: None,
        arg_diff: [],
    },
    InstructionDiffRow {
        ins_ref: Some(
            InstructionRef {
                address: 136,
                size: 4,
                opcode: 36,
                branch_dest: None,
            },
        ),
        kind: None,
        branch_from: None,
        branch_to: None,
        arg_diff: [],
    },
    InstructionDiffRow {
        ins_ref: Some(
            InstructionRef {
                address: 140,
                size: 4,
                opcode: 17,
                branch_dest: None,
            },
        ),
        kind: None,
        branch_from: None,
        branch_to: None,
        arg_diff: [],
    },
    InstructionDiffRow {
        ins_ref: Some(
            InstructionRef {
                address: 144,
                size: 4,
                opcode: 102,
                branch_dest: None,
            },
        ),
        kind: None,
        branch_from: None,
        branch_to: None,
        arg_diff: [],
    },
]
