---
source: objdiff-core/tests/macho.rs
expression: output
---
[(Address(0), Dim, 5), (Spacing(4), Normal, 0), (Opcode("stmdb", 32883), Normal, 10), (Argument(Opaque("sp")), Normal, 0), (Basic("!"), Normal, 0), (Basic(", "), Normal, 0), (Basic("{"), Normal, 0), (Argument(Opaque("r4")), Normal, 0), (Basic(", "), Normal, 0), (Argument(Opaque("r5")), Normal, 0), (Basic(", "), Normal, 0), (Argument(Opaque("r7")), Normal, 0), (Basic(", "), Normal, 0), (Argument(Opaque("lr")), Normal, 0), (Basic("}"), Normal, 0), (Eol, Normal, 0)]
[(Address(4), Dim, 5), (Spacing(4), Normal, 0), (Opcode("add", 32769), Normal, 10), (Argument(Opaque("r7")), Normal, 0), (Basic(", "), Normal, 0), (Argument(Opaque("sp")), Normal, 0), (Basic(", "), Normal, 0), (Basic("#"), Normal, 0), (Argument(Unsigned(8)), Normal, 0), (Eol, Normal, 0)]
[(Address(8), Dim, 5), (Spacing(4), Normal, 0), (Opcode("ldr", 32792), Normal, 10), (Argument(Opaque("r0")), Normal, 0), (Basic(", "), Normal, 0), (Basic("["), Normal, 0), (Argument(Opaque("pc")), Normal, 0), (Basic(", "), Normal, 0), (Basic("#"), Normal, 0), (Argument(Signed(64)), Normal, 0), (Basic("]"), Normal, 0), (Basic(" (->"), Normal, 0), (BranchDest(80), Normal, 0), (Basic(")"), Normal, 0), (Eol, Normal, 0)]
[(Address(12), Dim, 5), (Spacing(4), Normal, 0), (Opcode("add", 32769), Normal, 10), (Argument(Opaque("r0")), Normal, 0), (Basic(", "), Normal, 0), (Argument(Opaque("pc")), Normal, 0), (Basic(", "), Normal, 0), (Argument(Opaque("r0")), Normal, 0), (Eol, Normal, 0)]
[(Address(16), Dim, 5), (Spacing(4), Normal, 0), (Opcode("bl", 32775), Normal, 10), (Symbol(Symbol { name: "_puts", demangled_name: None, normalized_name: None, address: 0, size: 0, kind: Unknown, section: None, flags: FlagSet(Global), align: None, virtual_address: None }), Bright, 0), (Eol, Normal, 0)]
[(Address(20), Dim, 5), (Spacing(4), Normal, 0), (Opcode("mov", 32811), Normal, 10), (Argument(Opaque("r4")), Normal, 0), (Basic(", "), Normal, 0), (Basic("#"), Normal, 0), (Argument(Unsigned(0)), Normal, 0), (Eol, Normal, 0)]
[(Address(24), Dim, 5), (Spacing(4), Normal, 0), (Opcode("ldr", 32792), Normal, 10), (Argument(Opaque("r5")), Normal, 0), (Basic(", "), Normal, 0), (Basic("["), Normal, 0), (Argument(Opaque("pc")), Normal, 0), (Basic(", "), Normal, 0), (Basic("#"), Normal, 0), (Argument(Signed(52)), Normal, 0), (Basic("]"), Normal, 0), (Basic(" (->"), Normal, 0), (BranchDest(84), Normal, 0), (Basic(")"), Normal, 0), (Eol, Normal, 0)]
[(Address(28), Dim, 5), (Spacing(4), Normal, 0), (Opcode("add", 32769), Normal, 10), (Argument(Opaque("r5")), Normal, 0), (Basic(", "), Normal, 0), (Argument(Opaque("pc")), Normal, 0), (Basic(", "), Normal, 0), (Argument(Opaque("r5")), Normal, 0), (Eol, Normal, 0)]
[(Address(32), Dim, 5), (BranchArrow(17), Rotating(0), 0), (Opcode("mov", 32811), Normal, 10), (Argument(Opaque("r0")), Normal, 0), (Basic(", "), Normal, 0), (Argument(Opaque("r4")), Normal, 0), (Eol, Normal, 0)]
[(Address(36), Dim, 5), (Spacing(4), Normal, 0), (Opcode("bl", 32775), Normal, 10), (Symbol(Symbol { name: "__Z9fibonaccij", demangled_name: Some("fibonacci(unsigned int)"), normalized_name: None, address: 0, size: 92, kind: Function, section: Some(0), flags: FlagSet(Global | SizeInferred), align: None, virtual_address: None }), Bright, 0), (Eol, Normal, 0)]
[(Address(40), Dim, 5), (Spacing(4), Normal, 0), (Opcode("mov", 32811), Normal, 10), (Argument(Opaque("r2")), Normal, 0), (Basic(", "), Normal, 0), (Argument(Opaque("r0")), Normal, 0), (Eol, Normal, 0)]
[(Address(44), Dim, 5), (Spacing(4), Normal, 0), (Opcode("mov", 32811), Normal, 10), (Argument(Opaque("r3")), Normal, 0), (Basic(", "), Normal, 0), (Argument(Opaque("r1")), Normal, 0), (Eol, Normal, 0)]
[(Address(48), Dim, 5), (Spacing(4), Normal, 0), (Opcode("mov", 32811), Normal, 10), (Argument(Opaque("r0")), Normal, 0), (Basic(", "), Normal, 0), (Argument(Opaque("r5")), Normal, 0), (Eol, Normal, 0)]
[(Address(52), Dim, 5), (Spacing(4), Normal, 0), (Opcode("mov", 32811), Normal, 10), (Argument(Opaque("r1")), Normal, 0), (Basic(", "), Normal, 0), (Argument(Opaque("r4")), Normal, 0), (Eol, Normal, 0)]
[(Address(56), Dim, 5), (Spacing(4), Normal, 0), (Opcode("bl", 32775), Normal, 10), (Symbol(Symbol { name: "_printf", demangled_name: None, normalized_name: None, address: 0, size: 0, kind: Unknown, section: None, flags: FlagSet(Global), align: None, virtual_address: None }), Bright, 0), (Eol, Normal, 0)]
[(Address(60), Dim, 5), (Spacing(4), Normal, 0), (Opcode("add", 32769), Normal, 10), (Argument(Opaque("r4")), Normal, 0), (Basic(", "), Normal, 0), (Argument(Opaque("r4")), Normal, 0), (Basic(", "), Normal, 0), (Basic("#"), Normal, 0), (Argument(Unsigned(1)), Normal, 0), (Eol, Normal, 0)]
[(Address(64), Dim, 5), (Spacing(4), Normal, 0), (Opcode("cmp", 32784), Normal, 10), (Argument(Opaque("r4")), Normal, 0), (Basic(", "), Normal, 0), (Basic("#"), Normal, 0), (Argument(Unsigned(16)), Normal, 0), (Eol, Normal, 0)]
[(Address(68), Dim, 5), (Spacing(4), Normal, 0), (Opcode("bne", 32772), Normal, 10), (BranchDest(32), Normal, 0), (BranchArrow(8), Rotating(0), 0), (Eol, Normal, 0)]
[(Address(72), Dim, 5), (Spacing(4), Normal, 0), (Opcode("mov", 32811), Normal, 10), (Argument(Opaque("r0")), Normal, 0), (Basic(", "), Normal, 0), (Basic("#"), Normal, 0), (Argument(Unsigned(0)), Normal, 0), (Eol, Normal, 0)]
[(Address(76), Dim, 5), (Spacing(4), Normal, 0), (Opcode("ldmia", 32791), Normal, 10), (Argument(Opaque("sp")), Normal, 0), (Basic("!"), Normal, 0), (Basic(", "), Normal, 0), (Basic("{"), Normal, 0), (Argument(Opaque("r4")), Normal, 0), (Basic(", "), Normal, 0), (Argument(Opaque("r5")), Normal, 0), (Basic(", "), Normal, 0), (Argument(Opaque("r7")), Normal, 0), (Basic(", "), Normal, 0), (Argument(Opaque("pc")), Normal, 0), (Basic("}"), Normal, 0), (Eol, Normal, 0)]
[(Address(80), Dim, 5), (Spacing(4), Normal, 0), (Opcode("andeq", 32770), Normal, 10), (Argument(Opaque("r0")), Normal, 0), (Basic(", "), Normal, 0), (Argument(Opaque("r0")), Normal, 0), (Basic(", "), Normal, 0), (Argument(Opaque("r4")), Normal, 0), (Basic(", "), Normal, 0), (Argument(Opaque("asr")), Normal, 0), (Spacing(1), Normal, 0), (Argument(Opaque("r0")), Normal, 0), (Eol, Normal, 0)]
[(Address(84), Dim, 5), (Spacing(4), Normal, 0), (Opcode(".hword", 65534), Normal, 10), (Argument(Unsigned(52)), Normal, 0), (Eol, Normal, 0)]
